--------- beginning of /dev/log/system
D/BatteryService(  756): Sending ACTION_BATTERY_CHANGED.
W/ProcessCpuTracker(  756): Skipping unknown process pid 10961
D/STATUSBAR-PhoneStatusBar(  932):  mBrightnessEnablebySettings = true mBrightnessEnablebyBattery = true mBrightnessEnablebyDisableFlag = true mPmsBrightnessEnablebySettings = true
D/STATUSBAR-IconMerger(  932): checkOverflow(560), More:false, Req:false Child:5
D/BatteryMeterView(  932): ACTION_BATTERY_CHANGED : level:88 status:3 health:2isPlug: true
I/PowerManagerService(  756): [PWL] Off : 6s ago
I/PowerManagerService(  756): [PWL]   PowerManagerService.WakeLocks: ref count=1
I/PowerManagerService(  756): [PWL]     mWakeLockSummary : 0x1
I/PowerManagerService(  756): [PWL]       PARTIAL_WAKE_LOCK              'show keyguard' (uid=10016, pid=932, ws=null) (elapsedTime=511)
D/STATUSBAR-StatusBarManagerService(  756): manageDisableList what=0x1000000 pkg=com.android.keyguard
D/PowerManagerService(  756): [api] [s] userActivity : event: 3 flags: 0 (uid: 10016 pid: 932) eventTime = 132885121
V/KeyguardDisplayManager(  932): show
D/STATUSBAR-StatusBarManagerService(  756): manageDisableList what=0x2600000 pkg=WindowManager.LayoutParams
V/WindowManager(  756): rotationForOrientationLw(orient=2, last=3); user=3  sensorRotation=-1 mLidState=-1 mDockMode=0 mHdmiPlugged=false mAccelerometerDefault=false gripRotationLock=false
D/PowerManagerService(  756): [api] setUserActivityTimeoutOverrideFromWindowManagerInternal: timeoutMillis: 10000
D/PowerManagerService(  756): [api] setScreenDimDurationOverrideFromWindowManagerInternal: timeoutMillis: 0
D/PowerManagerService(  756): [api] setButtonTimeoutOverrideFromWindowManagerInternal: timeoutMillis: 10000
D/STATUSBAR-AirplaneModeQuickSettingButton(  932): onReceive : android.intent.action.CLOSE_SYSTEM_DIALOGS
D/PhoneStatusBar(  932): disable(): knoxCustomManager = android.app.enterprise.knoxcustom.KnoxCustomManager@42158b20
D/StatusBarManagerService(  756): w.tr p:932,o:t
D/SSRMv2  (  756): SIOP:: AP = 340 (0), Delta = 0
D/BatteryService(  756): !@BatteryListener : batteryPropertiesChanged!
D/BatteryService(  756): level:88, scale:100, status:3, health:2, present:true, voltage: 4330, temperature: 279, technology: Li-ion, AC powered:false, USB powered:true, Wireless powered:false, icon:17303663, invalid charger:0, online:4, current avg:423, charge type:2, power sharing:false, high voltage charger:false, capacity:280000, current_now:423
D/BatteryService(  756): Sending ACTION_BATTERY_CHANGED.
D/STATUSBAR-PhoneStatusBar(  932):  mBrightnessEnablebySettings = true mBrightnessEnablebyBattery = true mBrightnessEnablebyDisableFlag = true mPmsBrightnessEnablebySettings = true
D/BatteryMeterView(  932): ACTION_BATTERY_CHANGED : level:88 status:3 health:2isPlug: true
D/STATUSBAR-IconMerger(  932): checkOverflow(560), More:false, Req:false Child:5
I/PowerManagerService(  756): [PWL] Off : 16s ago
D/SSRMv2  (  756): SIOP:: AP = 330 (0), Delta = -10
E/Watchdog(  756): !@Sync 4428
V/AlarmManager(  756): waitForAlarm result :4
V/AlarmManager(  756): trigger ELAPSED_REALTIME_WAKEUP or RTC_WAKEUP
D/BatteryService(  756): !@BatteryListener : batteryPropertiesChanged!
D/BatteryService(  756): level:89, scale:100, status:3, health:2, present:true, voltage: 4330, temperature: 283, technology: Li-ion, AC powered:false, USB powered:true, Wireless powered:false, icon:17303663, invalid charger:0, online:4, current avg:383, charge type:2, power sharing:false, high voltage charger:false, capacity:280000, current_now:383
D/BatteryService(  756): Sending ACTION_BATTERY_CHANGED.
D/SSRMv2  (  756): SIOP:: AP = 330 (0), Delta = 0
D/STATUSBAR-PhoneStatusBar(  932):  mBrightnessEnablebySettings = true mBrightnessEnablebyBattery = true mBrightnessEnablebyDisableFlag = true mPmsBrightnessEnablebySettings = true
D/BatteryMeterView(  932): ACTION_BATTERY_CHANGED : level:89 status:3 health:2isPlug: true
D/STATUSBAR-IconMerger(  932): checkOverflow(560), More:false, Req:false Child:5
I/PowerManagerService(  756): [PWL] Off : 31s ago
V/AlarmManager(  756): waitForAlarm result :8
V/AlarmManager(  756): ClockReceiver onReceive() ACTION_TIME_TICK
D/STATUSBAR-IconMerger(  932): checkOverflow(560), More:false, Req:false Child:5
D/BatteryService(  756): !@BatteryListener : batteryPropertiesChanged!
D/BatteryService(  756): level:89, scale:100, status:3, health:2, present:true, voltage: 4335, temperature: 278, technology: Li-ion, AC powered:false, USB powered:true, Wireless powered:false, icon:17303663, invalid charger:0, online:4, current avg:413, charge type:2, power sharing:false, high voltage charger:false, capacity:280000, current_now:413
D/BatteryService(  756): Sending ACTION_BATTERY_CHANGED.
D/STATUSBAR-PhoneStatusBar(  932):  mBrightnessEnablebySettings = true mBrightnessEnablebyBattery = true mBrightnessEnablebyDisableFlag = true mPmsBrightnessEnablebySettings = true
D/BatteryMeterView(  932): ACTION_BATTERY_CHANGED : level:89 status:3 health:2isPlug: true
D/STATUSBAR-IconMerger(  932): checkOverflow(560), More:false, Req:false Child:5
D/SSRMv2  (  756): SIOP:: AP = 320 (0), Delta = -10
D/BatteryService(  756): !@BatteryListener : batteryPropertiesChanged!
D/BatteryService(  756): level:89, scale:100, status:3, health:2, present:true, voltage: 4335, temperature: 278, technology: Li-ion, AC powered:false, USB powered:true, Wireless powered:false, icon:17303663, invalid charger:0, online:4, current avg:417, charge type:2, power sharing:false, high voltage charger:false, capacity:280000, current_now:417
D/BatteryService(  756): Sending ACTION_BATTERY_CHANGED.
D/STATUSBAR-PhoneStatusBar(  932):  mBrightnessEnablebySettings = true mBrightnessEnablebyBattery = true mBrightnessEnablebyDisableFlag = true mPmsBrightnessEnablebySettings = true
D/BatteryMeterView(  932): ACTION_BATTERY_CHANGED : level:89 status:3 health:2isPlug: true
D/STATUSBAR-IconMerger(  932): checkOverflow(560), More:false, Req:false Child:5
D/SSRMv2  (  756): SIOP:: AP = 320 (0), Delta = 0
E/Watchdog(  756): !@Sync 4429
I/PowerManagerService(  756): [PWL] Off : 51s ago
D/BatteryService(  756): !@BatteryListener : batteryPropertiesChanged!
D/BatteryService(  756): level:89, scale:100, status:3, health:2, present:true, voltage: 4334, temperature: 278, technology: Li-ion, AC powered:false, USB powered:true, Wireless powered:false, icon:17303663, invalid charger:0, online:4, current avg:418, charge type:2, power sharing:false, high voltage charger:false, capacity:280000, current_now:418
D/BatteryService(  756): Sending ACTION_BATTERY_CHANGED.
D/STATUSBAR-PhoneStatusBar(  932):  mBrightnessEnablebySettings = true mBrightnessEnablebyBattery = true mBrightnessEnablebyDisableFlag = true mPmsBrightnessEnablebySettings = true
D/BatteryMeterView(  932): ACTION_BATTERY_CHANGED : level:89 status:3 health:2isPlug: true
D/SSRMv2  (  756): SIOP:: AP = 320 (0), Delta = 0
D/STATUSBAR-IconMerger(  932): checkOverflow(560), More:false, Req:false Child:5
D/BatteryService(  756): !@BatteryListener : batteryPropertiesChanged!
D/BatteryService(  756): level:89, scale:100, status:3, health:2, present:true, voltage: 4334, temperature: 278, technology: Li-ion, AC powered:false, USB powered:true, Wireless powered:false, icon:17303663, invalid charger:0, online:4, current avg:386, charge type:2, power sharing:false, high voltage charger:false, capacity:280000, current_now:386
D/BatteryService(  756): Sending ACTION_BATTERY_CHANGED.
D/SSRMv2  (  756): SIOP:: AP = 310 (0), Delta = -10
D/STATUSBAR-PhoneStatusBar(  932):  mBrightnessEnablebySettings = true mBrightnessEnablebyBattery = true mBrightnessEnablebyDisableFlag = true mPmsBrightnessEnablebySettings = true
D/BatteryMeterView(  932): ACTION_BATTERY_CHANGED : level:89 status:3 health:2isPlug: true
D/STATUSBAR-IconMerger(  932): checkOverflow(560), More:false, Req:false Child:5
I/PowerManagerService(  756): [PWL] Off : 76s ago
D/BatteryService(  756): !@BatteryListener : batteryPropertiesChanged!
D/BatteryService(  756): level:89, scale:100, status:3, health:2, present:true, voltage: 4339, temperature: 277, technology: Li-ion, AC powered:false, USB powered:true, Wireless powered:false, icon:17303663, invalid charger:0, online:4, current avg:416, charge type:2, power sharing:false, high voltage charger:false, capacity:280000, current_now:416
D/BatteryService(  756): Sending ACTION_BATTERY_CHANGED.
D/SSRMv2  (  756): SIOP:: AP = 310 (0), Delta = 0
D/STATUSBAR-PhoneStatusBar(  932):  mBrightnessEnablebySettings = true mBrightnessEnablebyBattery = true mBrightnessEnablebyDisableFlag = true mPmsBrightnessEnablebySettings = true
D/BatteryMeterView(  932): ACTION_BATTERY_CHANGED : level:89 status:3 health:2isPlug: true
D/STATUSBAR-IconMerger(  932): checkOverflow(560), More:false, Req:false Child:5
E/Watchdog(  756): !@Sync 4430
D/BatteryService(  756): !@BatteryListener : batteryPropertiesChanged!
D/BatteryService(  756): level:89, scale:100, status:3, health:2, present:true, voltage: 4338, temperature: 276, technology: Li-ion, AC powered:false, USB powered:true, Wireless powered:false, icon:17303663, invalid charger:0, online:4, current avg:412, charge type:2, power sharing:false, high voltage charger:false, capacity:280000, current_now:412
D/BatteryService(  756): Sending ACTION_BATTERY_CHANGED.
D/STATUSBAR-PhoneStatusBar(  932):  mBrightnessEnablebySettings = true mBrightnessEnablebyBattery = true mBrightnessEnablebyDisableFlag = true mPmsBrightnessEnablebySettings = true
--------- beginning of /dev/log/main
V/HeadsetService( 1741): HeadsetService - Received Intent.ACTION_BATTERY_CHANGED
D/HeadsetStateMachine( 1741): Disconnected process message: 10
D/BatteryMeterView(  932): ACTION_BATTERY_CHANGED : level:89 status:3 health:2isPlug: true
D/STATUSBAR-IconMerger(  932): checkOverflow(560), More:false, Req:false Child:5
D/SSRMv2  (  756): SIOP:: AP = 310 (0), Delta = 0
V/AlarmManager(  756): waitForAlarm result :8
V/AlarmManager(  756): ClockReceiver onReceive() ACTION_TIME_TICK
D/KeyguardUpdateMonitor(  932): received broadcast android.intent.action.TIME_TICK
D/KeyguardUpdateMonitor(  932): handleTimeUpdate
D/STATUSBAR-IconMerger(  932): checkOverflow(560), More:false, Req:false Child:5
D/SecKeyguardClock(  932): updateClock()
D/KeyguardProperties(  932): isIgnoreNationalRoaming() = false
D/SecKeyguardClock(  932): isShowClock = true, isDualClock = true, isNetworkRoaming = false, !isEasyUxOn = true, isHometimeExist = false, isEmergencyOn = false, isShowInformation = true
D/KeyguardProperties(  932): regionalDateFormat = 22/11/3333 isRTLlanguage = false returnDateFormat = E, d MMMM
D/KeyguardProperties(  932): regionalDateFormat = 22/11/3333 isRTLlanguage = false returnDateFormat = E, d MMMM
D/SecKeyguardClock(  932): updateSingleClock(): 17:08
D/SecKeyguardClock(  932): HomeTimezone(): 0
D/SecKeyguardClock(  932): size=1 fontSize=115 lp.leftMargin=-7
D/SecKeyguardClock(  932): refreshAlarm(): 
D/SecMyProfile(  932): pkg=com.monotype.android.font.samsungsansfile=fonts/Samsungsans.ttf
D/KeyguardProperties(  932): regionalDateFormat = 22/11/3333 isRTLlanguage = false returnDateFormat = E, d MMMM
D/SecMyProfile(  932): refreshAlarm(): 
D/BatteryService(  756): !@BatteryListener : batteryPropertiesChanged!
D/BatteryService(  756): level:89, scale:100, status:3, health:2, present:true, voltage: 4339, temperature: 276, technology: Li-ion, AC powered:false, USB powered:true, Wireless powered:false, icon:17303663, invalid charger:0, online:4, current avg:410, charge type:2, power sharing:false, high voltage charger:false, capacity:280000, current_now:410
D/BatteryService(  756): Sending ACTION_BATTERY_CHANGED.
D/KeyguardUpdateMonitor(  932): received broadcast android.intent.action.BATTERY_CHANGED
D/KeyguardUpdateMonitor(  932): handleBatteryUpdate
V/HeadsetService( 1741): HeadsetService - Received Intent.ACTION_BATTERY_CHANGED
D/HeadsetStateMachine( 1741): Disconnected process message: 10
D/STATUSBAR-PhoneStatusBar(  932):  mBrightnessEnablebySettings = true mBrightnessEnablebyBattery = true mBrightnessEnablebyDisableFlag = true mPmsBrightnessEnablebySettings = true
D/BatteryMeterView(  932): ACTION_BATTERY_CHANGED : level:89 status:3 health:2isPlug: true
D/SSRMv2  (  756): SIOP:: AP = 310 (0), Delta = 0
D/STATUSBAR-IconMerger(  932): checkOverflow(560), More:false, Req:false Child:5
I/PowerManagerService(  756): [PWL] Off : 106s ago
E/Watchdog(  756): !@Sync 4431
D/BatteryService(  756): !@BatteryListener : batteryPropertiesChanged!
D/BatteryService(  756): level:89, scale:100, status:3, health:2, present:true, voltage: 4338, temperature: 277, technology: Li-ion, AC powered:false, USB powered:true, Wireless powered:false, icon:17303663, invalid charger:0, online:4, current avg:405, charge type:2, power sharing:false, high voltage charger:false, capacity:280000, current_now:405
D/BatteryService(  756): Sending ACTION_BATTERY_CHANGED.
D/KeyguardUpdateMonitor(  932): received broadcast android.intent.action.BATTERY_CHANGED
D/KeyguardUpdateMonitor(  932): handleBatteryUpdate
D/STATUSBAR-PhoneStatusBar(  932):  mBrightnessEnablebySettings = true mBrightnessEnablebyBattery = true mBrightnessEnablebyDisableFlag = true mPmsBrightnessEnablebySettings = true
V/HeadsetService( 1741): HeadsetService - Received Intent.ACTION_BATTERY_CHANGED
D/HeadsetStateMachine( 1741): Disconnected process message: 10
D/SSRMv2  (  756): SIOP:: AP = 310 (0), Delta = 0
D/BatteryMeterView(  932): ACTION_BATTERY_CHANGED : level:89 status:3 health:2isPlug: true
D/STATUSBAR-IconMerger(  932): checkOverflow(560), More:false, Req:false Child:5
D/BatteryService(  756): !@BatteryListener : batteryPropertiesChanged!
D/KeyguardUpdateMonitor(  932): received broadcast android.intent.action.BATTERY_CHANGED
D/KeyguardUpdateMonitor(  932): handleBatteryUpdate
D/BatteryService(  756): level:89, scale:100, status:3, health:2, present:true, voltage: 4341, temperature: 275, technology: Li-ion, AC powered:false, USB powered:true, Wireless powered:false, icon:17303663, invalid charger:0, online:4, current avg:414, charge type:2, power sharing:false, high voltage charger:false, capacity:280000, current_now:414
D/BatteryService(  756): Sending ACTION_BATTERY_CHANGED.
V/HeadsetService( 1741): HeadsetService - Received Intent.ACTION_BATTERY_CHANGED
D/HeadsetStateMachine( 1741): Disconnected process message: 10
D/STATUSBAR-PhoneStatusBar(  932):  mBrightnessEnablebySettings = true mBrightnessEnablebyBattery = true mBrightnessEnablebyDisableFlag = true mPmsBrightnessEnablebySettings = true
D/BatteryMeterView(  932): ACTION_BATTERY_CHANGED : level:89 status:3 health:2isPlug: true
D/SSRMv2  (  756): SIOP:: AP = 310 (0), Delta = 0
D/STATUSBAR-IconMerger(  932): checkOverflow(560), More:false, Req:false Child:5
D/BatteryService(  756): !@BatteryListener : batteryPropertiesChanged!
D/BatteryService(  756): level:89, scale:100, status:3, health:2, present:true, voltage: 4340, temperature: 275, technology: Li-ion, AC powered:false, USB powered:true, Wireless powered:false, icon:17303663, invalid charger:0, online:4, current avg:403, charge type:2, power sharing:false, high voltage charger:false, capacity:280000, current_now:403
D/BatteryService(  756): Sending ACTION_BATTERY_CHANGED.
D/KeyguardUpdateMonitor(  932): received broadcast android.intent.action.BATTERY_CHANGED
D/KeyguardUpdateMonitor(  932): handleBatteryUpdate
V/HeadsetService( 1741): HeadsetService - Received Intent.ACTION_BATTERY_CHANGED
D/HeadsetStateMachine( 1741): Disconnected process message: 10
D/STATUSBAR-PhoneStatusBar(  932):  mBrightnessEnablebySettings = true mBrightnessEnablebyBattery = true mBrightnessEnablebyDisableFlag = true mPmsBrightnessEnablebySettings = true
D/BatteryMeterView(  932): ACTION_BATTERY_CHANGED : level:89 status:3 health:2isPlug: true
D/STATUSBAR-IconMerger(  932): checkOverflow(560), More:false, Req:false Child:5
D/SSRMv2  (  756): SIOP:: AP = 310 (0), Delta = 0
E/Watchdog(  756): !@Sync 4432
I/PowerManagerService(  756): [PWL] Off : 141s ago
D/BatteryService(  756): !@BatteryListener : batteryPropertiesChanged!
D/BatteryService(  756): level:89, scale:100, status:3, health:2, present:true, voltage: 4341, temperature: 275, technology: Li-ion, AC powered:false, USB powered:true, Wireless powered:false, icon:17303663, invalid charger:0, online:4, current avg:415, charge type:2, power sharing:false, high voltage charger:false, capacity:280000, current_now:415
D/BatteryService(  756): Sending ACTION_BATTERY_CHANGED.
D/KeyguardUpdateMonitor(  932): received broadcast android.intent.action.BATTERY_CHANGED
D/KeyguardUpdateMonitor(  932): handleBatteryUpdate
V/HeadsetService( 1741): HeadsetService - Received Intent.ACTION_BATTERY_CHANGED
D/HeadsetStateMachine( 1741): Disconnected process message: 10
D/STATUSBAR-PhoneStatusBar(  932):  mBrightnessEnablebySettings = true mBrightnessEnablebyBattery = true mBrightnessEnablebyDisableFlag = true mPmsBrightnessEnablebySettings = true
D/BatteryMeterView(  932): ACTION_BATTERY_CHANGED : level:89 status:3 health:2isPlug: true
D/STATUSBAR-IconMerger(  932): checkOverflow(560), More:false, Req:false Child:5
D/SSRMv2  (  756): SIOP:: AP = 310 (0), Delta = 0
D/BatteryService(  756): !@BatteryListener : batteryPropertiesChanged!
D/BatteryService(  756): level:89, scale:100, status:3, health:2, present:true, voltage: 4340, temperature: 275, technology: Li-ion, AC powered:false, USB powered:true, Wireless powered:false, icon:17303663, invalid charger:0, online:4, current avg:416, charge type:2, power sharing:false, high voltage charger:false, capacity:280000, current_now:416
D/BatteryService(  756): Sending ACTION_BATTERY_CHANGED.
D/KeyguardUpdateMonitor(  932): received broadcast android.intent.action.BATTERY_CHANGED
D/KeyguardUpdateMonitor(  932): handleBatteryUpdate
V/HeadsetService( 1741): HeadsetService - Received Intent.ACTION_BATTERY_CHANGED
D/HeadsetStateMachine( 1741): Disconnected process message: 10
D/SSRMv2  (  756): SIOP:: AP = 300 (0), Delta = -10
D/STATUSBAR-PhoneStatusBar(  932):  mBrightnessEnablebySettings = true mBrightnessEnablebyBattery = true mBrightnessEnablebyDisableFlag = true mPmsBrightnessEnablebySettings = true
D/BatteryMeterView(  932): ACTION_BATTERY_CHANGED : level:89 status:3 health:2isPlug: true
D/STATUSBAR-IconMerger(  932): checkOverflow(560), More:false, Req:false Child:5
V/AlarmManager(  756): waitForAlarm result :8
D/KeyguardUpdateMonitor(  932): received broadcast android.intent.action.TIME_TICK
V/AlarmManager(  756): ClockReceiver onReceive() ACTION_TIME_TICK
D/KeyguardUpdateMonitor(  932): handleTimeUpdate
D/STATUSBAR-IconMerger(  932): checkOverflow(560), More:false, Req:false Child:5
D/SecKeyguardClock(  932): updateClock()
D/KeyguardProperties(  932): isIgnoreNationalRoaming() = false
D/SecKeyguardClock(  932): isShowClock = true, isDualClock = true, isNetworkRoaming = false, !isEasyUxOn = true, isHometimeExist = false, isEmergencyOn = false, isShowInformation = true
D/KeyguardProperties(  932): regionalDateFormat = 22/11/3333 isRTLlanguage = false returnDateFormat = E, d MMMM
D/KeyguardProperties(  932): regionalDateFormat = 22/11/3333 isRTLlanguage = false returnDateFormat = E, d MMMM
D/SecKeyguardClock(  932): updateSingleClock(): 17:09
D/SecKeyguardClock(  932): HomeTimezone(): 0
D/SecKeyguardClock(  932): size=1 fontSize=115 lp.leftMargin=-7
D/SecKeyguardClock(  932): refreshAlarm(): 
D/SecMyProfile(  932): pkg=com.monotype.android.font.samsungsansfile=fonts/Samsungsans.ttf
D/KeyguardProperties(  932): regionalDateFormat = 22/11/3333 isRTLlanguage = false returnDateFormat = E, d MMMM
D/SecMyProfile(  932): refreshAlarm(): 
D/SSRMv2  (  756): SIOP:: AP = 300 (0), Delta = 0
V/AlarmManager(  756): waitForAlarm result :4
V/AlarmManager(  756): trigger ELAPSED_REALTIME_WAKEUP or RTC_WAKEUP
D/BatteryService(  756): !@BatteryListener : batteryPropertiesChanged!
D/KeyguardUpdateMonitor(  932): received broadcast android.intent.action.BATTERY_CHANGED
D/KeyguardUpdateMonitor(  932): handleBatteryUpdate
D/BatteryService(  756): level:89, scale:100, status:3, health:2, present:true, voltage: 4338, temperature: 275, technology: Li-ion, AC powered:false, USB powered:true, Wireless powered:false, icon:17303663, invalid charger:0, online:4, current avg:404, charge type:2, power sharing:false, high voltage charger:false, capacity:280000, current_now:404
D/BatteryService(  756): Sending ACTION_BATTERY_CHANGED.
D/STATUSBAR-PhoneStatusBar(  932):  mBrightnessEnablebySettings = true mBrightnessEnablebyBattery = true mBrightnessEnablebyDisableFlag = true mPmsBrightnessEnablebySettings = true
V/HeadsetService( 1741): HeadsetService - Received Intent.ACTION_BATTERY_CHANGED
D/HeadsetStateMachine( 1741): Disconnected process message: 10
D/BatteryMeterView(  932): ACTION_BATTERY_CHANGED : level:89 status:3 health:2isPlug: true
D/STATUSBAR-IconMerger(  932): checkOverflow(560), More:false, Req:false Child:5
D/GCM     ( 4578): Message class com.google.f.a.a.i
D/ConnectivityManager( 4578): getActiveNetworkInfo : NetworkInfo: type: WIFI[], state: CONNECTED/CONNECTED, reason: (unspecified), roaming: false, failover: false, isAvailable: true, isConnectedToProvisioningNetwork: false
D/ConnectivityManager( 4578): getActiveNetworkInfo : NetworkInfo: type: WIFI[], state: CONNECTED/CONNECTED, reason: (unspecified), roaming: false, failover: false, isAvailable: true, isConnectedToProvisioningNetwork: false
V/AlarmManager(  756):  next == MAX_VALUE
D/ConnectivityManager(  932): getActiveNetworkInfo : NetworkInfo: type: WIFI[], state: CONNECTED/CONNECTED, reason: (unspecified), roaming: false, failover: false, isAvailable: true, isConnectedToProvisioningNetwork: false
D/ConnectivityService(  756): handleInetConditionHoldEnd: net=1, condition=100, published condition=100
D/STATUSBAR-NetworkController(  932): onReceive() - CONNECTIVITY_ACTION, INET_CONDITION_ACTION
D/STATUSBAR-NetworkController(  932): getUpdateDataNetType() - mDataNetType:0
D/STATUSBAR-NetworkController(  932): updateDataNetType()
D/STATUSBAR-NetworkController(  932): NoService, mRoamingIconId = 0
D/StatusBar.NetworkController(  932): WifiType neither 802.11AC nor MIMO - do nothing
E/Watchdog(  756): !@Sync 4433
D/SSRMv2  (  756): SIOP:: AP = 300 (0), Delta = 0
D/BatteryService(  756): !@BatteryListener : batteryPropertiesChanged!
D/BatteryService(  756): level:89, scale:100, status:3, health:2, present:true, voltage: 4338, temperature: 275, technology: Li-ion, AC powered:false, USB powered:true, Wireless powered:false, icon:17303663, invalid charger:0, online:4, current avg:409, charge type:2, power sharing:false, high voltage charger:false, capacity:280000, current_now:409
D/BatteryService(  756): Sending ACTION_BATTERY_CHANGED.
D/KeyguardUpdateMonitor(  932): received broadcast android.intent.action.BATTERY_CHANGED
V/HeadsetService( 1741): HeadsetService - Received Intent.ACTION_BATTERY_CHANGED
D/HeadsetStateMachine( 1741): Disconnected process message: 10
D/KeyguardUpdateMonitor(  932): handleBatteryUpdate
D/STATUSBAR-PhoneStatusBar(  932):  mBrightnessEnablebySettings = true mBrightnessEnablebyBattery = true mBrightnessEnablebyDisableFlag = true mPmsBrightnessEnablebySettings = true
D/BatteryMeterView(  932): ACTION_BATTERY_CHANGED : level:89 status:3 health:2isPlug: true
D/STATUSBAR-IconMerger(  932): checkOverflow(560), More:false, Req:false Child:5
I/PowerManagerService(  756): [PWL] Off : 181s ago
D/SSRMv2  (  756): SIOP:: AP = 300 (0), Delta = 0
D/BatteryService(  756): !@BatteryListener : batteryPropertiesChanged!
D/KeyguardUpdateMonitor(  932): received broadcast android.intent.action.BATTERY_CHANGED
D/KeyguardUpdateMonitor(  932): handleBatteryUpdate
D/BatteryService(  756): level:89, scale:100, status:3, health:2, present:true, voltage: 4342, temperature: 274, technology: Li-ion, AC powered:false, USB powered:true, Wireless powered:false, icon:17303663, invalid charger:0, online:4, current avg:413, charge type:2, power sharing:false, high voltage charger:false, capacity:280000, current_now:413
D/BatteryService(  756): Sending ACTION_BATTERY_CHANGED.
V/HeadsetService( 1741): HeadsetService - Received Intent.ACTION_BATTERY_CHANGED
D/HeadsetStateMachine( 1741): Disconnected process message: 10
D/STATUSBAR-PhoneStatusBar(  932):  mBrightnessEnablebySettings = true mBrightnessEnablebyBattery = true mBrightnessEnablebyDisableFlag = true mPmsBrightnessEnablebySettings = true
D/BatteryMeterView(  932): ACTION_BATTERY_CHANGED : level:89 status:3 health:2isPlug: true
D/STATUSBAR-IconMerger(  932): checkOverflow(560), More:false, Req:false Child:5
D/SSRMv2  (  756): SIOP:: AP = 300 (0), Delta = 0
D/BatteryService(  756): !@BatteryListener : batteryPropertiesChanged!
D/BatteryService(  756): level:89, scale:100, status:3, health:2, present:true, voltage: 4342, temperature: 274, technology: Li-ion, AC powered:false, USB powered:true, Wireless powered:false, icon:17303663, invalid charger:0, online:4, current avg:412, charge type:2, power sharing:false, high voltage charger:false, capacity:280000, current_now:412
D/BatteryService(  756): Sending ACTION_BATTERY_CHANGED.
D/KeyguardUpdateMonitor(  932): received broadcast android.intent.action.BATTERY_CHANGED
D/KeyguardUpdateMonitor(  932): handleBatteryUpdate
V/HeadsetService( 1741): HeadsetService - Received Intent.ACTION_BATTERY_CHANGED
D/HeadsetStateMachine( 1741): Disconnected process message: 10
D/STATUSBAR-PhoneStatusBar(  932):  mBrightnessEnablebySettings = true mBrightnessEnablebyBattery = true mBrightnessEnablebyDisableFlag = true mPmsBrightnessEnablebySettings = true
D/BatteryMeterView(  932): ACTION_BATTERY_CHANGED : level:89 status:3 health:2isPlug: true
D/STATUSBAR-IconMerger(  932): checkOverflow(560), More:false, Req:false Child:5
E/Watchdog(  756): !@Sync 4434
D/SSRMv2  (  756): SIOP:: AP = 300 (0), Delta = 0
D/BatteryService(  756): !@BatteryListener : batteryPropertiesChanged!
D/BatteryService(  756): level:89, scale:100, status:3, health:2, present:true, voltage: 4343, temperature: 274, technology: Li-ion, AC powered:false, USB powered:true, Wireless powered:false, icon:17303663, invalid charger:0, online:4, current avg:404, charge type:2, power sharing:false, high voltage charger:false, capacity:280000, current_now:404
D/BatteryService(  756): Sending ACTION_BATTERY_CHANGED.
D/        (  756): TIMA: tima-pkm-check event req_len=7792,resp_len=4104!
D/        (  756): TIMA: tima-pkm-check event call to open backend shared_mem_len=7792!
D/        (  756): TAL: TIMA_backend_open--int8_t TIMA_backend_open(void**, appID, uint32_t, uint32_t)
D/        (  756): TIMA: QCOM_backend_open--int8_t QCOM_backend_open(void**, appID, uint32_t, uint32_t)
D/QSEECOMAPI: (  756): App is already loaded QSEE and app id = 3
D/        (  756): TIMA: tima-pkm--TZAPPS is already loaded!
D/        (  756): TAL: TIMA_PKM_measure_kernel--int8_t TIMA_PKM_measure_kernel(TIMA_handle_t, void*, uint32_t, void*, uint32_t, uint32_t)
D/        (  756): TIMA: QCOM_send_command--int8_t QCOM_send_command(TIMA_handle_t, void*, uint32_t, void*, uint32_t, uint32_t)
D/        (  756): rsp_len = 1008 rcvd_data_len = 1040, self_calculate_len=1040
D/KeyguardUpdateMonitor(  932): received broadcast android.intent.action.BATTERY_CHANGED
D/KeyguardUpdateMonitor(  932): handleBatteryUpdate
D/TimaService(  756): TIMA: TimaService scheduler is intialized. 
D/TimaService(  756): TIMA: checkEvent, operation: 50000 subject: 10000
D/TimaService(  756): TimaServiceHandler.handleMessage what =1
D/STATUSBAR-PhoneStatusBar(  932):  mBrightnessEnablebySettings = true mBrightnessEnablebyBattery = true mBrightnessEnablebyDisableFlag = true mPmsBrightnessEnablebySettings = true
D/        (  756): TIMA: QCOM_send_command result--0
D/        (  756): TIMA_PKM_measure_kernel returns with resp..ret=512!
D/        (  756): TAL: TIMA_PKM_measure_kernel--int8_t TIMA_PKM_measure_kernel(TIMA_handle_t, void*, uint32_t, void*, uint32_t, uint32_t)
D/        (  756): TIMA: QCOM_send_command--int8_t QCOM_send_command(TIMA_handle_t, void*, uint32_t, void*, uint32_t, uint32_t)
D/        (  756): rsp_len = 1008 rcvd_data_len = 1040, self_calculate_len=1040
V/HeadsetService( 1741): HeadsetService - Received Intent.ACTION_BATTERY_CHANGED
D/HeadsetStateMachine( 1741): Disconnected process message: 10
D/        (  756): TIMA: QCOM_send_command result--0
D/        (  756): TIMA_PKM_measure_kernel returns with resp..ret=512!
D/        (  756): TAL: TIMA_PKM_measure_kernel--int8_t TIMA_PKM_measure_kernel(TIMA_handle_t, void*, uint32_t, void*, uint32_t, uint32_t)
D/        (  756): TIMA: QCOM_send_command--int8_t QCOM_send_command(TIMA_handle_t, void*, uint32_t, void*, uint32_t, uint32_t)
D/        (  756): rsp_len = 1008 rcvd_data_len = 1040, self_calculate_len=1040
D/        (  756): TIMA: QCOM_send_command result--0
D/        (  756): TIMA_PKM_measure_kernel returns with resp..ret=512!
D/        (  756): TAL: TIMA_PKM_measure_kernel--int8_t TIMA_PKM_measure_kernel(TIMA_handle_t, void*, uint32_t, void*, uint32_t, uint32_t)
D/        (  756): TIMA: QCOM_send_command--int8_t QCOM_send_command(TIMA_handle_t, void*, uint32_t, void*, uint32_t, uint32_t)
D/        (  756): rsp_len = 1008 rcvd_data_len = 1040, self_calculate_len=1040
D/        (  756): TIMA: QCOM_send_command result--0
D/        (  756): TIMA_PKM_measure_kernel returns with resp..ret=512!
D/        (  756): TAL: TIMA_PKM_measure_kernel--int8_t TIMA_PKM_measure_kernel(TIMA_handle_t, void*, uint32_t, void*, uint32_t, uint32_t)
D/        (  756): TIMA: QCOM_send_command--int8_t QCOM_send_command(TIMA_handle_t, void*, uint32_t, void*, uint32_t, uint32_t)
D/        (  756): rsp_len = 1008 rcvd_data_len = 1040, self_calculate_len=1040
D/STATUSBAR-IconMerger(  932): checkOverflow(560), More:false, Req:false Child:5
D/BatteryMeterView(  932): ACTION_BATTERY_CHANGED : level:89 status:3 health:2isPlug: true
D/        (  756): TIMA: QCOM_send_command result--0
D/        (  756): TIMA_PKM_measure_kernel returns with resp..ret=512!
D/        (  756): TAL: TIMA_PKM_measure_kernel--int8_t TIMA_PKM_measure_kernel(TIMA_handle_t, void*, uint32_t, void*, uint32_t, uint32_t)
D/        (  756): TIMA: QCOM_send_command--int8_t QCOM_send_command(TIMA_handle_t, void*, uint32_t, void*, uint32_t, uint32_t)
D/        (  756): rsp_len = 1008 rcvd_data_len = 1040, self_calculate_len=1040
D/        (  756): TIMA: QCOM_send_command result--0
D/        (  756): TIMA_PKM_measure_kernel returns with resp..ret=512!
D/        (  756): TAL: TIMA_PKM_measure_kernel--int8_t TIMA_PKM_measure_kernel(TIMA_handle_t, void*, uint32_t, void*, uint32_t, uint32_t)
D/        (  756): TIMA: QCOM_send_command--int8_t QCOM_send_command(TIMA_handle_t, void*, uint32_t, void*, uint32_t, uint32_t)
D/        (  756): rsp_len = 1008 rcvd_data_len = 1040, self_calculate_len=1040
D/        (  756): TIMA: QCOM_send_command result--0
D/        (  756): TIMA_PKM_measure_kernel returns with resp..ret=512!
D/        (  756): TAL: TIMA_PKM_measure_kernel--int8_t TIMA_PKM_measure_kernel(TIMA_handle_t, void*, uint32_t, void*, uint32_t, uint32_t)
D/        (  756): TIMA: QCOM_send_command--int8_t QCOM_send_command(TIMA_handle_t, void*, uint32_t, void*, uint32_t, uint32_t)
D/        (  756): rsp_len = 1008 rcvd_data_len = 1040, self_calculate_len=1040
D/        (  756): TIMA: QCOM_send_command result--0
D/        (  756): TIMA_PKM_measure_kernel returns with resp..ret=512!
D/        (  756): TAL: TIMA_PKM_measure_kernel--int8_t TIMA_PKM_measure_kernel(TIMA_handle_t, void*, uint32_t, void*, uint32_t, uint32_t)
D/        (  756): TIMA: QCOM_send_command--int8_t QCOM_send_command(TIMA_handle_t, void*, uint32_t, void*, uint32_t, uint32_t)
D/        (  756): rsp_len = 1008 rcvd_data_len = 1040, self_calculate_len=1040
D/        (  756): TIMA: QCOM_send_command result--0
D/        (  756): TIMA_PKM_measure_kernel returns with resp..ret=512!
D/        (  756): TAL: TIMA_PKM_measure_kernel--int8_t TIMA_PKM_measure_kernel(TIMA_handle_t, void*, uint32_t, void*, uint32_t, uint32_t)
D/        (  756): TIMA: QCOM_send_command--int8_t QCOM_send_command(TIMA_handle_t, void*, uint32_t, void*, uint32_t, uint32_t)
D/        (  756): rsp_len = 1008 rcvd_data_len = 1040, self_calculate_len=1040
D/        (  756): TIMA: QCOM_send_command result--0
D/        (  756): TIMA_PKM_measure_kernel returns with resp..ret=512!
D/        (  756): TAL: TIMA_PKM_measure_kernel--int8_t TIMA_PKM_measure_kernel(TIMA_handle_t, void*, uint32_t, void*, uint32_t, uint32_t)
D/        (  756): TIMA: QCOM_send_command--int8_t QCOM_send_command(TIMA_handle_t, void*, uint32_t, void*, uint32_t, uint32_t)
D/        (  756): rsp_len = 1008 rcvd_data_len = 1040, self_calculate_len=1040
D/        (  756): TIMA: QCOM_send_command result--0
D/        (  756): TIMA_PKM_measure_kernel returns with resp..ret=512!
D/        (  756): TAL: TIMA_PKM_measure_kernel--int8_t TIMA_PKM_measure_kernel(TIMA_handle_t, void*, uint32_t, void*, uint32_t, uint32_t)
D/        (  756): TIMA: QCOM_send_command--int8_t QCOM_send_command(TIMA_handle_t, void*, uint32_t, void*, uint32_t, uint32_t)
D/        (  756): rsp_len = 1008 rcvd_data_len = 1040, self_calculate_len=1040
D/        (  756): TIMA: QCOM_send_command result--0
D/        (  756): TIMA_PKM_measure_kernel returns with resp..ret=512!
D/        (  756): TAL: TIMA_PKM_measure_kernel--int8_t TIMA_PKM_measure_kernel(TIMA_handle_t, void*, uint32_t, void*, uint32_t, uint32_t)
D/        (  756): TIMA: QCOM_send_command--int8_t QCOM_send_command(TIMA_handle_t, void*, uint32_t, void*, uint32_t, uint32_t)
D/        (  756): rsp_len = 1008 rcvd_data_len = 1040, self_calculate_len=1040
D/        (  756): TIMA: QCOM_send_command result--0
D/        (  756): TIMA_PKM_measure_kernel returns with resp..ret=512!
D/        (  756): TAL: TIMA_PKM_measure_kernel--int8_t TIMA_PKM_measure_kernel(TIMA_handle_t, void*, uint32_t, void*, uint32_t, uint32_t)
D/        (  756): TIMA: QCOM_send_command--int8_t QCOM_send_command(TIMA_handle_t, void*, uint32_t, void*, uint32_t, uint32_t)
D/        (  756): rsp_len = 1008 rcvd_data_len = 1040, self_calculate_len=1040
D/        (  756): TIMA: QCOM_send_command result--0
D/        (  756): TIMA_PKM_measure_kernel returns with resp..ret=512!
D/        (  756): TAL: TIMA_PKM_measure_kernel--int8_t TIMA_PKM_measure_kernel(TIMA_handle_t, void*, uint32_t, void*, uint32_t, uint32_t)
D/        (  756): TIMA: QCOM_send_command--int8_t QCOM_send_command(TIMA_handle_t, void*, uint32_t, void*, uint32_t, uint32_t)
D/        (  756): rsp_len = 1008 rcvd_data_len = 1040, self_calculate_len=1040
D/        (  756): TIMA: QCOM_send_command result--0
D/        (  756): TIMA_PKM_measure_kernel returns with resp..ret=512!
D/        (  756): TAL: TIMA_PKM_measure_kernel--int8_t TIMA_PKM_measure_kernel(TIMA_handle_t, void*, uint32_t, void*, uint32_t, uint32_t)
D/        (  756): TIMA: QCOM_send_command--int8_t QCOM_send_command(TIMA_handle_t, void*, uint32_t, void*, uint32_t, uint32_t)
D/        (  756): rsp_len = 1008 rcvd_data_len = 1040, self_calculate_len=1040
D/        (  756): TIMA: QCOM_send_command result--0
D/        (  756): TIMA_PKM_measure_kernel returns with resp..ret=512!
D/        (  756): TAL: TIMA_PKM_measure_kernel--int8_t TIMA_PKM_measure_kernel(TIMA_handle_t, void*, uint32_t, void*, uint32_t, uint32_t)
D/        (  756): TIMA: QCOM_send_command--int8_t QCOM_send_command(TIMA_handle_t, void*, uint32_t, void*, uint32_t, uint32_t)
D/        (  756): rsp_len = 1008 rcvd_data_len = 1040, self_calculate_len=1040
D/        (  756): TIMA: QCOM_send_command result--0
D/        (  756): TIMA_PKM_measure_kernel returns with resp..ret=512!
D/        (  756): TAL: TIMA_PKM_measure_kernel--int8_t TIMA_PKM_measure_kernel(TIMA_handle_t, void*, uint32_t, void*, uint32_t, uint32_t)
D/        (  756): TIMA: QCOM_send_command--int8_t QCOM_send_command(TIMA_handle_t, void*, uint32_t, void*, uint32_t, uint32_t)
D/        (  756): rsp_len = 1008 rcvd_data_len = 1040, self_calculate_len=1040
D/        (  756): TIMA: QCOM_send_command result--0
D/        (  756): TIMA_PKM_measure_kernel returns with resp..ret=512!
D/        (  756): TAL: TIMA_PKM_measure_kernel--int8_t TIMA_PKM_measure_kernel(TIMA_handle_t, void*, uint32_t, void*, uint32_t, uint32_t)
D/        (  756): TIMA: QCOM_send_command--int8_t QCOM_send_command(TIMA_handle_t, void*, uint32_t, void*, uint32_t, uint32_t)
D/        (  756): rsp_len = 1008 rcvd_data_len = 1040, self_calculate_len=1040
D/        (  756): TIMA: QCOM_send_command result--0
D/        (  756): TIMA_PKM_measure_kernel returns with resp..ret=512!
D/        (  756): TAL: TIMA_PKM_measure_kernel--int8_t TIMA_PKM_measure_kernel(TIMA_handle_t, void*, uint32_t, void*, uint32_t, uint32_t)
D/        (  756): TIMA: QCOM_send_command--int8_t QCOM_send_command(TIMA_handle_t, void*, uint32_t, void*, uint32_t, uint32_t)
D/        (  756): rsp_len = 1008 rcvd_data_len = 1040, self_calculate_len=1040
D/        (  756): TIMA: QCOM_send_command result--0
D/        (  756): TIMA_PKM_measure_kernel returns with resp..ret=512!
D/        (  756): TAL: TIMA_PKM_measure_kernel--int8_t TIMA_PKM_measure_kernel(TIMA_handle_t, void*, uint32_t, void*, uint32_t, uint32_t)
D/        (  756): TIMA: QCOM_send_command--int8_t QCOM_send_command(TIMA_handle_t, void*, uint32_t, void*, uint32_t, uint32_t)
D/        (  756): rsp_len = 1008 rcvd_data_len = 1040, self_calculate_len=1040
D/        (  756): TIMA: QCOM_send_command result--0
D/        (  756): TIMA_PKM_measure_kernel returns with resp..ret=512!
D/        (  756): TAL: TIMA_PKM_measure_kernel--int8_t TIMA_PKM_measure_kernel(TIMA_handle_t, void*, uint32_t, void*, uint32_t, uint32_t)
D/        (  756): TIMA: QCOM_send_command--int8_t QCOM_send_command(TIMA_handle_t, void*, uint32_t, void*, uint32_t, uint32_t)
D/        (  756): rsp_len = 1008 rcvd_data_len = 1040, self_calculate_len=1040
D/        (  756): TIMA: QCOM_send_command result--0
D/        (  756): TIMA_PKM_measure_kernel returns with resp..ret=512!
D/        (  756): TAL: TIMA_PKM_measure_kernel--int8_t TIMA_PKM_measure_kernel(TIMA_handle_t, void*, uint32_t, void*, uint32_t, uint32_t)
D/        (  756): TIMA: QCOM_send_command--int8_t QCOM_send_command(TIMA_handle_t, void*, uint32_t, void*, uint32_t, uint32_t)
D/        (  756): rsp_len = 1008 rcvd_data_len = 1040, self_calculate_len=1040
D/        (  756): TIMA: QCOM_send_command result--0
D/        (  756): TIMA_PKM_measure_kernel returns with resp..ret=512!
D/        (  756): TAL: TIMA_PKM_measure_kernel--int8_t TIMA_PKM_measure_kernel(TIMA_handle_t, void*, uint32_t, void*, uint32_t, uint32_t)
D/        (  756): TIMA: QCOM_send_command--int8_t QCOM_send_command(TIMA_handle_t, void*, uint32_t, void*, uint32_t, uint32_t)
D/        (  756): rsp_len = 1008 rcvd_data_len = 1040, self_calculate_len=1040
D/        (  756): TIMA: QCOM_send_command result--0
D/        (  756): TIMA_PKM_measure_kernel returns with resp..ret=512!
D/        (  756): TAL: TIMA_PKM_measure_kernel--int8_t TIMA_PKM_measure_kernel(TIMA_handle_t, void*, uint32_t, void*, uint32_t, uint32_t)
D/        (  756): TIMA: QCOM_send_command--int8_t QCOM_send_command(TIMA_handle_t, void*, uint32_t, void*, uint32_t, uint32_t)
D/        (  756): rsp_len = 1008 rcvd_data_len = 1040, self_calculate_len=1040
D/        (  756): TIMA: QCOM_send_command result--0
D/        (  756): TIMA_PKM_measure_kernel returns with resp..ret=512!
D/        (  756): TAL: TIMA_PKM_measure_kernel--int8_t TIMA_PKM_measure_kernel(TIMA_handle_t, void*, uint32_t, void*, uint32_t, uint32_t)
D/        (  756): TIMA: QCOM_send_command--int8_t QCOM_send_command(TIMA_handle_t, void*, uint32_t, void*, uint32_t, uint32_t)
D/        (  756): rsp_len = 1008 rcvd_data_len = 1040, self_calculate_len=1040
D/        (  756): TIMA: QCOM_send_command result--0
D/        (  756): TIMA_PKM_measure_kernel returns with resp..ret=512!
D/        (  756): TAL: TIMA_PKM_measure_kernel--int8_t TIMA_PKM_measure_kernel(TIMA_handle_t, void*, uint32_t, void*, uint32_t, uint32_t)
D/        (  756): TIMA: QCOM_send_command--int8_t QCOM_send_command(TIMA_handle_t, void*, uint32_t, void*, uint32_t, uint32_t)
D/        (  756): rsp_len = 1008 rcvd_data_len = 1040, self_calculate_len=1040
D/        (  756): TIMA: QCOM_send_command result--0
D/        (  756): TIMA_PKM_measure_kernel returns with resp..ret=512!
D/        (  756): TAL: TIMA_PKM_measure_kernel--int8_t TIMA_PKM_measure_kernel(TIMA_handle_t, void*, uint32_t, void*, uint32_t, uint32_t)
D/        (  756): TIMA: QCOM_send_command--int8_t QCOM_send_command(TIMA_handle_t, void*, uint32_t, void*, uint32_t, uint32_t)
D/        (  756): rsp_len = 1008 rcvd_data_len = 1040, self_calculate_len=1040
D/        (  756): TIMA: QCOM_send_command result--0
D/        (  756): TIMA_PKM_measure_kernel returns with resp..ret=512!
D/        (  756): TAL: TIMA_PKM_measure_kernel--int8_t TIMA_PKM_measure_kernel(TIMA_handle_t, void*, uint32_t, void*, uint32_t, uint32_t)
D/        (  756): TIMA: QCOM_send_command--int8_t QCOM_send_command(TIMA_handle_t, void*, uint32_t, void*, uint32_t, uint32_t)
D/        (  756): rsp_len = 1008 rcvd_data_len = 1040, self_calculate_len=1040
D/        (  756): TIMA: QCOM_send_command result--0
D/        (  756): TIMA_PKM_measure_kernel returns with resp..ret=512!
D/        (  756): TAL: TIMA_PKM_measure_kernel--int8_t TIMA_PKM_measure_kernel(TIMA_handle_t, void*, uint32_t, void*, uint32_t, uint32_t)
D/        (  756): TIMA: QCOM_send_command--int8_t QCOM_send_command(TIMA_handle_t, void*, uint32_t, void*, uint32_t, uint32_t)
D/        (  756): rsp_len = 1008 rcvd_data_len = 1040, self_calculate_len=1040
D/        (  756): TIMA: QCOM_send_command result--0
D/        (  756): TIMA_PKM_measure_kernel returns with resp..ret=512!
D/        (  756): TAL: TIMA_PKM_measure_kernel--int8_t TIMA_PKM_measure_kernel(TIMA_handle_t, void*, uint32_t, void*, uint32_t, uint32_t)
D/        (  756): TIMA: QCOM_send_command--int8_t QCOM_send_command(TIMA_handle_t, void*, uint32_t, void*, uint32_t, uint32_t)
D/        (  756): rsp_len = 1008 rcvd_data_len = 1040, self_calculate_len=1040
D/        (  756): TIMA: QCOM_send_command result--0
D/        (  756): TIMA_PKM_measure_kernel returns with resp..ret=512!
D/        (  756): TAL: TIMA_PKM_measure_kernel--int8_t TIMA_PKM_measure_kernel(TIMA_handle_t, void*, uint32_t, void*, uint32_t, uint32_t)
D/        (  756): TIMA: QCOM_send_command--int8_t QCOM_send_command(TIMA_handle_t, void*, uint32_t, void*, uint32_t, uint32_t)
D/        (  756): rsp_len = 1008 rcvd_data_len = 1040, self_calculate_len=1040
D/        (  756): TIMA: QCOM_send_command result--0
D/        (  756): TIMA_PKM_measure_kernel returns with resp..ret=512!
D/        (  756): TAL: TIMA_PKM_measure_kernel--int8_t TIMA_PKM_measure_kernel(TIMA_handle_t, void*, uint32_t, void*, uint32_t, uint32_t)
D/        (  756): TIMA: QCOM_send_command--int8_t QCOM_send_command(TIMA_handle_t, void*, uint32_t, void*, uint32_t, uint32_t)
D/        (  756): rsp_len = 1008 rcvd_data_len = 1040, self_calculate_len=1040
D/        (  756): TIMA: QCOM_send_command result--0
D/        (  756): TIMA_PKM_measure_kernel returns with resp..ret=512!
D/        (  756): TAL: TIMA_PKM_measure_kernel--int8_t TIMA_PKM_measure_kernel(TIMA_handle_t, void*, uint32_t, void*, uint32_t, uint32_t)
D/        (  756): TIMA: QCOM_send_command--int8_t QCOM_send_command(TIMA_handle_t, void*, uint32_t, void*, uint32_t, uint32_t)
D/        (  756): rsp_len = 1008 rcvd_data_len = 1040, self_calculate_len=1040
D/        (  756): TIMA: QCOM_send_command result--0
D/        (  756): TIMA_PKM_measure_kernel returns with resp..ret=512!
D/        (  756): TAL: TIMA_PKM_measure_kernel--int8_t TIMA_PKM_measure_kernel(TIMA_handle_t, void*, uint32_t, void*, uint32_t, uint32_t)
D/        (  756): TIMA: QCOM_send_command--int8_t QCOM_send_command(TIMA_handle_t, void*, uint32_t, void*, uint32_t, uint32_t)
D/        (  756): rsp_len = 1008 rcvd_data_len = 1040, self_calculate_len=1040
D/        (  756): TIMA: QCOM_send_command result--0
D/        (  756): TIMA_PKM_measure_kernel returns with resp..ret=512!
D/        (  756): TAL: TIMA_PKM_measure_kernel--int8_t TIMA_PKM_measure_kernel(TIMA_handle_t, void*, uint32_t, void*, uint32_t, uint32_t)
D/        (  756): TIMA: QCOM_send_command--int8_t QCOM_send_command(TIMA_handle_t, void*, uint32_t, void*, uint32_t, uint32_t)
D/        (  756): rsp_len = 1008 rcvd_data_len = 1040, self_calculate_len=1040
D/        (  756): TIMA: QCOM_send_command result--0
D/        (  756): TIMA_PKM_measure_kernel returns with resp..ret=512!
D/        (  756): TAL: TIMA_PKM_measure_kernel--int8_t TIMA_PKM_measure_kernel(TIMA_handle_t, void*, uint32_t, void*, uint32_t, uint32_t)
D/        (  756): TIMA: QCOM_send_command--int8_t QCOM_send_command(TIMA_handle_t, void*, uint32_t, void*, uint32_t, uint32_t)
D/        (  756): rsp_len = 1008 rcvd_data_len = 1040, self_calculate_len=1040
D/        (  756): TIMA: QCOM_send_command result--0
D/        (  756): TIMA_PKM_measure_kernel returns with resp..ret=512!
D/        (  756): TAL: TIMA_PKM_measure_kernel--int8_t TIMA_PKM_measure_kernel(TIMA_handle_t, void*, uint32_t, void*, uint32_t, uint32_t)
D/        (  756): TIMA: QCOM_send_command--int8_t QCOM_send_command(TIMA_handle_t, void*, uint32_t, void*, uint32_t, uint32_t)
D/        (  756): rsp_len = 1008 rcvd_data_len = 1040, self_calculate_len=1040
D/        (  756): TIMA: QCOM_send_command result--0
D/        (  756): TIMA_PKM_measure_kernel returns with resp..ret=512!
D/        (  756): TAL: TIMA_PKM_measure_kernel--int8_t TIMA_PKM_measure_kernel(TIMA_handle_t, void*, uint32_t, void*, uint32_t, uint32_t)
D/        (  756): TIMA: QCOM_send_command--int8_t QCOM_send_command(TIMA_handle_t, void*, uint32_t, void*, uint32_t, uint32_t)
D/        (  756): rsp_len = 1008 rcvd_data_len = 1040, self_calculate_len=1040
D/        (  756): TIMA: QCOM_send_command result--0
D/        (  756): TIMA_PKM_measure_kernel returns with resp..ret=512!
D/        (  756): TAL: TIMA_PKM_measure_kernel--int8_t TIMA_PKM_measure_kernel(TIMA_handle_t, void*, uint32_t, void*, uint32_t, uint32_t)
D/        (  756): TIMA: QCOM_send_command--int8_t QCOM_send_command(TIMA_handle_t, void*, uint32_t, void*, uint32_t, uint32_t)
D/        (  756): rsp_len = 1008 rcvd_data_len = 1040, self_calculate_len=1040
D/        (  756): TIMA: QCOM_send_command result--0
D/        (  756): TIMA_PKM_measure_kernel returns with resp..ret=512!
D/        (  756): TAL: TIMA_PKM_measure_kernel--int8_t TIMA_PKM_measure_kernel(TIMA_handle_t, void*, uint32_t, void*, uint32_t, uint32_t)
D/        (  756): TIMA: QCOM_send_command--int8_t QCOM_send_command(TIMA_handle_t, void*, uint32_t, void*, uint32_t, uint32_t)
D/        (  756): rsp_len = 1008 rcvd_data_len = 1040, self_calculate_len=1040
D/        (  756): TIMA: QCOM_send_command result--0
D/        (  756): TIMA_PKM_measure_kernel returns with resp..ret=512!
D/        (  756): TAL: TIMA_PKM_measure_kernel--int8_t TIMA_PKM_measure_kernel(TIMA_handle_t, void*, uint32_t, void*, uint32_t, uint32_t)
D/        (  756): TIMA: QCOM_send_command--int8_t QCOM_send_command(TIMA_handle_t, void*, uint32_t, void*, uint32_t, uint32_t)
D/        (  756): rsp_len = 1008 rcvd_data_len = 1040, self_calculate_len=1040
D/        (  756): TIMA: QCOM_send_command result--0
D/        (  756): TIMA_PKM_measure_kernel returns with resp..ret=512!
D/        (  756): TAL: TIMA_PKM_measure_kernel--int8_t TIMA_PKM_measure_kernel(TIMA_handle_t, void*, uint32_t, void*, uint32_t, uint32_t)
D/        (  756): TIMA: QCOM_send_command--int8_t QCOM_send_command(TIMA_handle_t, void*, uint32_t, void*, uint32_t, uint32_t)
D/        (  756): rsp_len = 1008 rcvd_data_len = 1040, self_calculate_len=1040
D/        (  756): TIMA: QCOM_send_command result--0
D/        (  756): TIMA_PKM_measure_kernel returns with resp..ret=512!
D/        (  756): TAL: TIMA_PKM_measure_kernel--int8_t TIMA_PKM_measure_kernel(TIMA_handle_t, void*, uint32_t, void*, uint32_t, uint32_t)
D/        (  756): TIMA: QCOM_send_command--int8_t QCOM_send_command(TIMA_handle_t, void*, uint32_t, void*, uint32_t, uint32_t)
D/        (  756): rsp_len = 1008 rcvd_data_len = 1040, self_calculate_len=1040
D/        (  756): TIMA: QCOM_send_command result--0
D/        (  756): TIMA_PKM_measure_kernel returns with resp..ret=512!
D/        (  756): TAL: TIMA_PKM_measure_kernel--int8_t TIMA_PKM_measure_kernel(TIMA_handle_t, void*, uint32_t, void*, uint32_t, uint32_t)
D/        (  756): TIMA: QCOM_send_command--int8_t QCOM_send_command(TIMA_handle_t, void*, uint32_t, void*, uint32_t, uint32_t)
D/        (  756): rsp_len = 1008 rcvd_data_len = 1040, self_calculate_len=1040
D/        (  756): TIMA: QCOM_send_command result--0
D/        (  756): TIMA_PKM_measure_kernel returns with resp..ret=512!
D/        (  756): TAL: TIMA_PKM_measure_kernel--int8_t TIMA_PKM_measure_kernel(TIMA_handle_t, void*, uint32_t, void*, uint32_t, uint32_t)
D/        (  756): TIMA: QCOM_send_command--int8_t QCOM_send_command(TIMA_handle_t, void*, uint32_t, void*, uint32_t, uint32_t)
D/        (  756): rsp_len = 1008 rcvd_data_len = 1040, self_calculate_len=1040
D/        (  756): TIMA: QCOM_send_command result--0
D/        (  756): TIMA_PKM_measure_kernel returns with resp..ret=512!
D/        (  756): TAL: TIMA_PKM_measure_kernel--int8_t TIMA_PKM_measure_kernel(TIMA_handle_t, void*, uint32_t, void*, uint32_t, uint32_t)
D/        (  756): TIMA: QCOM_send_command--int8_t QCOM_send_command(TIMA_handle_t, void*, uint32_t, void*, uint32_t, uint32_t)
D/        (  756): rsp_len = 1008 rcvd_data_len = 1040, self_calculate_len=1040
D/        (  756): TIMA: QCOM_send_command result--0
D/        (  756): TIMA_PKM_measure_kernel returns with resp..ret=512!
D/        (  756): TAL: TIMA_PKM_measure_kernel--int8_t TIMA_PKM_measure_kernel(TIMA_handle_t, void*, uint32_t, void*, uint32_t, uint32_t)
