D/ConnectivityManager( 4578): getActiveNetworkInfo : NetworkInfo: type: WIFI[], state: CONNECTED/CONNECTED, reason: (unspecified), roaming: false, failover: false, isAvailable: true, isConnectedToProvisioningNetwork: false
V/AlarmManager(  756):  next == MAX_VALUE
V/PerformBackupTask(  756): Beginning backup of 3 targets
D/PerformBackupTask(  756): invokeAgentForBackup on @pm@
E/ActivityManager(  756): checkUser: useridlist=null, currentuser=0
E/ActivityManager(  756): checkUser: useridlist=null, currentuser=0
E/ActivityManager(  756): checkUser: useridlist=null, currentuser=0
E/ActivityManager(  756): checkUser: useridlist=null, currentuser=0
I/SELinux (18162): Function: selinux_android_load_priority , priority [3] , priority version is VE=SEPF_SM-T530NN_4.4.4_0042
V/BackupServiceBinder(  756): doBackup() invoked
I/EventLogService(13436): Aggregate from 1438097566659 (log), 1438097566659 (data)
I/PerformBackupTask(  756): no backup data written; not calling transport
D/PerformBackupTask(  756): starting agent for backup of BackupRequest{pkg=com.google.android.googlequicksearchbox}
E/ActivityManager(  756): checkUser: useridlist=null, currentuser=0
E/ActivityManager(  756): checkUser: useridlist=null, currentuser=0
E/ActivityManager(  756): checkUser: useridlist=null, currentuser=0
E/ActivityManager(  756): checkUser: useridlist=null, currentuser=0
I/SELinux (18186): Function: selinux_android_load_priority , priority [3] , priority version is VE=SEPF_SM-T530NN_4.4.4_0042
D/BackupManagerService(  756): awaiting agent for ApplicationInfo{43841710 com.google.android.googlequicksearchbox}
D/dalvikvm(  240): GC_EXPLICIT freed 48K, 67% free 4948K/14876K, paused 3ms+4ms, total 34ms
D/dalvikvm(  240): GC_EXPLICIT freed <1K, 67% free 4948K/14876K, paused 3ms+4ms, total 30ms
D/dalvikvm(  240): GC_EXPLICIT freed <1K, 67% free 4948K/14876K, paused 2ms+4ms, total 28ms
E/dalvikvm(18162): Could not find class 'android.app.Notification$Action$Builder', referenced from method b.a
W/dalvikvm(18162): VFY: unable to resolve new-instance 406 (Landroid/app/Notification$Action$Builder;) in Lb;
D/dalvikvm(18162): VFY: replacing opcode 0x22 at 0x0000
W/dalvikvm(18162): Unable to resolve superclass of Lal; (751)
W/dalvikvm(18162): Link of class 'Lal;' failed
E/dalvikvm(18162): Could not find class 'al', referenced from method b.a
W/dalvikvm(18162): VFY: unable to resolve new-instance 304 (Lal;) in Lb;
D/dalvikvm(18162): VFY: replacing opcode 0x22 at 0x0006
W/dalvikvm(18162): Unable to resolve superclass of Lan; (751)
W/dalvikvm(18162): Link of class 'Lan;' failed
E/dalvikvm(18162): Could not find class 'an', referenced from method b.a
W/dalvikvm(18162): VFY: unable to resolve new-instance 358 (Lan;) in Lb;
D/dalvikvm(18162): VFY: replacing opcode 0x22 at 0x002a
I/dalvikvm(18162): Could not find method android.view.ViewGroup.isTransitionGroup, referenced from method b.a
W/dalvikvm(18162): VFY: unable to resolve virtual method 5514: Landroid/view/ViewGroup;.isTransitionGroup ()Z
D/dalvikvm(18162): VFY: replacing opcode 0x6e at 0x000c
I/dalvikvm(18162): Could not find method android.view.View.getTransitionName, referenced from method b.a
W/dalvikvm(18162): VFY: unable to resolve virtual method 5338: Landroid/view/View;.getTransitionName ()Ljava/lang/String;
D/dalvikvm(18162): VFY: replacing opcode 0x6e at 0x0006
W/dalvikvm(18162): VFY: unable to find class referenced in signature ([Landroid/app/RemoteInput;)
E/dalvikvm(18162): Could not find class 'android.app.RemoteInput[]', referenced from method b.a
W/dalvikvm(18162): VFY: unable to resolve new-array 11899 ([Landroid/app/RemoteInput;) in Lb;
D/dalvikvm(18162): VFY: replacing opcode 0x23 at 0x0005
D/ConnectivityManager(  932): getActiveNetworkInfo : NetworkInfo: type: WIFI[], state: CONNECTED/CONNECTED, reason: (unspecified), roaming: false, failover: false, isAvailable: true, isConnectedToProvisioningNetwork: false
D/ConnectivityService(  756): handleInetConditionHoldEnd: net=1, condition=100, published condition=100
D/STATUSBAR-NetworkController(  932): onReceive() - CONNECTIVITY_ACTION, INET_CONDITION_ACTION
D/STATUSBAR-NetworkController(  932): getUpdateDataNetType() - mDataNetType:0
D/STATUSBAR-NetworkController(  932): updateDataNetType()
D/STATUSBAR-NetworkController(  932): NoService, mRoamingIconId = 0
D/StatusBar.NetworkController(  932): WifiType neither 802.11AC nor MIMO - do nothing
D/dalvikvm(18162): DexOpt: unable to opt direct call 0x0943 at 0x0e in Lb;.a
W/dalvikvm(18162): Unable to resolve superclass of Lal; (751)
W/dalvikvm(18162): Link of class 'Lal;' failed
D/dalvikvm(18162): DexOpt: unable to opt direct call 0x06b7 at 0x08 in Lb;.a
I/dalvikvm(18186): Could not find method android.view.ViewAnimationUtils.createCircularReveal, referenced from method com.android.launcher3.Launcher.a
W/dalvikvm(18186): VFY: unable to resolve static method 5689: Landroid/view/ViewAnimationUtils;.createCircularReveal (Landroid/view/View;IIFF)Landroid/animation/Animator;
D/dalvikvm(18186): VFY: replacing opcode 0x71 at 0x0241
W/dalvikvm(18162): Unable to resolve superclass of Lan; (751)
W/dalvikvm(18162): Link of class 'Lan;' failed
D/dalvikvm(18162): DexOpt: unable to opt direct call 0x0830 at 0x2c in Lb;.a
D/dalvikvm(18162): DexOpt: unable to opt direct call 0x098b at 0x13 in Lb;.a
W/ActivityManager(  756): Permission Denial: getCurrentUser() from pid=18162, uid=10155 requires android.permission.INTERACT_ACROSS_USERS
I/dalvikvm(18162): Could not find method android.content.pm.PackageManager.getPackageInstaller, referenced from method dwv.a
W/dalvikvm(18162): VFY: unable to resolve virtual method 2695: Landroid/content/pm/PackageManager;.getPackageInstaller ()Landroid/content/pm/PackageInstaller;
D/dalvikvm(18162): VFY: replacing opcode 0x6e at 0x000d
D/dalvikvm(18162): Trying to load lib /data/app-lib/com.google.android.gms-1/libgmscore.so 0x41fc5400
D/dalvikvm(18162): Added shared lib /data/app-lib/com.google.android.gms-1/libgmscore.so 0x41fc5400
D/dalvikvm(18162): No JNI_OnLoad found in /data/app-lib/com.google.android.gms-1/libgmscore.so 0x41fc5400, skipping init
D/dalvikvm(18162): Trying to load lib /data/app-lib/com.google.android.gms-1/libconscrypt_gmscore_jni.so 0x41fc5400
D/dalvikvm(18162): Added shared lib /data/app-lib/com.google.android.gms-1/libconscrypt_gmscore_jni.so 0x41fc5400
V/JNIHelp (18162): Registering com/google/android/gms/org/conscrypt/NativeCrypto's 227 native methods...
D/Launcher.LauncherProvider(18186): 11683562 - initializeMaxScreenId(): 0
W/ActivityManager(  756): Permission Denial: getCurrentUser() from pid=18186, uid=10045 requires android.permission.INTERACT_ACROSS_USERS
V/BackupServiceBinder(18186): doBackup() invoked
D/BackupManagerService(  756): agentConnected pkg=com.google.android.googlequicksearchbox agent=android.os.BinderProxy@42d8b3f8
I/BackupManagerService(  756): got agent android.app.IBackupAgent$Stub$Proxy@42e05470
D/PerformBackupTask(  756): invokeAgentForBackup on com.google.android.googlequicksearchbox
D/BackupHelperDispatcher(18186): handling existing helper 'L' com.android.launcher3.cr@41f82200
W/LauncherBackupHelper(18186): Failed to get app state during backup/restore
W/LauncherBackupHelper(18186): java.lang.Throwable
W/LauncherBackupHelper(18186): 	at com.android.launcher3.cr.lP(LauncherBackupHelper.java:1098)
W/LauncherBackupHelper(18186): 	at com.android.launcher3.cr.lQ(LauncherBackupHelper.java:1119)
W/LauncherBackupHelper(18186): 	at com.android.launcher3.cr.performBackup(LauncherBackupHelper.java:193)
W/LauncherBackupHelper(18186): 	at android.app.backup.BackupHelperDispatcher.doOneBackup(BackupHelperDispatcher.java:95)
W/LauncherBackupHelper(18186): 	at android.app.backup.BackupHelperDispatcher.performBackup(BackupHelperDispatcher.java:62)
W/LauncherBackupHelper(18186): 	at android.app.backup.BackupAgentHelper.onBackup(BackupAgentHelper.java:66)
W/LauncherBackupHelper(18186): 	at android.app.backup.BackupAgent$BackupServiceBinder.doBackup(BackupAgent.java:567)
W/LauncherBackupHelper(18186): 	at android.app.IBackupAgent$Stub.onTransact(IBackupAgent.java:80)
W/LauncherBackupHelper(18186): 	at android.os.Binder.execTransact(Binder.java:404)
W/LauncherBackupHelper(18186): 	at dalvik.system.NativeStart.run(Native Method)
D/BackupManagerService(  756): Now staging backup of com.google.android.googlequicksearchbox
V/BackupServiceBinder(  756): doBackup() invoked
D/BackupHelperDispatcher(  756): handling existing helper 'wallpaper' android.app.backup.WallpaperBackupHelper@4299b7b0
I/PerformBackupTask(  756): no backup data written; not calling transport
D/PerformBackupTask(  756): starting agent for backup of BackupRequest{pkg=android}
D/BackupManagerService(  756): awaiting agent for ApplicationInfo{42737000 android}
D/BackupManagerService(  756): agentConnected pkg=android agent=android.app.backup.BackupAgent$BackupServiceBinder@42fa51b0
I/BackupManagerService(  756): got agent android.app.backup.BackupAgent$BackupServiceBinder@42fa51b0
D/PerformBackupTask(  756): invokeAgentForBackup on android
D/dalvikvm(18162): Trying to load lib /data/app-lib/com.google.android.gms-1/libgmscore.so 0x41fc5400
D/dalvikvm(18162): Shared lib '/data/app-lib/com.google.android.gms-1/libgmscore.so' already loaded in same CL 0x41fc5400
D/dalvikvm(18162): Trying to load lib /data/app-lib/com.google.android.gms-1/libconscrypt_gmscore_jni.so 0x41fc5400
D/dalvikvm(18162): Shared lib '/data/app-lib/com.google.android.gms-1/libconscrypt_gmscore_jni.so' already loaded in same CL 0x41fc5400
I/GLSUser ( 4578): [GLSUser] getTokenFromCache: [account: <ELLIDED:-5559>, callingPkg: com.google.android.backuptransport, service: android]
I/qtaguid ( 1363): Tagging socket 57 with tag ffffff0300000000{4294967043,0} for uid 1000, pid: 1363, getuid(): 10008
I/qtaguid ( 1363): Untagging socket 57
D/dalvikvm(18162): DexOpt: --- BEGIN 'ads-318201316.jar' (bootstrap=0) ---
D/ConnectivityManager(18162): getActiveNetworkInfo : NetworkInfo: type: WIFI[], state: CONNECTED/CONNECTED, reason: (unspecified), roaming: false, failover: false, isAvailable: true, isConnectedToProvisioningNetwork: false
D/ConnectivityManager(18162): getActiveNetworkInfo : NetworkInfo: type: WIFI[], state: CONNECTED/CONNECTED, reason: (unspecified), roaming: false, failover: false, isAvailable: true, isConnectedToProvisioningNetwork: false
I/qtaguid ( 1363): Tagging socket 57 with tag ffffff0300000000{4294967043,0} for uid 1000, pid: 1363, getuid(): 10008
I/qtaguid ( 1363): Tagging socket 65 with tag ffffff0300000000{4294967043,0} for uid 1000, pid: 1363, getuid(): 10008
D/dalvikvm(18219): DexOpt: load 5ms, verify+opt 9ms, 199100 bytes
I/ProviderInstaller(18162): Installed default security provider GmsCore_OpenSSL
D/dalvikvm(18162): DexOpt: --- END 'ads-318201316.jar' (success) ---
D/dalvikvm(18162): DEX prep '/data/data/com.google.android.youtube/cache/ads-318201316.jar': unzip in 0ms, rewrite 103ms
I/dalvikvm(18162): Could not find method android.content.pm.PackageManager.getPackageInstaller, referenced from method com.google.android.gms.common.ij.a
W/dalvikvm(18162): VFY: unable to resolve virtual method 449: Landroid/content/pm/PackageManager;.getPackageInstaller ()Landroid/content/pm/PackageInstaller;
D/dalvikvm(18162): VFY: replacing opcode 0x6e at 0x000d
I/dalvikvm(18162): Could not find method android.app.Notification$Builder.setLocalOnly, referenced from method com.google.android.gms.common.ij.b
W/dalvikvm(18162): VFY: unable to resolve virtual method 154: Landroid/app/Notification$Builder;.setLocalOnly (Z)Landroid/app/Notification$Builder;
D/dalvikvm(18162): VFY: replacing opcode 0x6e at 0x0201
W/System.err(18162): YouTube MDX: Bogus value in shared preferences for key MdxServerSelection value , returning default value.
E/cutils  (  219): Failed to mkdirat(/storage/extSdCard/Android): Read-only file system
W/ContextImpl(18162): Failed to ensure directory: /storage/extSdCard/Android/data/com.google.android.youtube/cache
W/Vold    (  219): Returning OperationFailed - no handler for errno 30
I/qtaguid ( 1363): Untagging socket 57
I/System.out( 1363): Binder_5 calls detatch()
D/PerformBackupTask(  756): starting agent for backup of BackupRequest{pkg=com.android.providers.settings}
D/BackupManagerService(  756): awaiting agent for ApplicationInfo{425abff0 com.android.providers.settings}
D/BackupManagerService(  756): agentConnected pkg=com.android.providers.settings agent=android.app.backup.BackupAgent$BackupServiceBinder@42d23d20
I/BackupManagerService(  756): got agent android.app.backup.BackupAgent$BackupServiceBinder@42d23d20
D/PerformBackupTask(  756): invokeAgentForBackup on com.android.providers.settings
V/BackupServiceBinder(  756): doBackup() invoked
I/dalvikvm(18162): Could not find method android.content.pm.PackageManager.getActivityBanner, referenced from method agt.getActivityBanner
W/dalvikvm(18162): VFY: unable to resolve virtual method 2666: Landroid/content/pm/PackageManager;.getActivityBanner (Landroid/content/ComponentName;)Landroid/graphics/drawable/Drawable;
D/dalvikvm(18162): VFY: replacing opcode 0x6e at 0x0002
D/ConnectivityManager(18162): getActiveNetworkInfo : NetworkInfo: type: WIFI[], state: CONNECTED/CONNECTED, reason: (unspecified), roaming: false, failover: false, isAvailable: true, isConnectedToProvisioningNetwork: false
I/dalvikvm(18162): Could not find method android.content.pm.PackageManager.getActivityBanner, referenced from method agt.getActivityBanner
W/dalvikvm(18162): VFY: unable to resolve virtual method 2667: Landroid/content/pm/PackageManager;.getActivityBanner (Landroid/content/Intent;)Landroid/graphics/drawable/Drawable;
D/dalvikvm(18162): VFY: replacing opcode 0x6e at 0x0002
I/dalvikvm(18162): Could not find method android.content.pm.PackageManager.getApplicationBanner, referenced from method agt.getApplicationBanner
W/dalvikvm(18162): VFY: unable to resolve virtual method 2674: Landroid/content/pm/PackageManager;.getApplicationBanner (Landroid/content/pm/ApplicationInfo;)Landroid/graphics/drawable/Drawable;
D/dalvikvm(18162): VFY: replacing opcode 0x6e at 0x0002
I/dalvikvm(18162): Could not find method android.content.pm.PackageManager.getApplicationBanner, referenced from method agt.getApplicationBanner
W/dalvikvm(18162): VFY: unable to resolve virtual method 2675: Landroid/content/pm/PackageManager;.getApplicationBanner (Ljava/lang/String;)Landroid/graphics/drawable/Drawable;
D/dalvikvm(18162): VFY: replacing opcode 0x6e at 0x0002
I/dalvikvm(18162): Could not find method android.content.pm.PackageManager.getLeanbackLaunchIntentForPackage, referenced from method agt.getLeanbackLaunchIntentForPackage
W/dalvikvm(18162): VFY: unable to resolve virtual method 2691: Landroid/content/pm/PackageManager;.getLeanbackLaunchIntentForPackage (Ljava/lang/String;)Landroid/content/Intent;
D/dalvikvm(18162): VFY: replacing opcode 0x6e at 0x0002
I/dalvikvm(18162): Could not find method android.content.pm.PackageManager.getPackageInstaller, referenced from method agt.getPackageInstaller
W/dalvikvm(18162): VFY: unable to resolve virtual method 2695: Landroid/content/pm/PackageManager;.getPackageInstaller ()Landroid/content/pm/PackageInstaller;
D/dalvikvm(18162): VFY: replacing opcode 0x6e at 0x0002
I/dalvikvm(18162): Could not find method android.content.pm.PackageManager.getUserBadgedDrawableForDensity, referenced from method agt.getUserBadgedDrawableForDensity
W/dalvikvm(18162): VFY: unable to resolve virtual method 2711: Landroid/content/pm/PackageManager;.getUserBadgedDrawableForDensity (Landroid/graphics/drawable/Drawable;Landroid/os/UserHandle;Landroid/graphics/Rect;I)Landroid/graphics/drawable/Drawable;
D/dalvikvm(18162): VFY: replacing opcode 0x6e at 0x0002
I/dalvikvm(18162): Could not find method android.content.pm.PackageManager.getUserBadgedIcon, referenced from method agt.getUserBadgedIcon
W/dalvikvm(18162): VFY: unable to resolve virtual method 2712: Landroid/content/pm/PackageManager;.getUserBadgedIcon (Landroid/graphics/drawable/Drawable;Landroid/os/UserHandle;)Landroid/graphics/drawable/Drawable;
D/dalvikvm(18162): VFY: replacing opcode 0x6e at 0x0002
I/dalvikvm(18162): Could not find method android.content.pm.PackageManager.getUserBadgedLabel, referenced from method agt.getUserBadgedLabel
W/dalvikvm(18162): VFY: unable to resolve virtual method 2713: Landroid/content/pm/PackageManager;.getUserBadgedLabel (Ljava/lang/CharSequence;Landroid/os/UserHandle;)Ljava/lang/CharSequence;
D/dalvikvm(18162): VFY: replacing opcode 0x6e at 0x0002
E/cutils  (  219): Failed to mkdirat(/storage/extSdCard/Android): Read-only file system
W/ContextImpl(18162): Failed to ensure directory: /storage/extSdCard/Android/data/com.google.android.youtube/cache
W/Vold    (  219): Returning OperationFailed - no handler for errno 30
E/cutils  (  219): Failed to mkdirat(/storage/extSdCard/Android): Read-only file system
W/ContextImpl(18162): Failed to ensure directory: /storage/extSdCard/Android/data/com.google.android.youtube/files
E/cutils  (  219): Failed to mkdirat(/storage/extSdCard/Android): Read-only file system
W/ContextImpl(18162): Failed to ensure directory: /storage/extSdCard/Android/data/com.google.android.youtube/files
W/Vold    (  219): Returning OperationFailed - no handler for errno 30
W/Vold    (  219): Returning OperationFailed - no handler for errno 30
W/InstanceID/Rpc(18162): Found 10008
D/ConnectivityManager(18162): getActiveNetworkInfo : NetworkInfo: type: WIFI[], state: CONNECTED/CONNECTED, reason: (unspecified), roaming: false, failover: false, isAvailable: true, isConnectedToProvisioningNetwork: false
D/ConnectivityManager(18162): getActiveNetworkInfo : NetworkInfo: type: WIFI[], state: CONNECTED/CONNECTED, reason: (unspecified), roaming: false, failover: false, isAvailable: true, isConnectedToProvisioningNetwork: false
D/ConnectivityManager(18162): getActiveNetworkInfo : NetworkInfo: type: WIFI[], state: CONNECTED/CONNECTED, reason: (unspecified), roaming: false, failover: false, isAvailable: true, isConnectedToProvisioningNetwork: false
D/WifiNative(  756): callSECApiString - ID [59]
I/wpa_supplicant( 1734): GOOGLE_BACKUP!!
D/ConnectivityManager(18162): getActiveNetworkInfo : NetworkInfo: type: WIFI[], state: CONNECTED/CONNECTED, reason: (unspecified), roaming: false, failover: false, isAvailable: true, isConnectedToProvisioningNetwork: false
I/PerformBackupTask(  756): no backup data written; not calling transport
W/ContextImpl(  756): Calling a method in the system process without a qualified user: android.app.ContextImpl.sendBroadcast:1510 com.android.server.BackupManagerService.warnEdmAdminOperationCompleted:6806 com.android.server.BackupManagerService.access$200:151 com.android.server.BackupManagerService$PerformBackupTask.finalizeBackup:2392 com.android.server.BackupManagerService$PerformBackupTask.execute:2094 
I/PerformBackupTask(  756): Backup pass finished.
D/ConnectivityManager(18162): getActiveNetworkInfo : NetworkInfo: type: WIFI[], state: CONNECTED/CONNECTED, reason: (unspecified), roaming: false, failover: false, isAvailable: true, isConnectedToProvisioningNetwork: false
I/System.out(18162): Thread-19176(ApacheHTTPLog):Reading from variable values from setDefaultValuesToVariables
I/System.out(18162): Thread-19176(ApacheHTTPLog):isShipBuild true
I/System.out(18162): Thread-19176(ApacheHTTPLog):SmartBonding Enabling is false, SHIP_BUILD is true, log to file is false, DBG is false
I/dalvikvm(18162): Total arena pages for JIT: 11
I/dalvikvm(18162): Total arena pages for JIT: 12
I/dalvikvm(18162): Total arena pages for JIT: 13
I/dalvikvm(18162): Total arena pages for JIT: 14
I/System.out(18162): Thread-19176 calls detatch()
I/qtaguid (18162): Tagging socket 65 with tag 0{0,0} for uid 4294967295, pid: 18162, getuid(): 10155
I/qtaguid (18162): Untagging socket 65
I/System.out(18162): Thread-19161 calls detatch()
D/ConnectivityManager( 4578): getActiveNetworkInfo : NetworkInfo: type: WIFI[], state: CONNECTED/CONNECTED, reason: (unspecified), roaming: false, failover: false, isAvailable: true, isConnectedToProvisioningNetwork: false
E/Watchdog(  756): !@Sync 4463
D/SSRMv2  (  756): SIOP:: AP = 300 (0), Delta = 0
D/BatteryService(  756): !@BatteryListener : batteryPropertiesChanged!
D/BatteryService(  756): level:90, scale:100, status:3, health:2, present:true, voltage: 4345, temperature: 259, technology: Li-ion, AC powered:false, USB powered:true, Wireless powered:false, icon:17303663, invalid charger:0, online:4, current avg:364, charge type:2, power sharing:false, high voltage charger:false, capacity:280000, current_now:364
D/BatteryService(  756): Sending ACTION_BATTERY_CHANGED.
D/KeyguardUpdateMonitor(  932): received broadcast android.intent.action.BATTERY_CHANGED
D/KeyguardUpdateMonitor(  932): handleBatteryUpdate
V/HeadsetService( 1741): HeadsetService - Received Intent.ACTION_BATTERY_CHANGED
D/HeadsetStateMachine( 1741): Disconnected process message: 10
D/STATUSBAR-PhoneStatusBar(  932):  mBrightnessEnablebySettings = true mBrightnessEnablebyBattery = true mBrightnessEnablebyDisableFlag = true mPmsBrightnessEnablebySettings = true
D/BatteryMeterView(  932): ACTION_BATTERY_CHANGED : level:90 status:3 health:2isPlug: true
D/STATUSBAR-IconMerger(  932): checkOverflow(560), More:false, Req:false Child:5
D/PackageManager(  756): [MSG] SEND_PENDING_BROADCAST
D/PackageManager(  756): Sending to user 0: act=android.intent.action.PACKAGE_CHANGED dat=package:com.google.android.gms flg=0x4000000 Bundle[{android.intent.extra.changed_component_name=com.google.android.gms.icing.service.PowerConnectedReceiver, android.intent.extra.DONT_KILL_APP=true, android.intent.extra.UID=10008, android.intent.extra.changed_component_name_list=[Ljava.lang.String;@43737080, android.intent.extra.user_handle=0}]
D/KeyguardUpdateMonitor(  932): received broadcast android.intent.action.PACKAGE_CHANGED
D/ContainerEventsRelayManager( 1087): <<< Intent action is >>> : android.intent.action.PACKAGE_CHANGED
D/ContainerEventsRelayManager( 1087): <<< Intent data is   >>> : package:com.google.android.gms
I/MultiWindowTrayService( 1380): mPkgManagerReceiver : onReceive
E/ActivityManager(  756): checkUser: useridlist=null, currentuser=0
E/ActivityManager(  756): checkUser: useridlist=null, currentuser=0
E/ActivityManager(  756): checkUser: useridlist=null, currentuser=0
E/ActivityManager(  756): checkUser: useridlist=null, currentuser=0
I/SELinux (18348): Function: selinux_android_load_priority , priority [3] , priority version is VE=SEPF_SM-T530NN_4.4.4_0042
I/MultiWindowTrayInfo( 1380): android.intent.action.PACKAGE_CHANGED
I/MultiWindowTrayInfo( 1380): android.intent.action.PACKAGE_CHANGED
I/MultiWindowTrayInfo( 1380): android.intent.action.PACKAGE_CHANGED
I/InputReader(  756): Reconfiguring input devices.  changes=0x00000010
W/ActivityManager(  756): Permission Denial: getCurrentUser() from pid=18348, uid=10090 requires android.permission.INTERACT_ACROSS_USERS
D/dalvikvm(18348): Trying to load lib /data/app-lib/com.google.android.talk-1/libcrashreporterer.so 0x41f3eb68
D/dalvikvm(18348): Added shared lib /data/app-lib/com.google.android.talk-1/libcrashreporterer.so 0x41f3eb68
W/Resources(  756): Converting to string: TypedValue{t=0x12/d=0xffffffff a=-1}
W/Resources(  756): Converting to string: TypedValue{t=0x12/d=0xffffffff a=-1}
E/dalvikvm(18348): Could not find class 'android.app.Notification$Action$Builder', referenced from method f.a
W/dalvikvm(18348): VFY: unable to resolve new-instance 403 (Landroid/app/Notification$Action$Builder;) in Lf;
D/dalvikvm(18348): VFY: replacing opcode 0x22 at 0x0000
W/Resources(  756): Converting to string: TypedValue{t=0x12/d=0xffffffff a=-1}
E/dalvikvm(18348): Could not find class 'android.app.RemoteInput$Builder', referenced from method f.a
W/dalvikvm(18348): VFY: unable to resolve new-instance 415 (Landroid/app/RemoteInput$Builder;) in Lf;
D/dalvikvm(18348): VFY: replacing opcode 0x22 at 0x003d
E/dalvikvm(18348): Could not find class 'android.app.Notification$Action$Builder', referenced from method f.a
W/dalvikvm(18348): VFY: unable to resolve new-instance 403 (Landroid/app/Notification$Action$Builder;) in Lf;
D/dalvikvm(18348): VFY: replacing opcode 0x22 at 0x0000
W/dalvikvm(18348): Unable to resolve superclass of Lcpi; (742)
W/dalvikvm(18348): Link of class 'Lcpi;' failed
W/dalvikvm(18348): VFY: unable to find class referenced in signature (Lcpi;)
W/Resources(  756): Converting to string: TypedValue{t=0x12/d=0xffffffff a=-1}
W/dalvikvm(18348): VFY: unable to find class referenced in signature (Landroid/telecom/DisconnectCause;)
W/dalvikvm(18348): Unable to resolve superclass of Lcpi; (742)
W/dalvikvm(18348): Link of class 'Lcpi;' failed
I/dalvikvm(18348): Could not find method cpi.c, referenced from method f.a
W/dalvikvm(18348): VFY: unable to resolve virtual method 20613: Lcpi;.c ()Lcom/google/android/apps/hangouts/telephony/TeleConnectionService;
D/dalvikvm(18348): VFY: replacing opcode 0x6e at 0x0001
W/dalvikvm(18348): Unable to resolve superclass of Law; (818)
W/dalvikvm(18348): Link of class 'Law;' failed
E/dalvikvm(18348): Could not find class 'aw', referenced from method f.a
W/dalvikvm(18348): VFY: unable to resolve new-instance 1242 (Law;) in Lf;
D/dalvikvm(18348): VFY: replacing opcode 0x22 at 0x0006
W/dalvikvm(18348): Unable to resolve superclass of Lay; (818)
W/dalvikvm(18348): Link of class 'Lay;' failed
E/dalvikvm(18348): Could not find class 'ay', referenced from method f.a
W/dalvikvm(18348): VFY: unable to resolve new-instance 1296 (Lay;) in Lf;
D/dalvikvm(18348): VFY: replacing opcode 0x22 at 0x002a
I/dalvikvm(18348): Could not find method android.view.ViewGroup.isTransitionGroup, referenced from method f.a
W/dalvikvm(18348): VFY: unable to resolve virtual method 5478: Landroid/view/ViewGroup;.isTransitionGroup ()Z
D/dalvikvm(18348): VFY: replacing opcode 0x6e at 0x000c
I/dalvikvm(18348): Could not find method android.view.View.getTransitionName, referenced from method f.a
W/dalvikvm(18348): VFY: unable to resolve virtual method 5331: Landroid/view/View;.getTransitionName ()Ljava/lang/String;
D/dalvikvm(18348): VFY: replacing opcode 0x6e at 0x0006
W/Resources(  756): Converting to string: TypedValue{t=0x12/d=0xffffffff a=-1}
W/dalvikvm(18348): VFY: unable to find class referenced in signature ([Landroid/app/RemoteInput;)
E/dalvikvm(18348): Could not find class 'android.app.RemoteInput[]', referenced from method f.a
W/dalvikvm(18348): VFY: unable to resolve new-array 7163 ([Landroid/app/RemoteInput;) in Lf;
D/dalvikvm(18348): VFY: replacing opcode 0x23 at 0x0005
W/Resources(  756): Converting to string: TypedValue{t=0x12/d=0xffffffff a=-1}
W/dalvikvm(18348): Unable to resolve superclass of Lcom/google/android/apps/hangouts/telephony/TeleConnectionService; (744)
W/dalvikvm(18348): Link of class 'Lcom/google/android/apps/hangouts/telephony/TeleConnectionService;' failed
E/dalvikvm(18348): Could not find class 'com.google.android.apps.hangouts.telephony.TeleConnectionService', referenced from method f.i
W/dalvikvm(18348): VFY: unable to resolve const-class 2633 (Lcom/google/android/apps/hangouts/telephony/TeleConnectionService;) in Lf;
D/dalvikvm(18348): VFY: replacing opcode 0x1c at 0x0002
E/dalvikvm(18348): Could not find class 'android.telecom.TelecomManager', referenced from method f.k
W/dalvikvm(18348): VFY: unable to resolve check-cast 754 (Landroid/telecom/TelecomManager;) in Lf;
D/dalvikvm(18348): VFY: replacing opcode 0x1f at 0x000c
D/dalvikvm(18348): DexOpt: couldn't find static field Landroid/os/Build;.SUPPORTED_ABIS
W/dalvikvm(18348): VFY: unable to resolve static field 1487 (SUPPORTED_ABIS) in Landroid/os/Build;
D/dalvikvm(18348): VFY: replacing opcode 0x62 at 0x0006
W/Resources(  756): Converting to string: TypedValue{t=0x12/d=0xffffffff a=-1}
W/Resources(  756): Converting to string: TypedValue{t=0x12/d=0xffffffff a=-1}
W/Resources(  756): Converting to string: TypedValue{t=0x12/d=0x0 a=-1}
W/Resources(  756): Converting to string: TypedValue{t=0x12/d=0xffffffff a=-1}
D/ConnectivityManager(18162): getActiveNetworkInfo : NetworkInfo: type: WIFI[], state: CONNECTED/CONNECTED, reason: (unspecified), roaming: false, failover: false, isAvailable: true, isConnectedToProvisioningNetwork: false
W/Resources(  756): Converting to string: TypedValue{t=0x12/d=0xffffffff a=-1}
W/Resources(  756): Converting to string: TypedValue{t=0x12/d=0x0 a=-1}
D/dalvikvm(18348): DexOpt: unable to opt direct call 0x0a75 at 0x0e in Lf;.a
D/dalvikvm(18348): DexOpt: unable to opt direct call 0x0acb at 0x43 in Lf;.a
D/dalvikvm(18348): DexOpt: unable to opt direct call 0x0a75 at 0x0e in Lf;.a
W/Resources(  756): Converting to string: TypedValue{t=0x12/d=0xffffffff a=-1}
W/dalvikvm(18348): Unable to resolve superclass of Law; (818)
W/dalvikvm(18348): Link of class 'Law;' failed
D/dalvikvm(18348): DexOpt: unable to opt direct call 0x1ddd at 0x08 in Lf;.a
W/dalvikvm(18348): Unable to resolve superclass of Lay; (818)
W/dalvikvm(18348): Link of class 'Lay;' failed
D/dalvikvm(18348): DexOpt: unable to opt direct call 0x1f22 at 0x2c in Lf;.a
D/dalvikvm(18348): DexOpt: unable to opt direct call 0x0acb at 0x13 in Lf;.a
D/dalvikvm(18348): DexOpt: unable to opt direct call 0x12d3 at 0x0b in Lf;.i
V/GmsNetworkLocationProvi( 4643): DISABLE
I/GCoreNlp( 4643): shouldConfirmNlp, NLP off. Ensuring opt-in disabled
I/qtaguid (18162): Tagging socket 94 with tag ff44265f00000000{4282656351,0} for uid 4294967295, pid: 18162, getuid(): 10155
D/LocationProviderProxy(  756): applying state to connected service
D/LocationProviderProxy(  756): applying state to connected service
I/dalvikvm(18348): Could not find method android.content.Context.getDrawable, referenced from method i.a
W/dalvikvm(18348): VFY: unable to resolve virtual method 2859: Landroid/content/Context;.getDrawable (I)Landroid/graphics/drawable/Drawable;
D/dalvikvm(18348): VFY: replacing opcode 0x6e at 0x0006
D/BackupManagerService(  756): Now staging backup of android
I/Babel   (18348): MmsConfig: mnc/mcc: 0/0
I/Babel   (18348): MmsConfig.loadMmsSettings
I/Babel   (18348): MmsConfig.loadDeviceMmsSettings from API: mUserAgent=SM-T530NN/T530NNUEU1AOB2 Mozilla/5.0 SMM-MMS/1.2.0, mUaProfUrl=http://wap.samsungmobile.com/uaprof/SM-T530NN.xmlSM-T530NN/OB2.rdf
I/Babel   (18348): MmsConfig.loadFromDatabase
W/Settings(18348): Setting airplane_mode_on has moved from android.provider.Settings.System to android.provider.Settings.Global, returning read-only value.
E/Babel   (18348): canonicalizeMccMnc: invalid mccmnc 
I/Babel   (18348): MmsConfig.loadFromResources
E/Babel   (18348): canonicalizeMccMnc: invalid mccmnc nullnull
I/Babel   (18348): MmsConfig.loadMmsSettings: mUserAgent=SM-T530NN/T530NNUEU1AOB2 Mozilla/5.0 SMM-MMS/1.2.0, mUaProfUrl=http://wap.samsungmobile.com/uaprof/SM-T530NN.xmlSM-T530NN/OB2.rdf
W/dalvikvm(18348): VFY: unable to find class referenced in signature (Landroid/telecom/TelecomManager;)
I/dalvikvm(18348): Could not find method android.telecom.TelecomManager.clearAccounts, referenced from method cqf.e
W/dalvikvm(18348): VFY: unable to resolve virtual method 4854: Landroid/telecom/TelecomManager;.clearAccounts ()V
D/dalvikvm(18348): VFY: replacing opcode 0x6e at 0x004e
W/dalvikvm(18348): VFY: unable to find class referenced in signature (Landroid/telecom/TelecomManager;)
W/dalvikvm(18348): VFY: unable to find class referenced in signature (Landroid/telecom/TelecomManager;)
E/dalvikvm(18348): Could not find class 'android.telecom.PhoneAccount$Builder', referenced from method cqf.e
W/dalvikvm(18348): VFY: unable to resolve new-instance 746 (Landroid/telecom/PhoneAccount$Builder;) in Lcqf;
D/dalvikvm(18348): VFY: replacing opcode 0x22 at 0x0074
W/dalvikvm(18348): VFY: unable to find class referenced in signature (Landroid/telecom/TelecomManager;)
W/dalvikvm(18348): VFY: unable to find class referenced in signature (Landroid/telecom/TelecomManager;)
E/dalvikvm(18348): Could not find class 'android.telecom.TelecomManager', referenced from method cqf.g
W/dalvikvm(18348): VFY: unable to resolve check-cast 754 (Landroid/telecom/TelecomManager;) in Lcqf;
D/dalvikvm(18348): VFY: replacing opcode 0x1f at 0x0021
W/dalvikvm(18348): VFY: unable to find class referenced in signature (Landroid/telecom/TelecomManager;)
W/dalvikvm(18348): VFY: unable to find class referenced in signature (Landroid/telecom/TelecomManager;)
W/dalvikvm(18348): VFY: unable to find class referenced in signature (Landroid/telecom/TelecomManager;)
D/dalvikvm(18348): DexOpt: unable to opt direct call 0x12ce at 0x80 in Lcqf;.e
I/Babel_StickerModule(18348): App launched.
E/ActivityManager(  756): checkUser: useridlist=null, currentuser=0
E/ActivityManager(  756): checkUser: useridlist=null, currentuser=0
E/ActivityManager(  756): checkUser: useridlist=null, currentuser=0
E/ActivityManager(  756): checkUser: useridlist=null, currentuser=0
I/SELinux (18393): Function: selinux_android_load_priority , priority [3] , priority version is VE=SEPF_SM-T530NN_4.4.4_0042
I/qtaguid (18162): Untagging socket 94
I/System.out(18162): Thread-19172 calls detatch()
W/QCamera2Factory(  242): getCameraInfo: E, camera_id = 0
W/QCamera2HWI(  242): __dbg: info->orientation : 0 rc = 0
W/QCamera2HWI(  242): __dbg: info->orientation : 0 rc = 0
W/QCamera2Factory(  242): getCameraInfo: X
W/QCamera2Factory(  242): getCameraInfo: E, camera_id = 1
W/QCamera2HWI(  242): __dbg: info->orientation : 0 rc = 0
W/QCamera2HWI(  242): __dbg: info->orientation : 0 rc = 0
W/QCamera2Factory(  242): getCameraInfo: X
W/dalvikvm(18348): Unable to resolve superclass of Lcom/google/android/libraries/hangouts/video/ScreenCaptureVideoSource$2; (599)
W/dalvikvm(18348): Link of class 'Lcom/google/android/libraries/hangouts/video/ScreenCaptureVideoSource$2;' failed
E/dalvikvm(18348): Could not find class 'com.google.android.libraries.hangouts.video.ScreenCaptureVideoSource$2', referenced from method com.google.android.libraries.hangouts.video.ScreenCaptureVideoSource.<init>
W/dalvikvm(18348): VFY: unable to resolve new-instance 2915 (Lcom/google/android/libraries/hangouts/video/ScreenCaptureVideoSource$2;) in Lcom/google/android/libraries/hangouts/video/ScreenCaptureVideoSource;
D/dalvikvm(18348): VFY: replacing opcode 0x22 at 0x0044
W/dalvikvm(18348): VFY: unable to find class referenced in signature (Landroid/media/projection/MediaProjection;)
W/dalvikvm(18348): VFY: unable to find class referenced in signature (Landroid/media/projection/MediaProjection;)
W/dalvikvm(18348): VFY: unable to find class referenced in signature (Landroid/media/projection/MediaProjection;)
W/dalvikvm(18348): VFY: unable to find class referenced in signature (Landroid/media/projection/MediaProjectionManager;)
I/dalvikvm(18348): Could not find method android.media.projection.MediaProjection.createVirtualDisplay, referenced from method com.google.android.libraries.hangouts.video.ScreenCaptureVideoSource.createVirtualDisplay
W/dalvikvm(18348): VFY: unable to resolve virtual method 3547: Landroid/media/projection/MediaProjection;.createVirtualDisplay (Ljava/lang/String;IIIILandroid/view/Surface;Landroid/hardware/display/VirtualDisplay$Callback;Landroid/os/Handler;)Landroid/hardware/display/VirtualDisplay;
D/dalvikvm(18348): VFY: replacing opcode 0x74 at 0x0053
I/dalvikvm(18348): Could not find method android.media.projection.MediaProjection.stop, referenced from method com.google.android.libraries.hangouts.video.ScreenCaptureVideoSource.release
W/dalvikvm(18348): VFY: unable to resolve virtual method 3549: Landroid/media/projection/MediaProjection;.stop ()V
D/dalvikvm(18348): VFY: replacing opcode 0x6e at 0x002d
I/dalvikvm(18348): Could not find method android.media.projection.MediaProjectionManager.createScreenCaptureIntent, referenced from method com.google.android.libraries.hangouts.video.ScreenCaptureVideoSource.startCapture
W/dalvikvm(18348): VFY: unable to resolve virtual method 3551: Landroid/media/projection/MediaProjectionManager;.createScreenCaptureIntent ()Landroid/content/Intent;
D/dalvikvm(18348): VFY: replacing opcode 0x6e at 0x0023
W/dalvikvm(18348): Unable to resolve superclass of Lcom/google/android/libraries/hangouts/video/ScreenCaptureVideoSource$2; (599)
W/dalvikvm(18348): Link of class 'Lcom/google/android/libraries/hangouts/video/ScreenCaptureVideoSource$2;' failed
D/dalvikvm(18348): DexOpt: unable to opt direct call 0x4b37 at 0x46 in Lcom/google/android/libraries/hangouts/video/ScreenCaptureVideoSource;.<init>
I/dalvikvm(18348): Could not find method android.media.MediaCodecInfo$CodecCapabilities.getVideoCapabilities, referenced from method com.google.android.libraries.hangouts.video.EncoderManager.isHardwareAcceleratedCodec
W/dalvikvm(18348): VFY: unable to resolve virtual method 3483: Landroid/media/MediaCodecInfo$CodecCapabilities;.getVideoCapabilities ()Landroid/media/MediaCodecInfo$VideoCapabilities;
D/dalvikvm(18348): VFY: replacing opcode 0x6e at 0x001f
I/Babel   (18348): Creating RTCS
W/ActivityManager(  756): Permission Denial: getCurrentUser() from pid=18393, uid=10045 requires android.permission.INTERACT_ACROSS_USERS
I/Babel   (18348): Destroying RTCS
D/dalvikvm(18393): DexOpt: couldn't find static field Landroid/os/Build;.SUPPORTED_ABIS
W/dalvikvm(18393): VFY: unable to resolve static field 205 (SUPPORTED_ABIS) in Landroid/os/Build;
D/dalvikvm(18393): VFY: replacing opcode 0x62 at 0x001f
I/ActivityManager(  756): Killing 30176:com.sec.android.app.videoplayer/u0a39 (adj 15): empty for 2557s
I/dalvikvm(18393): Could not find method android.app.Notification$Builder.setLocalOnly, referenced from method com.google.android.gms.common.e.a
W/dalvikvm(18393): VFY: unable to resolve virtual method 489: Landroid/app/Notification$Builder;.setLocalOnly (Z)Landroid/app/Notification$Builder;
D/dalvikvm(18393): VFY: replacing opcode 0x6e at 0x00c2
I/dalvikvm(18393): Could not find method android.content.pm.PackageManager.getPackageInstaller, referenced from method com.google.android.gms.common.e.t
W/dalvikvm(18393): VFY: unable to resolve virtual method 960: Landroid/content/pm/PackageManager;.getPackageInstaller ()Landroid/content/pm/PackageInstaller;
D/dalvikvm(18393): VFY: replacing opcode 0x6e at 0x000b
D/LocationManagerService(  756): getProviders()=[passive]
E/ActivityManager(  756): checkUser: useridlist=null, currentuser=0
E/ActivityManager(  756): checkUser: useridlist=null, currentuser=0
E/ActivityManager(  756): checkUser: useridlist=null, currentuser=0
E/ActivityManager(  756): checkUser: useridlist=null, currentuser=0
I/dalvikvm(18393): Could not find method android.os.UserManager.getUserProfiles, referenced from method com.google.android.apps.gsa.shared.util.ci.bN
W/dalvikvm(18393): VFY: unable to resolve virtual method 1958: Landroid/os/UserManager;.getUserProfiles ()Ljava/util/List;
D/dalvikvm(18393): VFY: replacing opcode 0x6e at 0x0017
I/SELinux (18416): Function: selinux_android_load_priority , priority [3] , priority version is VE=SEPF_SM-T530NN_4.4.4_0042
I/ActivityManager(  756): Killing 31450:com.android.defcontainer/u0a3 (adj 15): empty for 2259s
E/ActivityManager(  756): checkUser: useridlist=null, currentuser=0
E/ActivityManager(  756): checkUser: useridlist=null, currentuser=0
E/ActivityManager(  756): checkUser: useridlist=null, currentuser=0
E/ActivityManager(  756): checkUser: useridlist=null, currentuser=0
I/SELinux (18430): Function: selinux_android_load_priority , priority [3] , priority version is VE=SEPF_SM-T530NN_4.4.4_0042
I/ActivityManager(  756): Killing 8708:com.android.vending/u0a24 (adj 15): empty for 2252s
W/ActivityManager(  756): Permission Denial: getCurrentUser() from pid=18416, uid=10011 requires android.permission.INTERACT_ACROSS_USERS
D/FileShare-Server(18430): ServerBroadcastReceiver.onReceive - action android.intent.action.PACKAGE_CHANGED // package:com.google.android.gms
I/ActivityManager(  756): Killing 2779:no.nordicsemi.android.mcp/u0a83 (adj 15): empty for 2007s
D/PackageBroadcastService(13436): Received broadcast action=android.intent.action.PACKAGE_CHANGED and uri=com.google.android.gms
I/PackageBroadcastService(13436): Null package name or gms related package.  Ignoreing.
I/SELinux (18447): Function: selinux_android_load_priority , priority [3] , priority version is VE=SEPF_SM-T530NN_4.4.4_0042
E/ActivityManager(  756): checkUser: useridlist=null, currentuser=0
E/ActivityManager(  756): checkUser: useridlist=null, currentuser=0
E/ActivityManager(  756): checkUser: useridlist=null, currentuser=0
E/ActivityManager(  756): checkUser: useridlist=null, currentuser=0
I/Icing   (13436): updateResources: need to parse f{com.google.android.gms}
I/dalvikvm(18447): Could not find method android.content.pm.PackageManager.getPackageInstaller, referenced from method com.google.android.gms.common.GooglePlayServicesUtil.zzl
W/dalvikvm(18447): VFY: unable to resolve virtual method 576: Landroid/content/pm/PackageManager;.getPackageInstaller ()Landroid/content/pm/PackageInstaller;
D/dalvikvm(18447): VFY: replacing opcode 0x6e at 0x000b
D/Finsky  (18447): [1] FinskyApp.onCreate: Initializing network with DFE https://android.clients.google.com/fdfe/
I/dalvikvm(18447): Could not find method android.content.pm.ApplicationInfo.loadUnbadgedIcon, referenced from method com.google.android.finsky.utils.NotificationManager.showSuccessfulNewInstallMessage
W/dalvikvm(18447): VFY: unable to resolve virtual method 532: Landroid/content/pm/ApplicationInfo;.loadUnbadgedIcon (Landroid/content/pm/PackageManager;)Landroid/graphics/drawable/Drawable;
D/dalvikvm(18447): VFY: replacing opcode 0x6e at 0x004f
D/dalvikvm(18348): GC_CONCURRENT freed 4157K, 40% free 8971K/14876K, paused 3ms+3ms, total 43ms
D/dalvikvm(18348): WAIT_FOR_CONCURRENT_GC blocked 26ms
D/Finsky  (18447): [1] DailyHygiene.goMakeHygieneIfDirty: No need to run daily hygiene.
W/Settings(18447): Setting download_manager_max_bytes_over_mobile has moved from android.provider.Settings.Secure to android.provider.Settings.Global.
W/Settings(18447): Setting download_manager_recommended_max_bytes_over_mobile has moved from android.provider.Settings.Secure to android.provider.Settings.Global.
I/dalvikvm(18447): Could not find method com.google.android.finsky.layout.DocImageView.setTransitionName, referenced from method com.google.android.finsky.utils.PlayCardUtils.bindCard
W/dalvikvm(18447): VFY: unable to resolve virtual method 22728: Lcom/google/android/finsky/layout/DocImageView;.setTransitionName (Ljava/lang/String;)V
D/dalvikvm(18447): VFY: replacing opcode 0x6e at 0x011e
I/dalvikvm(18447): Could not find method com.google.android.finsky.layout.DocImageView.setTransitionName, referenced from method com.google.android.finsky.utils.PlayCardUtils.bindCard
W/dalvikvm(18447): VFY: unable to resolve virtual method 22728: Lcom/google/android/finsky/layout/DocImageView;.setTransitionName (Ljava/lang/String;)V
D/dalvikvm(18447): VFY: replacing opcode 0x6e at 0x0292
I/dalvikvm(18447): Could not find method com.google.android.play.layout.PlayCardViewBase.setTransitionGroup, referenced from method com.google.android.finsky.utils.PlayCardUtils.bindCard
W/dalvikvm(18447): VFY: unable to resolve virtual method 43129: Lcom/google/android/play/layout/PlayCardViewBase;.setTransitionGroup (Z)V
D/dalvikvm(18447): VFY: replacing opcode 0x6e at 0x029a
I/dalvikvm(18447): Could not find method android.view.View.getTransitionName, referenced from method com.google.android.finsky.navigationmanager.NavigationManager.showPage
W/dalvikvm(18447): VFY: unable to resolve virtual method 9973: Landroid/view/View;.getTransitionName ()Ljava/lang/String;
D/dalvikvm(18447): VFY: replacing opcode 0x6e at 0x001a
D/Finsky  (18447): [1] 2.run: Loaded library for account: [8zloN_AUUlH9R9dnfgZbeYvIt4Y]
D/Finsky  (18447): [1] 2.run: Finished loading 1 libraries.
E/ActivityManager(  756): checkUser: useridlist=null, currentuser=0
E/ActivityManager(  756): checkUser: useridlist=null, currentuser=0
E/ActivityManager(  756): checkUser: useridlist=null, currentuser=0
E/ActivityManager(  756): checkUser: useridlist=null, currentuser=0
I/SELinux (18483): Function: selinux_android_load_priority , priority [3] , priority version is VE=SEPF_SM-T530NN_4.4.4_0042
D/Finsky  (18447): [1] GmsCoreHelper.cleanupNlp: result=false type=4
D/Finsky  (18447): [1] RestoreTracker.stopServiceIfDone: Restore complete with 0 success and 0 failed.
E/dalvikvm(18483): Could not find class 'android.app.Notification$Action$Builder', referenced from method b.a
W/dalvikvm(18483): VFY: unable to resolve new-instance 243 (Landroid/app/Notification$Action$Builder;) in Lb;
D/dalvikvm(18483): VFY: replacing opcode 0x22 at 0x0000
E/dalvikvm(18483): Could not find class 'android.graphics.drawable.RippleDrawable', referenced from method b.a
W/dalvikvm(18483): VFY: unable to resolve new-instance 404 (Landroid/graphics/drawable/RippleDrawable;) in Lb;
D/dalvikvm(18483): VFY: replacing opcode 0x22 at 0x000b
W/dalvikvm(18483): VFY: unable to find class referenced in signature (Lcom/google/android/gms/maps/model/LatLng;)
W/dalvikvm(18483): VFY: unable to find class referenced in signature (Lcom/google/android/gms/maps/model/LatLng;)
W/dalvikvm(18483): VFY: unable to find class referenced in signature (Lcom/google/android/gms/maps/model/LatLng;)
W/dalvikvm(18483): VFY: unable to find class referenced in signature (Lcom/google/android/gms/maps/model/LatLng;)
E/dalvikvm(18483): Could not find class 'android.app.Notification$Action$Builder', referenced from method b.a
W/dalvikvm(18483): VFY: unable to resolve new-instance 243 (Landroid/app/Notification$Action$Builder;) in Lb;
D/dalvikvm(18483): VFY: replacing opcode 0x22 at 0x0000
D/dalvikvm(18348): GC_CONCURRENT freed 1406K, 36% free 9613K/14876K, paused 3ms+3ms, total 42ms
D/dalvikvm(18348): WAIT_FOR_CONCURRENT_GC blocked 25ms
W/dalvikvm(18483): Unable to resolve superclass of Lay; (615)
W/dalvikvm(18483): Link of class 'Lay;' failed
E/dalvikvm(18483): Could not find class 'ay', referenced from method b.a
W/dalvikvm(18483): VFY: unable to resolve new-instance 992 (Lay;) in Lb;
D/dalvikvm(18483): VFY: replacing opcode 0x22 at 0x0006
W/dalvikvm(18483): Unable to resolve superclass of Lba; (615)
W/dalvikvm(18483): Link of class 'Lba;' failed
E/dalvikvm(18483): Could not find class 'ba', referenced from method b.a
W/dalvikvm(18483): VFY: unable to resolve new-instance 1018 (Lba;) in Lb;
D/dalvikvm(18483): VFY: replacing opcode 0x22 at 0x002a
I/dalvikvm(18483): Could not find method android.view.ViewGroup.isTransitionGroup, referenced from method b.a
W/dalvikvm(18483): VFY: unable to resolve virtual method 4197: Landroid/view/ViewGroup;.isTransitionGroup ()Z
D/dalvikvm(18483): VFY: replacing opcode 0x6e at 0x000c
I/dalvikvm(18483): Could not find method android.view.View.getTransitionName, referenced from method b.a
W/dalvikvm(18483): VFY: unable to resolve virtual method 4012: Landroid/view/View;.getTransitionName ()Ljava/lang/String;
D/dalvikvm(18483): VFY: replacing opcode 0x6e at 0x0006
W/dalvikvm(18483): VFY: unable to find class referenced in signature ([Landroid/app/RemoteInput;)
E/dalvikvm(18483): Could not find class 'android.app.RemoteInput[]', referenced from method b.a
W/dalvikvm(18483): VFY: unable to resolve new-array 12083 ([Landroid/app/RemoteInput;) in Lb;
D/dalvikvm(18483): VFY: replacing opcode 0x23 at 0x0005
D/dalvikvm(18483): DexOpt: unable to opt direct call 0x047d at 0x0e in Lb;.a
D/dalvikvm(18483): DexOpt: unable to opt direct call 0x07e5 at 0x0e in Lb;.a
D/dalvikvm(18483): DexOpt: unable to opt direct call 0x047d at 0x0e in Lb;.a
W/dalvikvm(18483): Unable to resolve superclass of Lay; (615)
W/dalvikvm(18483): Link of class 'Lay;' failed
D/dalvikvm(18483): DexOpt: unable to opt direct call 0x18a7 at 0x08 in Lb;.a
W/dalvikvm(18483): Unable to resolve superclass of Lba; (615)
W/dalvikvm(18483): Link of class 'Lba;' failed
D/dalvikvm(18483): DexOpt: unable to opt direct call 0x1bda at 0x2c in Lb;.a
D/dalvikvm(18483): DexOpt: unable to opt direct call 0x04d4 at 0x13 in Lb;.a
W/ActivityManager(  756): Permission Denial: getCurrentUser() from pid=18483, uid=10115 requires android.permission.INTERACT_ACROSS_USERS
D/dalvikvm(18483): Trying to load lib /data/app-lib/com.google.android.apps.plus-2/libcrashreporterer.so 0x41f47400
D/dalvikvm(18483): Added shared lib /data/app-lib/com.google.android.apps.plus-2/libcrashreporterer.so 0x41f47400
I/UpdateIcingCorporaServi(18393): Updating corpora: APPS=com.google.android.gms, CONTACTS=MAYBE
D/dalvikvm(  756): GC_EXPLICIT freed 4580K, 36% free 25711K/40100K, paused 6ms+23ms, total 201ms
I/UpdateIcingCorporaServi(18393): UpdateCorporaTask done [took 410 ms] updated apps [took 410 ms] 
D/SSRMv2  (  756): SIOP:: AP = 300 (0), Delta = 0
D/BatteryService(  756): !@BatteryListener : batteryPropertiesChanged!
D/SSRMv2  (  756): SIOP:: AP = 300 (0), Delta = 0
D/BatteryService(  756): !@BatteryListener : batteryPropertiesChanged!
D/ConnectivityManager(18162): getActiveNetworkInfo : NetworkInfo: type: WIFI[], state: CONNECTED/CONNECTED, reason: (unspecified), roaming: false, failover: false, isAvailable: true, isConnectedToProvisioningNetwork: false
E/Watchdog(  756): !@Sync 4464
D/SSRMv2  (  756): SIOP:: AP = 300 (0), Delta = 0
D/        (  756): TIMA: tima-pkm-check event req_len=7792,resp_len=4104!
D/        (  756): TIMA: tima-pkm-check event call to open backend shared_mem_len=7792!
D/        (  756): TAL: TIMA_backend_open--int8_t TIMA_backend_open(void**, appID, uint32_t, uint32_t)
D/        (  756): TIMA: QCOM_backend_open--int8_t QCOM_backend_open(void**, appID, uint32_t, uint32_t)
D/QSEECOMAPI: (  756): App is already loaded QSEE and app id = 3
D/        (  756): TIMA: tima-pkm--TZAPPS is already loaded!
D/        (  756): TAL: TIMA_PKM_measure_kernel--int8_t TIMA_PKM_measure_kernel(TIMA_handle_t, void*, uint32_t, void*, uint32_t, uint32_t)
D/        (  756): TIMA: QCOM_send_command--int8_t QCOM_send_command(TIMA_handle_t, void*, uint32_t, void*, uint32_t, uint32_t)
