D/        (  756): TAL: TIMA_PKM_measure_kernel--int8_t TIMA_PKM_measure_kernel(TIMA_handle_t, void*, uint32_t, void*, uint32_t, uint32_t)
D/        (  756): TIMA: QCOM_send_command--int8_t QCOM_send_command(TIMA_handle_t, void*, uint32_t, void*, uint32_t, uint32_t)
D/        (  756): rsp_len = 1008 rcvd_data_len = 1040, self_calculate_len=1040
D/        (  756): TIMA: QCOM_send_command result--0
D/        (  756): TIMA_PKM_measure_kernel returns with resp..ret=512!
D/        (  756): TAL: TIMA_PKM_measure_kernel--int8_t TIMA_PKM_measure_kernel(TIMA_handle_t, void*, uint32_t, void*, uint32_t, uint32_t)
D/        (  756): TIMA: QCOM_send_command--int8_t QCOM_send_command(TIMA_handle_t, void*, uint32_t, void*, uint32_t, uint32_t)
D/        (  756): rsp_len = 1008 rcvd_data_len = 1040, self_calculate_len=1040
D/        (  756): TIMA: QCOM_send_command result--0
D/        (  756): TIMA_PKM_measure_kernel returns with resp..ret=512!
D/        (  756): TAL: TIMA_PKM_measure_kernel--int8_t TIMA_PKM_measure_kernel(TIMA_handle_t, void*, uint32_t, void*, uint32_t, uint32_t)
D/        (  756): TIMA: QCOM_send_command--int8_t QCOM_send_command(TIMA_handle_t, void*, uint32_t, void*, uint32_t, uint32_t)
D/        (  756): rsp_len = 1008 rcvd_data_len = 1040, self_calculate_len=1040
D/        (  756): TIMA: QCOM_send_command result--0
D/        (  756): TIMA_PKM_measure_kernel returns with resp..ret=512!
D/        (  756): TAL: TIMA_PKM_measure_kernel--int8_t TIMA_PKM_measure_kernel(TIMA_handle_t, void*, uint32_t, void*, uint32_t, uint32_t)
D/        (  756): TIMA: QCOM_send_command--int8_t QCOM_send_command(TIMA_handle_t, void*, uint32_t, void*, uint32_t, uint32_t)
D/        (  756): rsp_len = 1008 rcvd_data_len = 1040, self_calculate_len=1040
D/        (  756): TIMA: QCOM_send_command result--0
D/        (  756): TIMA_PKM_measure_kernel returns with resp..ret=512!
D/        (  756): TAL: TIMA_PKM_measure_kernel--int8_t TIMA_PKM_measure_kernel(TIMA_handle_t, void*, uint32_t, void*, uint32_t, uint32_t)
D/        (  756): TIMA: QCOM_send_command--int8_t QCOM_send_command(TIMA_handle_t, void*, uint32_t, void*, uint32_t, uint32_t)
D/        (  756): rsp_len = 1008 rcvd_data_len = 1040, self_calculate_len=1040
D/        (  756): TIMA: QCOM_send_command result--0
D/        (  756): TIMA_PKM_measure_kernel returns with resp..ret=512!
D/        (  756): TAL: TIMA_PKM_measure_kernel--int8_t TIMA_PKM_measure_kernel(TIMA_handle_t, void*, uint32_t, void*, uint32_t, uint32_t)
D/        (  756): TIMA: QCOM_send_command--int8_t QCOM_send_command(TIMA_handle_t, void*, uint32_t, void*, uint32_t, uint32_t)
D/        (  756): rsp_len = 1008 rcvd_data_len = 1040, self_calculate_len=1040
D/        (  756): TIMA: QCOM_send_command result--0
D/        (  756): TIMA_PKM_measure_kernel returns with resp..ret=512!
D/        (  756): TAL: TIMA_PKM_measure_kernel--int8_t TIMA_PKM_measure_kernel(TIMA_handle_t, void*, uint32_t, void*, uint32_t, uint32_t)
D/        (  756): TIMA: QCOM_send_command--int8_t QCOM_send_command(TIMA_handle_t, void*, uint32_t, void*, uint32_t, uint32_t)
D/        (  756): rsp_len = 1008 rcvd_data_len = 1040, self_calculate_len=1040
D/        (  756): TIMA: QCOM_send_command result--0
D/        (  756): TIMA_PKM_measure_kernel returns with resp..ret=512!
D/        (  756): TAL: TIMA_PKM_measure_kernel--int8_t TIMA_PKM_measure_kernel(TIMA_handle_t, void*, uint32_t, void*, uint32_t, uint32_t)
D/        (  756): TIMA: QCOM_send_command--int8_t QCOM_send_command(TIMA_handle_t, void*, uint32_t, void*, uint32_t, uint32_t)
D/        (  756): rsp_len = 1008 rcvd_data_len = 1040, self_calculate_len=1040
D/        (  756): TIMA: QCOM_send_command result--0
D/        (  756): TIMA_PKM_measure_kernel returns with resp..ret=512!
D/        (  756): TAL: TIMA_PKM_measure_kernel--int8_t TIMA_PKM_measure_kernel(TIMA_handle_t, void*, uint32_t, void*, uint32_t, uint32_t)
D/        (  756): TIMA: QCOM_send_command--int8_t QCOM_send_command(TIMA_handle_t, void*, uint32_t, void*, uint32_t, uint32_t)
D/        (  756): rsp_len = 1008 rcvd_data_len = 1040, self_calculate_len=1040
D/        (  756): TIMA: QCOM_send_command result--0
D/        (  756): TIMA_PKM_measure_kernel returns with resp..ret=512!
D/        (  756): TAL: TIMA_PKM_measure_kernel--int8_t TIMA_PKM_measure_kernel(TIMA_handle_t, void*, uint32_t, void*, uint32_t, uint32_t)
D/        (  756): TIMA: QCOM_send_command--int8_t QCOM_send_command(TIMA_handle_t, void*, uint32_t, void*, uint32_t, uint32_t)
D/        (  756): rsp_len = 1008 rcvd_data_len = 1040, self_calculate_len=1040
D/        (  756): TIMA: QCOM_send_command result--0
D/        (  756): TIMA_PKM_measure_kernel returns with resp..ret=512!
D/        (  756): TAL: TIMA_PKM_measure_kernel--int8_t TIMA_PKM_measure_kernel(TIMA_handle_t, void*, uint32_t, void*, uint32_t, uint32_t)
D/        (  756): TIMA: QCOM_send_command--int8_t QCOM_send_command(TIMA_handle_t, void*, uint32_t, void*, uint32_t, uint32_t)
D/        (  756): rsp_len = 1008 rcvd_data_len = 1040, self_calculate_len=1040
D/        (  756): TIMA: QCOM_send_command result--0
D/        (  756): TIMA_PKM_measure_kernel returns with resp..ret=512!
D/        (  756): TAL: TIMA_PKM_measure_kernel--int8_t TIMA_PKM_measure_kernel(TIMA_handle_t, void*, uint32_t, void*, uint32_t, uint32_t)
D/        (  756): TIMA: QCOM_send_command--int8_t QCOM_send_command(TIMA_handle_t, void*, uint32_t, void*, uint32_t, uint32_t)
D/        (  756): rsp_len = 1008 rcvd_data_len = 1040, self_calculate_len=1040
D/        (  756): TIMA: QCOM_send_command result--0
D/        (  756): TIMA_PKM_measure_kernel returns with resp..ret=512!
D/        (  756): TAL: TIMA_PKM_measure_kernel--int8_t TIMA_PKM_measure_kernel(TIMA_handle_t, void*, uint32_t, void*, uint32_t, uint32_t)
D/        (  756): TIMA: QCOM_send_command--int8_t QCOM_send_command(TIMA_handle_t, void*, uint32_t, void*, uint32_t, uint32_t)
D/        (  756): rsp_len = 1008 rcvd_data_len = 1040, self_calculate_len=1040
D/        (  756): TIMA: QCOM_send_command result--0
D/        (  756): TIMA_PKM_measure_kernel returns with resp..ret=512!
D/        (  756): TAL: TIMA_PKM_measure_kernel--int8_t TIMA_PKM_measure_kernel(TIMA_handle_t, void*, uint32_t, void*, uint32_t, uint32_t)
D/        (  756): TIMA: QCOM_send_command--int8_t QCOM_send_command(TIMA_handle_t, void*, uint32_t, void*, uint32_t, uint32_t)
D/        (  756): rsp_len = 1008 rcvd_data_len = 1040, self_calculate_len=1040
D/        (  756): TIMA: QCOM_send_command result--0
D/        (  756): TIMA_PKM_measure_kernel returns with resp..ret=512!
D/        (  756): TAL: TIMA_PKM_measure_kernel--int8_t TIMA_PKM_measure_kernel(TIMA_handle_t, void*, uint32_t, void*, uint32_t, uint32_t)
D/        (  756): TIMA: QCOM_send_command--int8_t QCOM_send_command(TIMA_handle_t, void*, uint32_t, void*, uint32_t, uint32_t)
D/        (  756): rsp_len = 1008 rcvd_data_len = 1040, self_calculate_len=1040
D/        (  756): TIMA: QCOM_send_command result--0
D/        (  756): TIMA_PKM_measure_kernel returns with resp..ret=512!
D/        (  756): TAL: TIMA_PKM_measure_kernel--int8_t TIMA_PKM_measure_kernel(TIMA_handle_t, void*, uint32_t, void*, uint32_t, uint32_t)
D/        (  756): TIMA: QCOM_send_command--int8_t QCOM_send_command(TIMA_handle_t, void*, uint32_t, void*, uint32_t, uint32_t)
D/        (  756): rsp_len = 1008 rcvd_data_len = 1040, self_calculate_len=1040
D/        (  756): TIMA: QCOM_send_command result--0
D/        (  756): TIMA_PKM_measure_kernel returns with resp..ret=512!
D/        (  756): TAL: TIMA_PKM_measure_kernel--int8_t TIMA_PKM_measure_kernel(TIMA_handle_t, void*, uint32_t, void*, uint32_t, uint32_t)
D/        (  756): TIMA: QCOM_send_command--int8_t QCOM_send_command(TIMA_handle_t, void*, uint32_t, void*, uint32_t, uint32_t)
D/        (  756): rsp_len = 1008 rcvd_data_len = 1040, self_calculate_len=1040
D/        (  756): TIMA: QCOM_send_command result--0
D/        (  756): TIMA_PKM_measure_kernel returns with resp..ret=512!
D/        (  756): TAL: TIMA_PKM_measure_kernel--int8_t TIMA_PKM_measure_kernel(TIMA_handle_t, void*, uint32_t, void*, uint32_t, uint32_t)
D/        (  756): TIMA: QCOM_send_command--int8_t QCOM_send_command(TIMA_handle_t, void*, uint32_t, void*, uint32_t, uint32_t)
D/        (  756): rsp_len = 1008 rcvd_data_len = 1040, self_calculate_len=1040
D/        (  756): TIMA: QCOM_send_command result--0
D/        (  756): TIMA_PKM_measure_kernel returns with resp..ret=512!
D/        (  756): TAL: TIMA_PKM_measure_kernel--int8_t TIMA_PKM_measure_kernel(TIMA_handle_t, void*, uint32_t, void*, uint32_t, uint32_t)
D/        (  756): TIMA: QCOM_send_command--int8_t QCOM_send_command(TIMA_handle_t, void*, uint32_t, void*, uint32_t, uint32_t)
D/        (  756): rsp_len = 1008 rcvd_data_len = 1040, self_calculate_len=1040
D/        (  756): TIMA: QCOM_send_command result--0
D/        (  756): TIMA_PKM_measure_kernel returns with resp..ret=512!
D/        (  756): TAL: TIMA_PKM_measure_kernel--int8_t TIMA_PKM_measure_kernel(TIMA_handle_t, void*, uint32_t, void*, uint32_t, uint32_t)
D/        (  756): TIMA: QCOM_send_command--int8_t QCOM_send_command(TIMA_handle_t, void*, uint32_t, void*, uint32_t, uint32_t)
D/        (  756): rsp_len = 1008 rcvd_data_len = 1040, self_calculate_len=1040
D/        (  756): TIMA: QCOM_send_command result--0
D/        (  756): TIMA_PKM_measure_kernel returns with resp..ret=512!
D/        (  756): TAL: TIMA_PKM_measure_kernel--int8_t TIMA_PKM_measure_kernel(TIMA_handle_t, void*, uint32_t, void*, uint32_t, uint32_t)
D/        (  756): TIMA: QCOM_send_command--int8_t QCOM_send_command(TIMA_handle_t, void*, uint32_t, void*, uint32_t, uint32_t)
D/        (  756): rsp_len = 1008 rcvd_data_len = 1040, self_calculate_len=1040
D/        (  756): TIMA: QCOM_send_command result--0
D/        (  756): TIMA_PKM_measure_kernel returns with resp..ret=512!
D/        (  756): TAL: TIMA_PKM_measure_kernel--int8_t TIMA_PKM_measure_kernel(TIMA_handle_t, void*, uint32_t, void*, uint32_t, uint32_t)
D/        (  756): TIMA: QCOM_send_command--int8_t QCOM_send_command(TIMA_handle_t, void*, uint32_t, void*, uint32_t, uint32_t)
D/        (  756): rsp_len = 1008 rcvd_data_len = 1040, self_calculate_len=1040
D/        (  756): TIMA: QCOM_send_command result--0
D/        (  756): TIMA_PKM_measure_kernel returns with resp..ret=512!
D/        (  756): TAL: TIMA_PKM_measure_kernel--int8_t TIMA_PKM_measure_kernel(TIMA_handle_t, void*, uint32_t, void*, uint32_t, uint32_t)
D/        (  756): TIMA: QCOM_send_command--int8_t QCOM_send_command(TIMA_handle_t, void*, uint32_t, void*, uint32_t, uint32_t)
D/        (  756): rsp_len = 1008 rcvd_data_len = 1040, self_calculate_len=1040
D/        (  756): TIMA: QCOM_send_command result--0
D/        (  756): TIMA_PKM_measure_kernel returns with resp..ret=512!
D/        (  756): TAL: TIMA_PKM_measure_kernel--int8_t TIMA_PKM_measure_kernel(TIMA_handle_t, void*, uint32_t, void*, uint32_t, uint32_t)
D/        (  756): TIMA: QCOM_send_command--int8_t QCOM_send_command(TIMA_handle_t, void*, uint32_t, void*, uint32_t, uint32_t)
D/        (  756): rsp_len = 1008 rcvd_data_len = 1040, self_calculate_len=1040
D/        (  756): TIMA: QCOM_send_command result--0
D/        (  756): TIMA_PKM_measure_kernel returns with resp..ret=512!
D/        (  756): TAL: TIMA_PKM_measure_kernel--int8_t TIMA_PKM_measure_kernel(TIMA_handle_t, void*, uint32_t, void*, uint32_t, uint32_t)
D/        (  756): TIMA: QCOM_send_command--int8_t QCOM_send_command(TIMA_handle_t, void*, uint32_t, void*, uint32_t, uint32_t)
D/        (  756): rsp_len = 1008 rcvd_data_len = 1040, self_calculate_len=1040
D/        (  756): TIMA: QCOM_send_command result--0
D/        (  756): TIMA_PKM_measure_kernel returns with resp..ret=512!
D/        (  756): TAL: TIMA_PKM_measure_kernel--int8_t TIMA_PKM_measure_kernel(TIMA_handle_t, void*, uint32_t, void*, uint32_t, uint32_t)
D/        (  756): TIMA: QCOM_send_command--int8_t QCOM_send_command(TIMA_handle_t, void*, uint32_t, void*, uint32_t, uint32_t)
D/        (  756): rsp_len = 1008 rcvd_data_len = 1040, self_calculate_len=1040
D/        (  756): TIMA: QCOM_send_command result--0
D/        (  756): TIMA_PKM_measure_kernel returns with resp..ret=512!
D/        (  756): TAL: TIMA_PKM_measure_kernel--int8_t TIMA_PKM_measure_kernel(TIMA_handle_t, void*, uint32_t, void*, uint32_t, uint32_t)
D/        (  756): TIMA: QCOM_send_command--int8_t QCOM_send_command(TIMA_handle_t, void*, uint32_t, void*, uint32_t, uint32_t)
D/        (  756): rsp_len = 1008 rcvd_data_len = 1040, self_calculate_len=1040
D/        (  756): TIMA: QCOM_send_command result--0
D/        (  756): TIMA_PKM_measure_kernel returns with resp..ret=512!
D/        (  756): TAL: TIMA_PKM_measure_kernel--int8_t TIMA_PKM_measure_kernel(TIMA_handle_t, void*, uint32_t, void*, uint32_t, uint32_t)
D/        (  756): TIMA: QCOM_send_command--int8_t QCOM_send_command(TIMA_handle_t, void*, uint32_t, void*, uint32_t, uint32_t)
D/        (  756): rsp_len = 1008 rcvd_data_len = 1040, self_calculate_len=1040
D/        (  756): TIMA: QCOM_send_command result--0
D/        (  756): TIMA_PKM_measure_kernel returns with resp..ret=512!
D/        (  756): TAL: TIMA_PKM_measure_kernel--int8_t TIMA_PKM_measure_kernel(TIMA_handle_t, void*, uint32_t, void*, uint32_t, uint32_t)
D/        (  756): TIMA: QCOM_send_command--int8_t QCOM_send_command(TIMA_handle_t, void*, uint32_t, void*, uint32_t, uint32_t)
D/        (  756): rsp_len = 1008 rcvd_data_len = 1040, self_calculate_len=1040
D/        (  756): TIMA: QCOM_send_command result--0
D/        (  756): TIMA_PKM_measure_kernel returns with resp..ret=512!
D/        (  756): TAL: TIMA_PKM_measure_kernel--int8_t TIMA_PKM_measure_kernel(TIMA_handle_t, void*, uint32_t, void*, uint32_t, uint32_t)
D/        (  756): TIMA: QCOM_send_command--int8_t QCOM_send_command(TIMA_handle_t, void*, uint32_t, void*, uint32_t, uint32_t)
D/        (  756): rsp_len = 1008 rcvd_data_len = 1040, self_calculate_len=1040
D/        (  756): TIMA: QCOM_send_command result--0
D/        (  756): TIMA_PKM_measure_kernel returns with resp..ret=512!
D/        (  756): TAL: TIMA_PKM_measure_kernel--int8_t TIMA_PKM_measure_kernel(TIMA_handle_t, void*, uint32_t, void*, uint32_t, uint32_t)
D/        (  756): TIMA: QCOM_send_command--int8_t QCOM_send_command(TIMA_handle_t, void*, uint32_t, void*, uint32_t, uint32_t)
D/        (  756): rsp_len = 1008 rcvd_data_len = 1040, self_calculate_len=1040
D/        (  756): TIMA: QCOM_send_command result--0
D/        (  756): TIMA_PKM_measure_kernel returns with resp..ret=512!
D/        (  756): TAL: TIMA_PKM_measure_kernel--int8_t TIMA_PKM_measure_kernel(TIMA_handle_t, void*, uint32_t, void*, uint32_t, uint32_t)
D/        (  756): TIMA: QCOM_send_command--int8_t QCOM_send_command(TIMA_handle_t, void*, uint32_t, void*, uint32_t, uint32_t)
D/        (  756): rsp_len = 1008 rcvd_data_len = 1040, self_calculate_len=1040
D/        (  756): TIMA: QCOM_send_command result--0
D/        (  756): TIMA_PKM_measure_kernel returns with resp..ret=512!
D/        (  756): TAL: TIMA_PKM_measure_kernel--int8_t TIMA_PKM_measure_kernel(TIMA_handle_t, void*, uint32_t, void*, uint32_t, uint32_t)
D/        (  756): TIMA: QCOM_send_command--int8_t QCOM_send_command(TIMA_handle_t, void*, uint32_t, void*, uint32_t, uint32_t)
D/        (  756): rsp_len = 1008 rcvd_data_len = 1040, self_calculate_len=1040
D/        (  756): TIMA: QCOM_send_command result--0
D/        (  756): TIMA_PKM_measure_kernel returns with resp..ret=512!
D/        (  756): TAL: TIMA_PKM_measure_kernel--int8_t TIMA_PKM_measure_kernel(TIMA_handle_t, void*, uint32_t, void*, uint32_t, uint32_t)
D/        (  756): TIMA: QCOM_send_command--int8_t QCOM_send_command(TIMA_handle_t, void*, uint32_t, void*, uint32_t, uint32_t)
D/        (  756): rsp_len = 1008 rcvd_data_len = 1040, self_calculate_len=1040
D/        (  756): TIMA: QCOM_send_command result--0
D/        (  756): TIMA_PKM_measure_kernel returns with resp..ret=512!
D/        (  756): TAL: TIMA_PKM_measure_kernel--int8_t TIMA_PKM_measure_kernel(TIMA_handle_t, void*, uint32_t, void*, uint32_t, uint32_t)
D/        (  756): TIMA: QCOM_send_command--int8_t QCOM_send_command(TIMA_handle_t, void*, uint32_t, void*, uint32_t, uint32_t)
D/        (  756): rsp_len = 1008 rcvd_data_len = 1040, self_calculate_len=1040
D/        (  756): TIMA: QCOM_send_command result--0
D/        (  756): TIMA_PKM_measure_kernel returns with resp..ret=512!
D/        (  756): TAL: TIMA_PKM_measure_kernel--int8_t TIMA_PKM_measure_kernel(TIMA_handle_t, void*, uint32_t, void*, uint32_t, uint32_t)
D/        (  756): TIMA: QCOM_send_command--int8_t QCOM_send_command(TIMA_handle_t, void*, uint32_t, void*, uint32_t, uint32_t)
D/        (  756): rsp_len = 1008 rcvd_data_len = 1040, self_calculate_len=1040
D/        (  756): TIMA: QCOM_send_command result--0
D/        (  756): TIMA_PKM_measure_kernel returns with resp..ret=512!
D/        (  756): TAL: TIMA_PKM_measure_kernel--int8_t TIMA_PKM_measure_kernel(TIMA_handle_t, void*, uint32_t, void*, uint32_t, uint32_t)
D/        (  756): TIMA: QCOM_send_command--int8_t QCOM_send_command(TIMA_handle_t, void*, uint32_t, void*, uint32_t, uint32_t)
D/        (  756): rsp_len = 1008 rcvd_data_len = 1040, self_calculate_len=1040
D/        (  756): TIMA: QCOM_send_command result--0
D/        (  756): TIMA_PKM_measure_kernel returns with resp..ret=512!
D/        (  756): TAL: TIMA_PKM_measure_kernel--int8_t TIMA_PKM_measure_kernel(TIMA_handle_t, void*, uint32_t, void*, uint32_t, uint32_t)
D/        (  756): TIMA: QCOM_send_command--int8_t QCOM_send_command(TIMA_handle_t, void*, uint32_t, void*, uint32_t, uint32_t)
D/        (  756): rsp_len = 1008 rcvd_data_len = 1040, self_calculate_len=1040
D/        (  756): TIMA: QCOM_send_command result--0
D/        (  756): TIMA_PKM_measure_kernel returns with resp..ret=512!
D/        (  756): TAL: TIMA_PKM_measure_kernel--int8_t TIMA_PKM_measure_kernel(TIMA_handle_t, void*, uint32_t, void*, uint32_t, uint32_t)
D/        (  756): TIMA: QCOM_send_command--int8_t QCOM_send_command(TIMA_handle_t, void*, uint32_t, void*, uint32_t, uint32_t)
D/        (  756): rsp_len = 1008 rcvd_data_len = 1040, self_calculate_len=1040
D/        (  756): TIMA: QCOM_send_command result--0
D/        (  756): TIMA_PKM_measure_kernel returns with resp..ret=512!
D/        (  756): TAL: TIMA_PKM_measure_kernel--int8_t TIMA_PKM_measure_kernel(TIMA_handle_t, void*, uint32_t, void*, uint32_t, uint32_t)
D/        (  756): TIMA: QCOM_send_command--int8_t QCOM_send_command(TIMA_handle_t, void*, uint32_t, void*, uint32_t, uint32_t)
D/        (  756): rsp_len = 1008 rcvd_data_len = 1040, self_calculate_len=1040
D/        (  756): TIMA: QCOM_send_command result--0
D/        (  756): TIMA_PKM_measure_kernel returns with resp..ret=512!
D/        (  756): TAL: TIMA_PKM_measure_kernel--int8_t TIMA_PKM_measure_kernel(TIMA_handle_t, void*, uint32_t, void*, uint32_t, uint32_t)
D/        (  756): TIMA: QCOM_send_command--int8_t QCOM_send_command(TIMA_handle_t, void*, uint32_t, void*, uint32_t, uint32_t)
D/        (  756): rsp_len = 1008 rcvd_data_len = 1040, self_calculate_len=1040
D/        (  756): TIMA: QCOM_send_command result--0
D/        (  756): TIMA_PKM_measure_kernel returns with resp..ret=512!
D/        (  756): TAL: TIMA_PKM_measure_kernel--int8_t TIMA_PKM_measure_kernel(TIMA_handle_t, void*, uint32_t, void*, uint32_t, uint32_t)
D/        (  756): TIMA: QCOM_send_command--int8_t QCOM_send_command(TIMA_handle_t, void*, uint32_t, void*, uint32_t, uint32_t)
D/        (  756): rsp_len = 1008 rcvd_data_len = 1040, self_calculate_len=1040
D/        (  756): TIMA: QCOM_send_command result--0
D/        (  756): TIMA_PKM_measure_kernel returns with resp..ret=512!
D/        (  756): TAL: TIMA_PKM_measure_kernel--int8_t TIMA_PKM_measure_kernel(TIMA_handle_t, void*, uint32_t, void*, uint32_t, uint32_t)
D/        (  756): TIMA: QCOM_send_command--int8_t QCOM_send_command(TIMA_handle_t, void*, uint32_t, void*, uint32_t, uint32_t)
D/        (  756): rsp_len = 1008 rcvd_data_len = 1040, self_calculate_len=1040
D/        (  756): TIMA: QCOM_send_command result--0
D/        (  756): TIMA_PKM_measure_kernel returns with resp..ret=512!
D/        (  756): TAL: TIMA_PKM_measure_kernel--int8_t TIMA_PKM_measure_kernel(TIMA_handle_t, void*, uint32_t, void*, uint32_t, uint32_t)
D/        (  756): TIMA: QCOM_send_command--int8_t QCOM_send_command(TIMA_handle_t, void*, uint32_t, void*, uint32_t, uint32_t)
D/        (  756): rsp_len = 1008 rcvd_data_len = 1040, self_calculate_len=1040
D/        (  756): TIMA: QCOM_send_command result--0
D/        (  756): TIMA_PKM_measure_kernel returns with resp..ret=512!
D/        (  756): TAL: TIMA_PKM_measure_kernel--int8_t TIMA_PKM_measure_kernel(TIMA_handle_t, void*, uint32_t, void*, uint32_t, uint32_t)
D/        (  756): TIMA: QCOM_send_command--int8_t QCOM_send_command(TIMA_handle_t, void*, uint32_t, void*, uint32_t, uint32_t)
D/        (  756): rsp_len = 1008 rcvd_data_len = 1040, self_calculate_len=1040
D/        (  756): TIMA: QCOM_send_command result--0
D/        (  756): TIMA_PKM_measure_kernel returns with resp..ret=512!
D/        (  756): TAL: TIMA_PKM_measure_kernel--int8_t TIMA_PKM_measure_kernel(TIMA_handle_t, void*, uint32_t, void*, uint32_t, uint32_t)
D/        (  756): TIMA: QCOM_send_command--int8_t QCOM_send_command(TIMA_handle_t, void*, uint32_t, void*, uint32_t, uint32_t)
D/        (  756): rsp_len = 1008 rcvd_data_len = 1040, self_calculate_len=1040
D/        (  756): TIMA: QCOM_send_command result--0
D/        (  756): TIMA_PKM_measure_kernel returns with resp..ret=512!
D/        (  756): TAL: TIMA_PKM_measure_kernel--int8_t TIMA_PKM_measure_kernel(TIMA_handle_t, void*, uint32_t, void*, uint32_t, uint32_t)
D/        (  756): TIMA: QCOM_send_command--int8_t QCOM_send_command(TIMA_handle_t, void*, uint32_t, void*, uint32_t, uint32_t)
D/        (  756): rsp_len = 1008 rcvd_data_len = 1040, self_calculate_len=1040
D/        (  756): TIMA: QCOM_send_command result--0
D/        (  756): TIMA_PKM_measure_kernel returns with resp..ret=512!
D/        (  756): TAL: TIMA_PKM_measure_kernel--int8_t TIMA_PKM_measure_kernel(TIMA_handle_t, void*, uint32_t, void*, uint32_t, uint32_t)
D/        (  756): TIMA: QCOM_send_command--int8_t QCOM_send_command(TIMA_handle_t, void*, uint32_t, void*, uint32_t, uint32_t)
D/        (  756): rsp_len = 1008 rcvd_data_len = 1040, self_calculate_len=1040
D/        (  756): TIMA: QCOM_send_command result--0
D/        (  756): TIMA_PKM_measure_kernel returns with resp..ret=512!
D/        (  756): TAL: TIMA_PKM_measure_kernel--int8_t TIMA_PKM_measure_kernel(TIMA_handle_t, void*, uint32_t, void*, uint32_t, uint32_t)
D/        (  756): TIMA: QCOM_send_command--int8_t QCOM_send_command(TIMA_handle_t, void*, uint32_t, void*, uint32_t, uint32_t)
D/        (  756): rsp_len = 1008 rcvd_data_len = 1040, self_calculate_len=1040
D/        (  756): TIMA: QCOM_send_command result--0
D/        (  756): TIMA_PKM_measure_kernel returns with resp..ret=512!
D/        (  756): TAL: TIMA_PKM_measure_kernel--int8_t TIMA_PKM_measure_kernel(TIMA_handle_t, void*, uint32_t, void*, uint32_t, uint32_t)
D/        (  756): TIMA: QCOM_send_command--int8_t QCOM_send_command(TIMA_handle_t, void*, uint32_t, void*, uint32_t, uint32_t)
D/        (  756): rsp_len = 1008 rcvd_data_len = 1040, self_calculate_len=1040
D/        (  756): TIMA: QCOM_send_command result--0
D/        (  756): TIMA_PKM_measure_kernel returns with resp..ret=0!
D/        (  756): TIMA: final string =TIMA_STATUS=0;MSG=Kernel Verification Success;!
D/TimaService(  756): TIMA MEASUREMENT Result: TIMA_STATUS=0;MSG=Kernel Verification Success;
D/TimaService(  756): TIMA MEASUREMENT success status: TIMA_STATUS=0;MSG=Kernel Verification Success;
D/SSRMv2  (  756): SIOP:: AP = 300 (0), Delta = 0
D/BatteryService(  756): !@BatteryListener : batteryPropertiesChanged!
D/BatteryService(  756): level:91, scale:100, status:3, health:2, present:true, voltage: 4344, temperature: 256, technology: Li-ion, AC powered:false, USB powered:true, Wireless powered:false, icon:17303663, invalid charger:0, online:4, current avg:350, charge type:2, power sharing:false, high voltage charger:false, capacity:280000, current_now:350
D/BatteryService(  756): Sending ACTION_BATTERY_CHANGED.
D/KeyguardUpdateMonitor(  932): received broadcast android.intent.action.BATTERY_CHANGED
D/KeyguardUpdateMonitor(  932): handleBatteryUpdate
V/HeadsetService( 1741): HeadsetService - Received Intent.ACTION_BATTERY_CHANGED
D/HeadsetStateMachine( 1741): Disconnected process message: 10
D/STATUSBAR-PhoneStatusBar(  932):  mBrightnessEnablebySettings = true mBrightnessEnablebyBattery = true mBrightnessEnablebyDisableFlag = true mPmsBrightnessEnablebySettings = true
D/BatteryMeterView(  932): ACTION_BATTERY_CHANGED : level:91 status:3 health:2isPlug: true
D/STATUSBAR-IconMerger(  932): checkOverflow(560), More:false, Req:false Child:5
V/AlarmManager(  756): waitForAlarm result :8
V/AlarmManager(  756): ClockReceiver onReceive() ACTION_TIME_TICK
D/KeyguardUpdateMonitor(  932): received broadcast android.intent.action.TIME_TICK
D/KeyguardUpdateMonitor(  932): handleTimeUpdate
D/STATUSBAR-IconMerger(  932): checkOverflow(560), More:false, Req:false Child:5
D/SecKeyguardClock(  932): updateClock()
D/KeyguardProperties(  932): isIgnoreNationalRoaming() = false
D/SecKeyguardClock(  932): isShowClock = true, isDualClock = true, isNetworkRoaming = false, !isEasyUxOn = true, isHometimeExist = false, isEmergencyOn = false, isShowInformation = true
D/KeyguardProperties(  932): regionalDateFormat = 22/11/3333 isRTLlanguage = false returnDateFormat = E, d MMMM
D/KeyguardProperties(  932): regionalDateFormat = 22/11/3333 isRTLlanguage = false returnDateFormat = E, d MMMM
D/SecKeyguardClock(  932): updateSingleClock(): 17:30
D/SecKeyguardClock(  932): HomeTimezone(): 0
D/SecKeyguardClock(  932): size=1 fontSize=115 lp.leftMargin=-7
D/SecKeyguardClock(  932): refreshAlarm(): 
D/SecMyProfile(  932): pkg=com.monotype.android.font.samsungsansfile=fonts/Samsungsans.ttf
D/KeyguardProperties(  932): regionalDateFormat = 22/11/3333 isRTLlanguage = false returnDateFormat = E, d MMMM
D/SecMyProfile(  932): refreshAlarm(): 
D/SSRMv2  (  756): SIOP:: AP = 300 (0), Delta = 0
D/BatteryService(  756): !@BatteryListener : batteryPropertiesChanged!
D/BatteryService(  756): level:91, scale:100, status:3, health:2, present:true, voltage: 4345, temperature: 256, technology: Li-ion, AC powered:false, USB powered:true, Wireless powered:false, icon:17303663, invalid charger:0, online:4, current avg:349, charge type:2, power sharing:false, high voltage charger:false, capacity:280000, current_now:349
D/BatteryService(  756): Sending ACTION_BATTERY_CHANGED.
D/KeyguardUpdateMonitor(  932): received broadcast android.intent.action.BATTERY_CHANGED
D/KeyguardUpdateMonitor(  932): handleBatteryUpdate
V/HeadsetService( 1741): HeadsetService - Received Intent.ACTION_BATTERY_CHANGED
D/HeadsetStateMachine( 1741): Disconnected process message: 10
D/STATUSBAR-PhoneStatusBar(  932):  mBrightnessEnablebySettings = true mBrightnessEnablebyBattery = true mBrightnessEnablebyDisableFlag = true mPmsBrightnessEnablebySettings = true
D/BatteryMeterView(  932): ACTION_BATTERY_CHANGED : level:91 status:3 health:2isPlug: true
D/STATUSBAR-IconMerger(  932): checkOverflow(560), More:false, Req:false Child:5
D/SSRMv2  (  756): SIOP:: AP = 300 (0), Delta = 0
D/BatteryService(  756): !@BatteryListener : batteryPropertiesChanged!
D/BatteryService(  756): level:91, scale:100, status:3, health:2, present:true, voltage: 4345, temperature: 256, technology: Li-ion, AC powered:false, USB powered:true, Wireless powered:false, icon:17303663, invalid charger:0, online:4, current avg:348, charge type:2, power sharing:false, high voltage charger:false, capacity:280000, current_now:348
D/BatteryService(  756): Sending ACTION_BATTERY_CHANGED.
D/KeyguardUpdateMonitor(  932): received broadcast android.intent.action.BATTERY_CHANGED
D/KeyguardUpdateMonitor(  932): handleBatteryUpdate
V/HeadsetService( 1741): HeadsetService - Received Intent.ACTION_BATTERY_CHANGED
D/HeadsetStateMachine( 1741): Disconnected process message: 10
D/STATUSBAR-PhoneStatusBar(  932):  mBrightnessEnablebySettings = true mBrightnessEnablebyBattery = true mBrightnessEnablebyDisableFlag = true mPmsBrightnessEnablebySettings = true
D/BatteryMeterView(  932): ACTION_BATTERY_CHANGED : level:91 status:3 health:2isPlug: true
D/STATUSBAR-IconMerger(  932): checkOverflow(560), More:false, Req:false Child:5
E/Watchdog(  756): !@Sync 4475
D/SSRMv2  (  756): SIOP:: AP = 300 (0), Delta = 0
D/BatteryService(  756): !@BatteryListener : batteryPropertiesChanged!
D/BatteryService(  756): level:91, scale:100, status:3, health:2, present:true, voltage: 4346, temperature: 256, technology: Li-ion, AC powered:false, USB powered:true, Wireless powered:false, icon:17303663, invalid charger:0, online:4, current avg:349, charge type:2, power sharing:false, high voltage charger:false, capacity:280000, current_now:349
D/BatteryService(  756): Sending ACTION_BATTERY_CHANGED.
D/KeyguardUpdateMonitor(  932): received broadcast android.intent.action.BATTERY_CHANGED
D/KeyguardUpdateMonitor(  932): handleBatteryUpdate
V/HeadsetService( 1741): HeadsetService - Received Intent.ACTION_BATTERY_CHANGED
D/HeadsetStateMachine( 1741): Disconnected process message: 10
D/STATUSBAR-PhoneStatusBar(  932):  mBrightnessEnablebySettings = true mBrightnessEnablebyBattery = true mBrightnessEnablebyDisableFlag = true mPmsBrightnessEnablebySettings = true
D/BatteryMeterView(  932): ACTION_BATTERY_CHANGED : level:91 status:3 health:2isPlug: true
D/STATUSBAR-IconMerger(  932): checkOverflow(560), More:false, Req:false Child:5
D/SSRMv2  (  756): SIOP:: AP = 300 (0), Delta = 0
D/InputReader(  756): Input event: value=1
D/InputReader(  756): !@notifyKey(172), action=0
D/InputManager-JNI(  756): !@interceptKeyBeforeQueueing(172), action=0
E/SamsungWindowManager(  756): mCoreNumLockHelper.acquire
D/InputManager-JNI(  756): !@handleInterceptActions(172), action=0, wmActions=2
D/CustomFrequencyManagerService(  756): acquireDVFSLockLocked : type : DVFS_MIN_LIMIT  frequency : 1190400  uid : 1000  pid : 756  pkgName : WAKEUP_BOOSTER@26
D/PowerManagerService(  756): [api] [s] wakeUpFromNative:  (uid: 1000 pid: 756) eventTime = 134328730
D/InputManager-JNI(  756): Disable repeat for home key when device wake up
I/libsuspend(  756): !@[s] autosuspend_autosleep_disable
I/libsuspend(  756): !@[s] autosuspend_autosleep_disable done
D/WindowOrientationListener(  756): sensor enabled
D/SurfaceFlinger(  235): Screen acquired, type=0 flinger=0xb8b46568
D/qdhwcomposer(  235): hwc_blank: Unblanking display: 0
I/PowerManagerService(  756): !@[ps] Screen__On :  wakeUpFromNative:  (uid: 1000 pid: 756)
I/PowerManagerService(  756): Waking up from sleep...
D/PowerManagerService(  756): Screen Readiness Inspection requested: mNestCount=1
D/PowerManagerService(  756): [PWL] sb acquire: PowerManagerService.Broadcasts
D/PowerManagerService(  756): [s] WAKEFULNESS_AWAKE
D/PowerManagerService(  756): [s] getScreenOffTimeoutLocked: 300000 -> 10000
D/PowerManagerService(  756): [s] UserActivityState : 0 -> 1
D/PowerManagerService(  756): [PWL] sb acquire: PowerManagerService.Display
D/DisplayPowerController(  756): animation target = 151 (PSM:false, AB limit:(-1 ~ -1) MB Limit:(-1 ~ -1) MAdj:(0, (0, 255)))
D/PowerManagerService(  756): unblankAllDisplays() is called.
D/PowerManagerService(  756): !@[s] unblankAllDisplays() : unblankAllDisplaysFromPowerManager
I/SensorManagerA(  756): getReportingMode :: sensor.mType = 65558
D/SensorService(  756): [SO] setDelay [20000000]
D/SensorService(  756): [SO] activate (ident=0x820aa540, enabled=1)
D/SensorService(  756): [SO] AR_init
D/SensorManager(  756): registerListener :: 1600221811, Screen Orientation Sensor, 0, 0,  
V/KeyguardServiceDelegate(  756): onScreenTurnedOn(showListener = com.android.internal.policy.impl.PhoneWindowManager$39@431a13d0)
D/InputDispatcher(  756): setInputDispatchMode: enabled=1, frozen=0
D/KeyguardViewMediator(  932): onScreenTurnedOn, seq = 173
D/KeyguardViewMediator(  932): notifyScreenOnLocked
D/KeyguardViewMediator(  932): handleNotifyScreenOn
D/KeyguardViewManager(  932): onScreenTurnedOn()
D/KeyguardHostView(  932): screen on, instance 425221c0
D/ContextualEventManager(  932): updateClock()
D/LockPatternUtils(  932): isPcwEnable = null
D/LockPatternUtils(  932): isPcwEnable = null
D/LockPatternUtils(  932): isPcwEnable = null
V/KeyguardHostView(  932): showPrimarySecurityScreen(turningOff=false)
I/MDPP    (  932): Property: Empty
D/KeyguardHostView(  932): showSecurityScreen(None)
I/KeyguardEffectViewMain(  932): *** KeyguardEffectView getInstance ***
D/VisualEffectCircleUnlockEffect(  932): KeyguardEffectViewNone : screenTurnedOn
D/KeyguardHostView(  932): showUnlockAffordance()
D/SecuritySelectorView(  932): outRect: Rect(95, 521 - 705, 1090)
D/SecuritySelectorView(  932): isValidRect: true
D/VisualEffectCircleUnlockEffect(  932): KeyguardEffectViewNone : showUnlockAffordance
D/PowerManagerService(  756): [api] [s] userActivity : event: 3 flags: 0 (uid: 10016 pid: 932) eventTime = 134328792
D/VisualEffectCircleUnlockEffect(  932): showUnlockAffordance : 95, 705, 521, 1090, startDelay : 0
D/KeyguardViewManager(  932): send KEYGUARD_SCREEN_TURNED_ON
V/KeyguardServiceDelegate(  756): **** SHOWN CALLED ****
I/SurfaceFlinger(  235): id=3536 Removed FlectronBea (13/13)
I/SurfaceFlinger(  235): id=3536 Removed FlectronBea (-2/13)
D/lights  (  756): lcd : 151 +
D/lights  (  756): lcd : 151 -
I/WindowManager(  756): Lock screen displayed!
D/PowerManagerNotifier(  756): [api] WindowManagerPolicy.ScreenOnListener : Received onScreenOn().
D/PowerManagerService(  756): Screen Readiness Inspection completed: mNestCount=0
D/DisplayPowerController(  756): animation target = 151 (PSM:false, AB limit:(-1 ~ -1) MB Limit:(-1 ~ -1) MAdj:(0, (0, 255)))
D/DisplayPowerController(  756): !@ElectronBeam exit
D/PowerManagerService(  756): [s] mDisplayPowerControllerCallbacks : onElectronBeamExit() : true
D/DisplayPowerController(  756): animation target = 151 (PSM:false, AB limit:(-1 ~ -1) MB Limit:(-1 ~ -1) MAdj:(0, (0, 255)))
D/PowerManagerService(  756): [s] mDisplayPowerControllerCallbacks : onStateChanged()
D/LockPatternUtils(  932): isPcwEnable = null
D/KeyguardViewMediator(  932): handleKeyguardDoneDrawing
D/audio_hw_primary(  242): adev_set_parameters: enter: screen_state=on
V/voice   (  242): voice_set_parameters: enter: screen_state=on
V/voice   (  242): voice_set_parameters: exit with code(-2)
V/msm8974_platform(  242): platform_set_parameters: enter: screen_state=on
V/msm8974_platform(  242): platform_set_parameters: exit with code(-2)
V/audio_hw_primary(  242): adev_set_parameters: exit
I/SecExternalDisplayIntents_Java(  756): Intent Recieved ..  -android.intent.action.SCREEN_ONBroadCast Map value - 19
D/BatteryMeterView(  932): onDraw batteryColor : -1
D/STATUSBAR-NotificationService(  756): ACTION_SCREEN_ON
D/LightsService(  756): [api] [SvcLED] turnOff:: id = 4 (uid: 1000 pid: 756) 
D/LightsService(  756): [SvcLED] setSvcLedStateLocked:: SvcLEDState : 0x0 -> 0x0 | SvcLED(id=4) set Off
D/LightsService(  756): [SvcLED] Lux failed to be updated in 700ms. -> handleForcedSvcLEDTasK
D/LightsService(  756): [SvcLED]  setSvcLedLightLocked :: Current SvcLED(id=4) maintains its priority right
D/MotionRecognitionService(  756):   mReceiver.onReceive : ACTION_SCREEN_ON
D/IpRemoteDisplayController(  756): intent received android.intent.action.SCREEN_ON
D/IpRemoteDisplayController(  756): Bridge Server is not available
E/MotionRecognitionService(  756):  handler : SCREEN_ON end
D/FactoryTest( 1113): User mode
I/NfcService( 1113): NFC: Screen On & Cover Open
E/NfcService( 1113): callback == null
D/SensorService(  756): [SO] currT = 134328920173000, prevT = 132878900281000, diff = 1450019892000, [-0.068 -0.119 9.277]
D/SensorService(  756): [SO] Reset Rotation Old [100], Init [1]
D/SensorService(  756): [SO] currT = 134328940286000, prevT = 132878900281000, diff = 1450040005000, [-0.060 -0.099 9.269]
D/SensorService(  756): [SO] -0.060 -0.099 9.269
D/SensorService(  756): [SO] [100 -> 255]
D/InputReader(  756): Input event: value=0
D/InputReader(  756): !@notifyKey(172), action=1
D/InputManager-JNI(  756): !@interceptKeyBeforeQueueing(172), action=1
D/InputManager-JNI(  756): !@handleInterceptActions(172), action=1, wmActions=1
W/WindowManager(  756): Ignoring up event!! Coming up event without pressed.
I/qdhwcomposer(  235): handle_blank_event: dpy:0 panel power state: 1
D/qdhwcomposer(  235): hwc_blank: Done unblanking display: 0
D/SurfaceControl(  756): Excessive delay in unblankDisplay() while turning screen on: 370ms
D/MISC PowerHAL(  756): sysfs_write +: /sys/class/input/event1/device/enabled: 1
D/PowerManagerService(  756): Excessive delay in mDisplayManagerService.unblankAllDisplaysFromPowerManager(): 371ms
D/KeyguardUpdateMonitor(  932): sendKeyguardVisibilityChanged(true)
I/KeyguardUpdateMonitor(  932): visibility is same
D/STATUSBAR-IconMerger(  932): checkOverflow(560), More:false, Req:false Child:5
D/daemonapp( 2829): [MSC_Daemon]>>> WU:1305 [0:0] SS h:21, m:0
I/SamsungIME(27925): getNextShiftState() cursorCapsMode : 0
D/i       (  756): DeviceInfo:: 000110000000
D/i       (  756): SettingsAirViewInfo:: 000000000
D/SensorService(  756): [SO] -0.066 -0.150 9.312
D/SSRMv2  (  756): SIOP:: AP = 300 (0), Delta = 0
D/daemonapp( 2829): [MSC_Daemon]>>> WU:262 [0:0] regintype : EUR
D/daemonapp( 2829): [MSC_Daemon]>>> WU:318 [0:0] cp type is : cp_eng
D/daemonapp( 2829): [MSC_Daemon]>>> WCP:1142 [0:0] Provider query : content://apaccuweatherprovider/settings
D/SecKeyguardClock(  932): updateClock()
D/KeyguardProperties(  932): isIgnoreNationalRoaming() = false
D/SecKeyguardClock(  932): isShowClock = true, isDualClock = true, isNetworkRoaming = false, !isEasyUxOn = true, isHometimeExist = false, isEmergencyOn = false, isShowInformation = true
D/KeyguardProperties(  932): regionalDateFormat = 22/11/3333 isRTLlanguage = false returnDateFormat = E, d MMMM
D/daemonapp( 2829): [MSC_Daemon]>>> WCP:1142 [0:0] Provider query : content://apaccuweatherprovider/weatherinfo
D/KeyguardProperties(  932): regionalDateFormat = 22/11/3333 isRTLlanguage = false returnDateFormat = E, d MMMM
D/SecKeyguardClock(  932): updateSingleClock(): 17:31
D/SecKeyguardClock(  932): HomeTimezone(): 0
D/SecKeyguardClock(  932): size=1 fontSize=115 lp.leftMargin=-7
D/SecKeyguardClock(  932): refreshAlarm(): 
D/daemonapp( 2829): [MSC_Daemon]>>> WDSM:41 [0:0] Act : comsamsungssrmSCREEN_ON, run:true
D/comsamsunglog( 2829): [MSC_Daemon]>>> ====================================================================================================================
D/comsamsunglog( 2829): [MSC_Daemon]>>> daemonapp [Version : 14121901 ] [ 2 ] 
D/comsamsunglog( 2829): [MSC_Daemon]>>> Header set to : ===> "daemonapp" <===
D/comsamsunglog( 2829): [MSC_Daemon]>>> ====================================================================================================================
D/daemonapp( 2829): [MSC_Daemon]>>> WDSM:82 [0:0] c:331059, r:3
D/daemonapp( 2829): [MSC_Daemon]>>> WDSM:418 [0:0]  ==> Act: SCREEN_ON or COVER_OPEN <==
D/daemonapp( 2829): [MSC_Daemon]>>> WCP:1142 [0:0] Provider query : content://apaccuweatherprovider/settings
D/daemonapp( 2829): [MSC_Daemon]>>> WDSM:421 [0:0] [ASO][AUTOREFRESHKEY] --> 3
D/daemonapp( 2829): [MSC_Daemon]>>> WDSM:422 [0:0] [ASO][NUT] = 1438106340000
D/daemonapp( 2829): [MSC_Daemon]>>> WDSM:423 [0:0] [ASO][CT] = 1438101093192
D/daemonapp( 2829): [MSC_Daemon]>>> WCP:1142 [0:0] Provider query : content://apaccuweatherprovider/packagename
D/daemonapp( 2829): [MSC_Daemon]>>> WU:1620 [0:0] PakNme size = 1
D/daemonapp( 2829): [MSC_Daemon]>>> WU:262 [0:0] regintype : EUR
D/daemonapp( 2829): [MSC_Daemon]>>> WU:318 [0:0] cp type is : cp_eng
D/daemonapp( 2829): [MSC_Daemon]>>> WU:1624 [0:0] CP Name cp_eng
E/daemonapp( 2829): [MSC_Daemon]>>> WU:1604 [0:0] [NameNotFoundException] !!
E/daemonapp( 2829): [MSC_Daemon]>>> WU:1604 [0:0] [NameNotFoundException] !!
D/KeyguardViewMediator(  932): handleKeyguardDoneDrawing
D/KeyguardViewMediator(  932): handleKeyguardDoneDrawing
D/MISC PowerHAL(  756): sysfs_write -: /sys/class/input/event1/device/enabled: 1
D/MISC PowerHAL(  756): sysfs_write +: /sys/class/power_supply/battery/lcd: 1
D/MISC PowerHAL(  756): sysfs_write -: /sys/class/power_supply/battery/lcd: 1
D/PowerManagerService-JNI(  756): Excessive delay in MISC setInteractive(true) while turning screen on: 142ms
I/QCOM PowerHAL(  756): Got set_interactive hint
D/lights  (  756): button : 1 +
D/lights  (  756): button : 1 -
D/PowerManagerService(  756): Excessive delay in nativeSetInteractive(true): 144ms
D/PowerManagerService(  756): SecHardwareInterface.setBatteryADC : true
D/PowerManagerService(  756): [PWL] sb release: PowerManagerService.Broadcasts
D/STATUSBAR-NetworkController(  932): refreshSignalCluster - setNWBoosterIndicators(false)
D/STATUSBAR-NetworkController(  932): refreshSignalCluster: data=-1 bt=false
D/STATUSBAR-IconMerger(  932): checkOverflow(560), More:false, Req:false Child:5
D/CustomFrequencyManagerService(  756): releaseDVFSLockLocked : Getting Lock type frm List : DVFS_MIN_LIMIT  frequency : 1190400  uid : 1000  pid : 756  tag : WAKEUP_BOOSTER@26
D/BatteryService(  756): !@BatteryListener : batteryPropertiesChanged!
D/BatteryService(  756): level:91, scale:100, status:3, health:2, present:true, voltage: 4163, temperature: 291, technology: Li-ion, AC powered:false, USB powered:true, Wireless powered:false, icon:17303663, invalid charger:0, online:4, current avg:-219, charge type:2, power sharing:false, high voltage charger:false, capacity:280000, current_now:-219
D/BatteryService(  756): Sending ACTION_BATTERY_CHANGED.
V/HeadsetService( 1741): HeadsetService - Received Intent.ACTION_BATTERY_CHANGED
D/HeadsetStateMachine( 1741): Disconnected process message: 10
D/KeyguardUpdateMonitor(  932): received broadcast android.intent.action.BATTERY_CHANGED
D/STATUSBAR-PhoneStatusBar(  932):  mBrightnessEnablebySettings = true mBrightnessEnablebyBattery = true mBrightnessEnablebyDisableFlag = true mPmsBrightnessEnablebySettings = true
D/BatteryMeterView(  932): ACTION_BATTERY_CHANGED : level:91 status:3 health:2isPlug: true
D/STATUSBAR-IconMerger(  932): checkOverflow(560), More:false, Req:false Child:5
D/KeyguardUpdateMonitor(  932): handleBatteryUpdate
D/KeyguardViewMediator(  932): handleKeyguardDoneDrawing
D/VisualEffectCircleUnlockEffect(  932): circleOutAnimator : onAnimationEnd
D/InputReader(  756): Input event: value=1
I/InputReader(  756): Touch event's action is 0x0 (deviceType=0) [pCnt=1, s=0.4032 ] when=134330153228000
I/InputDispatcher(  756): Delivering touch to (932): action: 0x4, toolType: 1
I/InputDispatcher(  756): Delivering touch to (932): action: 0x0, toolType: 1
D/ViewRootImpl(  932): ViewPostImeInputStage ACTION_DOWN
D/SecuritySelectorView(  932): mIsMultiTouch false
D/VisualEffectCircleUnlockEffect(  932): handleTouchEvent : ACTION_DOWN
D/VisualEffectCircleUnlockEffect(  932): circleOutAnimator : onAnimationEnd
D/KeyguardViewMediator(  932): handleKeyguardDoneDrawing
D/PowerManagerService(  756): [api] [s] userActivity : event: 3 flags: 0 (uid: 10016 pid: 932) eventTime = 134330171
D/PowerManagerService(  756): [api] [s] userActivity : event: 3 flags: 0 (uid: 10016 pid: 932) eventTime = 134330187
D/KeyguardViewMediator(  932): handleKeyguardDoneDrawing
D/PowerManagerService(  756): [api] [s] userActivity : event: 3 flags: 0 (uid: 10016 pid: 932) eventTime = 134330204
D/KeyguardViewMediator(  932): handleKeyguardDoneDrawing
D/PowerManagerService(  756): [api] [s] userActivity : event: 3 flags: 0 (uid: 10016 pid: 932) eventTime = 134330221
D/KeyguardViewMediator(  932): handleKeyguardDoneDrawing
D/PowerManagerService(  756): [api] [s] userActivity : event: 3 flags: 0 (uid: 10016 pid: 932) eventTime = 134330237
D/KeyguardViewMediator(  932): handleKeyguardDoneDrawing
D/PowerManagerService(  756): [api] [s] userActivity : event: 3 flags: 0 (uid: 10016 pid: 932) eventTime = 134330255
D/KeyguardViewMediator(  932): handleKeyguardDoneDrawing
D/VisualEffectCircleUnlockEffect(  932): KeyguardEffectViewNone : handleUnlock
D/PowerManagerService(  756): [api] [s] userActivity : event: 3 flags: 0 (uid: 10016 pid: 932) eventTime = 134330276
D/KeyguardHostView(  932): showNextSecurityScreenOrFinish(false)
D/LockPatternUtils(  932): isPcwEnable = null
D/PowerManagerService(  756): [api] [s] userActivity : event: 3 flags: 0 (uid: 10016 pid: 932) eventTime = 134330292
D/KeyguardViewMediator(  932): keyguardDone(true)
D/KeyguardViewMediator(  932): handleKeyguardDoneDrawing
D/KeyguardViewMediator(  932): handleKeyguardDone
D/InputReader(  756): Input event: value=0
I/InputReader(  756): Touch event's action is 0x1 (deviceType=0) [pCnt=1, s=] when=134330313009000
I/InputDispatcher(  756): Delivering touch to (932): action: 0x1, toolType: 1
D/KeyguardViewMediator(  932): handleHide
D/KeyguardEffectViewUtil(  932): wallpaperType :1
I/KeyguardEffectViewMain(  932): *** KeyguardEffectView getInstance ***
D/KeyguardEffectViewUtil(  932): isStrongPowerSavingMode() :false
D/KeyguardEffectViewMain(  932): isZoomPanningEffectEnabled() isZoomPanningEffect = false, isPowerSavingMode = false
D/LockPatternUtils(  932): isPcwEnable = null
I/KeyguardEffectViewMain(  932): *** KeyguardEffectView getInstance ***
D/KeyguardViewManager(  932): hide()
I/KeyguardEffectViewMain(  932): *** KeyguardEffectView getInstance ***
D/VisualEffectCircleUnlockEffect(  932): KeyguardEffectViewNone : cleanUp
V/KeyguardUpdateMonitor(  932): *** unregister callback for com.android.keyguard.sec.KeyguardEffectViewMain$2@41f73038
D/Launcher( 1128): onRestart, Launcher: 1106880480
D/Launcher( 1128): onStart, Launcher: 1106880480
D/Launcher.HomeView( 1128): onStart
D/Launcher( 1128): onResume, Launcher: 1106880480
D/KeyguardUpdateMonitor(  932): sendKeyguardVisibilityChanged(true)
I/KeyguardUpdateMonitor(  932): visibility is same
D/PowerManagerService(  756): setKeyboardVisibility: false
D/KeyguardUpdateMonitor(  932): sendKeyguardVisibilityChanged(true)
I/KeyguardUpdateMonitor(  932): visibility is same
D/KeyguardUpdateMonitor(  932): sendKeyguardVisibilityChanged(true)
I/KeyguardUpdateMonitor(  932): visibility is same
D/Activity( 1128): #1 setTransGradationModeColor false
D/Launcher.HomeView( 1128): onResume
D/LockPatternUtils(  932): isPcwEnable = null
D/KeyguardViewMediator(  932): adjustStatusBarLocked: mShowing=false mHidden=false isSecure=false --> flags=0x0
D/STATUSBAR-StatusBarManagerService(  756): manageDisableList what=0x0 pkg=com.android.keyguard
D/FactoryTest( 1113): User mode
D/SamsungIME(27925): showDlgMsgBox : false true true
D/StatusBarManagerService(  756): w.semi p:932,o:f
D/StatusBarManagerService(  756): w.tr p:932,o:f
D/KeyguardViewMediator(  932): handleKeyguardDoneDrawing
I/MultiWindowTrayService( 1380): mHomeResumeReceiver : onReceive
I/Sally Service( 1380): removeWindow window
D/MenuAppsGridFragment( 1128): onResume
D/PalmMotion(  756): 2013 - SURFACE_MOTION_ENGINE: 1 SURFACE_PALM_TOUCH: 1
D/PalmMotion(  756): SURFACE_PALM_SWIPE: 1
D/LightsService(  756): [api] [SvcLED] turnOff:: id = 4 (uid: 1000 pid: 756) 
D/LightsService(  756): [SvcLED] setSvcLedStateLocked:: SvcLEDState : 0x0 -> 0x0 | SvcLED(id=4) set Off
D/LightsService(  756): [SvcLED] Lux failed to be updated in 700ms. -> handleForcedSvcLEDTasK
D/LightsService(  756): [SvcLED]  setSvcLedLightLocked :: Current SvcLED(id=4) maintains its priority right
D/LockPatternUtils(  932): isPcwEnable = null
D/ConnectivityManager( 4578): getActiveNetworkInfo : NetworkInfo: type: WIFI[], state: CONNECTED/CONNECTED, reason: (unspecified), roaming: false, failover: false, isAvailable: true, isConnectedToProvisioningNetwork: false
E/MotionRecognitionService(  756):   mReceiver.onReceive : ACTION_USER_PRESENT  :: UNLOCK SCREEN
D/i       (  756): DeviceInfo:: 000010000000
D/i       (  756): SettingsAirViewInfo:: 000000000
D/STATUSBAR-StatusBarManagerService(  756): manageDisableList what=0x0 pkg=WindowManager.LayoutParams
D/GalleryCacheReady(28227): Receive : home resume
V/WindowOrientationListener(  756): setCurrentAppOrientation :-1
V/WindowOrientationListener(  756): ScreenOrientationEventListenerImpl.getProposedRotationLocked, Rotation: -1
V/WindowOrientationListener(  756): ScreenOrientationEventListenerImpl.getProposedRotationLocked, Rotation: -1
D/KeyguardUpdateMonitor(  932): sendKeyguardVisibilityChanged(true)
I/KeyguardUpdateMonitor(  932): visibility is same
D/PointerIcon(  756): setMouseIconStyle1 pointerType: 1001iconType:101 flag:0
D/PointerIcon(  756): setMouseCustomIcon IconType is same.101
D/PhoneStatusBar(  932): setSemiTransparentMode=false, mTransparentMode=true, mSemiTransparentMode=false, mMultiWindowMode=false
D/PhoneStatusBar(  932): setTransGradationMode=false, mTransparentMode=false, mSemiTransparentMode=false, mMultiWindowMode=false
V/WindowManager(  756): rotationForOrientationLw(orient=-1, last=3); user=3  sensorRotation=-1 mLidState=-1 mDockMode=0 mHdmiPlugged=false mAccelerometerDefault=false gripRotationLock=false
D/PowerManagerService(  756): [api] setUserActivityTimeoutOverrideFromWindowManagerInternal: timeoutMillis: -1
D/PowerManagerService(  756): [s] getScreenOffTimeoutLocked: 10000 -> 300000
D/PowerManagerService(  756): [api] setScreenDimDurationOverrideFromWindowManagerInternal: timeoutMillis: -1
D/PowerManagerService(  756): [api] setButtonTimeoutOverrideFromWindowManagerInternal: timeoutMillis: -1
I/SpenGestureManager(  756): setFocusWindow21015
D/KeyguardUpdateMonitor(  932): sendKeyguardVisibilityChanged(true)
I/KeyguardUpdateMonitor(  932): visibility is same
