D/        (  756): TIMA: QCOM_send_command result--0
D/        (  756): TIMA_PKM_measure_kernel returns with resp..ret=512!
D/        (  756): TAL: TIMA_PKM_measure_kernel--int8_t TIMA_PKM_measure_kernel(TIMA_handle_t, void*, uint32_t, void*, uint32_t, uint32_t)
D/        (  756): TIMA: QCOM_send_command--int8_t QCOM_send_command(TIMA_handle_t, void*, uint32_t, void*, uint32_t, uint32_t)
D/        (  756): rsp_len = 1008 rcvd_data_len = 1040, self_calculate_len=1040
D/        (  756): TIMA: QCOM_send_command result--0
D/        (  756): TIMA_PKM_measure_kernel returns with resp..ret=512!
D/        (  756): TAL: TIMA_PKM_measure_kernel--int8_t TIMA_PKM_measure_kernel(TIMA_handle_t, void*, uint32_t, void*, uint32_t, uint32_t)
D/        (  756): TIMA: QCOM_send_command--int8_t QCOM_send_command(TIMA_handle_t, void*, uint32_t, void*, uint32_t, uint32_t)
D/        (  756): rsp_len = 1008 rcvd_data_len = 1040, self_calculate_len=1040
D/        (  756): TIMA: QCOM_send_command result--0
D/        (  756): TIMA_PKM_measure_kernel returns with resp..ret=512!
D/        (  756): TAL: TIMA_PKM_measure_kernel--int8_t TIMA_PKM_measure_kernel(TIMA_handle_t, void*, uint32_t, void*, uint32_t, uint32_t)
D/        (  756): TIMA: QCOM_send_command--int8_t QCOM_send_command(TIMA_handle_t, void*, uint32_t, void*, uint32_t, uint32_t)
D/        (  756): rsp_len = 1008 rcvd_data_len = 1040, self_calculate_len=1040
D/        (  756): TIMA: QCOM_send_command result--0
D/        (  756): TIMA_PKM_measure_kernel returns with resp..ret=512!
D/        (  756): TAL: TIMA_PKM_measure_kernel--int8_t TIMA_PKM_measure_kernel(TIMA_handle_t, void*, uint32_t, void*, uint32_t, uint32_t)
D/        (  756): TIMA: QCOM_send_command--int8_t QCOM_send_command(TIMA_handle_t, void*, uint32_t, void*, uint32_t, uint32_t)
D/        (  756): rsp_len = 1008 rcvd_data_len = 1040, self_calculate_len=1040
D/        (  756): TIMA: QCOM_send_command result--0
D/        (  756): TIMA_PKM_measure_kernel returns with resp..ret=512!
D/        (  756): TAL: TIMA_PKM_measure_kernel--int8_t TIMA_PKM_measure_kernel(TIMA_handle_t, void*, uint32_t, void*, uint32_t, uint32_t)
D/        (  756): TIMA: QCOM_send_command--int8_t QCOM_send_command(TIMA_handle_t, void*, uint32_t, void*, uint32_t, uint32_t)
D/        (  756): rsp_len = 1008 rcvd_data_len = 1040, self_calculate_len=1040
D/        (  756): TIMA: QCOM_send_command result--0
D/        (  756): TIMA_PKM_measure_kernel returns with resp..ret=512!
D/        (  756): TAL: TIMA_PKM_measure_kernel--int8_t TIMA_PKM_measure_kernel(TIMA_handle_t, void*, uint32_t, void*, uint32_t, uint32_t)
D/        (  756): TIMA: QCOM_send_command--int8_t QCOM_send_command(TIMA_handle_t, void*, uint32_t, void*, uint32_t, uint32_t)
D/        (  756): rsp_len = 1008 rcvd_data_len = 1040, self_calculate_len=1040
D/        (  756): TIMA: QCOM_send_command result--0
D/        (  756): TIMA_PKM_measure_kernel returns with resp..ret=512!
D/        (  756): TAL: TIMA_PKM_measure_kernel--int8_t TIMA_PKM_measure_kernel(TIMA_handle_t, void*, uint32_t, void*, uint32_t, uint32_t)
D/        (  756): TIMA: QCOM_send_command--int8_t QCOM_send_command(TIMA_handle_t, void*, uint32_t, void*, uint32_t, uint32_t)
D/        (  756): rsp_len = 1008 rcvd_data_len = 1040, self_calculate_len=1040
D/        (  756): TIMA: QCOM_send_command result--0
D/        (  756): TIMA_PKM_measure_kernel returns with resp..ret=512!
D/        (  756): TAL: TIMA_PKM_measure_kernel--int8_t TIMA_PKM_measure_kernel(TIMA_handle_t, void*, uint32_t, void*, uint32_t, uint32_t)
D/        (  756): TIMA: QCOM_send_command--int8_t QCOM_send_command(TIMA_handle_t, void*, uint32_t, void*, uint32_t, uint32_t)
D/        (  756): rsp_len = 1008 rcvd_data_len = 1040, self_calculate_len=1040
D/        (  756): TIMA: QCOM_send_command result--0
D/        (  756): TIMA_PKM_measure_kernel returns with resp..ret=512!
D/        (  756): TAL: TIMA_PKM_measure_kernel--int8_t TIMA_PKM_measure_kernel(TIMA_handle_t, void*, uint32_t, void*, uint32_t, uint32_t)
D/        (  756): TIMA: QCOM_send_command--int8_t QCOM_send_command(TIMA_handle_t, void*, uint32_t, void*, uint32_t, uint32_t)
D/        (  756): rsp_len = 1008 rcvd_data_len = 1040, self_calculate_len=1040
D/        (  756): TIMA: QCOM_send_command result--0
D/        (  756): TIMA_PKM_measure_kernel returns with resp..ret=512!
D/        (  756): TAL: TIMA_PKM_measure_kernel--int8_t TIMA_PKM_measure_kernel(TIMA_handle_t, void*, uint32_t, void*, uint32_t, uint32_t)
D/        (  756): TIMA: QCOM_send_command--int8_t QCOM_send_command(TIMA_handle_t, void*, uint32_t, void*, uint32_t, uint32_t)
D/        (  756): rsp_len = 1008 rcvd_data_len = 1040, self_calculate_len=1040
D/        (  756): TIMA: QCOM_send_command result--0
D/        (  756): TIMA_PKM_measure_kernel returns with resp..ret=512!
D/        (  756): TAL: TIMA_PKM_measure_kernel--int8_t TIMA_PKM_measure_kernel(TIMA_handle_t, void*, uint32_t, void*, uint32_t, uint32_t)
D/        (  756): TIMA: QCOM_send_command--int8_t QCOM_send_command(TIMA_handle_t, void*, uint32_t, void*, uint32_t, uint32_t)
D/        (  756): rsp_len = 1008 rcvd_data_len = 1040, self_calculate_len=1040
D/        (  756): TIMA: QCOM_send_command result--0
D/        (  756): TIMA_PKM_measure_kernel returns with resp..ret=512!
D/        (  756): TAL: TIMA_PKM_measure_kernel--int8_t TIMA_PKM_measure_kernel(TIMA_handle_t, void*, uint32_t, void*, uint32_t, uint32_t)
D/        (  756): TIMA: QCOM_send_command--int8_t QCOM_send_command(TIMA_handle_t, void*, uint32_t, void*, uint32_t, uint32_t)
D/        (  756): rsp_len = 1008 rcvd_data_len = 1040, self_calculate_len=1040
D/        (  756): TIMA: QCOM_send_command result--0
D/        (  756): TIMA_PKM_measure_kernel returns with resp..ret=512!
D/        (  756): TAL: TIMA_PKM_measure_kernel--int8_t TIMA_PKM_measure_kernel(TIMA_handle_t, void*, uint32_t, void*, uint32_t, uint32_t)
D/        (  756): TIMA: QCOM_send_command--int8_t QCOM_send_command(TIMA_handle_t, void*, uint32_t, void*, uint32_t, uint32_t)
D/        (  756): rsp_len = 1008 rcvd_data_len = 1040, self_calculate_len=1040
D/        (  756): TIMA: QCOM_send_command result--0
D/        (  756): TIMA_PKM_measure_kernel returns with resp..ret=512!
D/        (  756): TAL: TIMA_PKM_measure_kernel--int8_t TIMA_PKM_measure_kernel(TIMA_handle_t, void*, uint32_t, void*, uint32_t, uint32_t)
D/        (  756): TIMA: QCOM_send_command--int8_t QCOM_send_command(TIMA_handle_t, void*, uint32_t, void*, uint32_t, uint32_t)
D/        (  756): rsp_len = 1008 rcvd_data_len = 1040, self_calculate_len=1040
D/        (  756): TIMA: QCOM_send_command result--0
D/        (  756): TIMA_PKM_measure_kernel returns with resp..ret=512!
D/        (  756): TAL: TIMA_PKM_measure_kernel--int8_t TIMA_PKM_measure_kernel(TIMA_handle_t, void*, uint32_t, void*, uint32_t, uint32_t)
D/        (  756): TIMA: QCOM_send_command--int8_t QCOM_send_command(TIMA_handle_t, void*, uint32_t, void*, uint32_t, uint32_t)
D/        (  756): rsp_len = 1008 rcvd_data_len = 1040, self_calculate_len=1040
D/        (  756): TIMA: QCOM_send_command result--0
D/        (  756): TIMA_PKM_measure_kernel returns with resp..ret=512!
D/        (  756): TAL: TIMA_PKM_measure_kernel--int8_t TIMA_PKM_measure_kernel(TIMA_handle_t, void*, uint32_t, void*, uint32_t, uint32_t)
D/        (  756): TIMA: QCOM_send_command--int8_t QCOM_send_command(TIMA_handle_t, void*, uint32_t, void*, uint32_t, uint32_t)
D/        (  756): rsp_len = 1008 rcvd_data_len = 1040, self_calculate_len=1040
D/        (  756): TIMA: QCOM_send_command result--0
D/        (  756): TIMA_PKM_measure_kernel returns with resp..ret=512!
D/        (  756): TAL: TIMA_PKM_measure_kernel--int8_t TIMA_PKM_measure_kernel(TIMA_handle_t, void*, uint32_t, void*, uint32_t, uint32_t)
D/        (  756): TIMA: QCOM_send_command--int8_t QCOM_send_command(TIMA_handle_t, void*, uint32_t, void*, uint32_t, uint32_t)
D/        (  756): rsp_len = 1008 rcvd_data_len = 1040, self_calculate_len=1040
D/        (  756): TIMA: QCOM_send_command result--0
D/        (  756): TIMA_PKM_measure_kernel returns with resp..ret=512!
D/        (  756): TAL: TIMA_PKM_measure_kernel--int8_t TIMA_PKM_measure_kernel(TIMA_handle_t, void*, uint32_t, void*, uint32_t, uint32_t)
D/        (  756): TIMA: QCOM_send_command--int8_t QCOM_send_command(TIMA_handle_t, void*, uint32_t, void*, uint32_t, uint32_t)
D/        (  756): rsp_len = 1008 rcvd_data_len = 1040, self_calculate_len=1040
D/        (  756): TIMA: QCOM_send_command result--0
D/        (  756): TIMA_PKM_measure_kernel returns with resp..ret=512!
D/        (  756): TAL: TIMA_PKM_measure_kernel--int8_t TIMA_PKM_measure_kernel(TIMA_handle_t, void*, uint32_t, void*, uint32_t, uint32_t)
D/        (  756): TIMA: QCOM_send_command--int8_t QCOM_send_command(TIMA_handle_t, void*, uint32_t, void*, uint32_t, uint32_t)
D/        (  756): rsp_len = 1008 rcvd_data_len = 1040, self_calculate_len=1040
D/        (  756): TIMA: QCOM_send_command result--0
D/        (  756): TIMA_PKM_measure_kernel returns with resp..ret=512!
D/        (  756): TAL: TIMA_PKM_measure_kernel--int8_t TIMA_PKM_measure_kernel(TIMA_handle_t, void*, uint32_t, void*, uint32_t, uint32_t)
D/        (  756): TIMA: QCOM_send_command--int8_t QCOM_send_command(TIMA_handle_t, void*, uint32_t, void*, uint32_t, uint32_t)
D/        (  756): rsp_len = 1008 rcvd_data_len = 1040, self_calculate_len=1040
D/        (  756): TIMA: QCOM_send_command result--0
D/        (  756): TIMA_PKM_measure_kernel returns with resp..ret=512!
D/        (  756): TAL: TIMA_PKM_measure_kernel--int8_t TIMA_PKM_measure_kernel(TIMA_handle_t, void*, uint32_t, void*, uint32_t, uint32_t)
D/        (  756): TIMA: QCOM_send_command--int8_t QCOM_send_command(TIMA_handle_t, void*, uint32_t, void*, uint32_t, uint32_t)
D/        (  756): rsp_len = 1008 rcvd_data_len = 1040, self_calculate_len=1040
D/        (  756): TIMA: QCOM_send_command result--0
D/        (  756): TIMA_PKM_measure_kernel returns with resp..ret=512!
D/        (  756): TAL: TIMA_PKM_measure_kernel--int8_t TIMA_PKM_measure_kernel(TIMA_handle_t, void*, uint32_t, void*, uint32_t, uint32_t)
D/        (  756): TIMA: QCOM_send_command--int8_t QCOM_send_command(TIMA_handle_t, void*, uint32_t, void*, uint32_t, uint32_t)
D/        (  756): rsp_len = 1008 rcvd_data_len = 1040, self_calculate_len=1040
D/        (  756): TIMA: QCOM_send_command result--0
D/        (  756): TIMA_PKM_measure_kernel returns with resp..ret=512!
D/        (  756): TAL: TIMA_PKM_measure_kernel--int8_t TIMA_PKM_measure_kernel(TIMA_handle_t, void*, uint32_t, void*, uint32_t, uint32_t)
D/        (  756): TIMA: QCOM_send_command--int8_t QCOM_send_command(TIMA_handle_t, void*, uint32_t, void*, uint32_t, uint32_t)
D/        (  756): rsp_len = 1008 rcvd_data_len = 1040, self_calculate_len=1040
D/        (  756): TIMA: QCOM_send_command result--0
D/        (  756): TIMA_PKM_measure_kernel returns with resp..ret=512!
D/        (  756): TAL: TIMA_PKM_measure_kernel--int8_t TIMA_PKM_measure_kernel(TIMA_handle_t, void*, uint32_t, void*, uint32_t, uint32_t)
D/        (  756): TIMA: QCOM_send_command--int8_t QCOM_send_command(TIMA_handle_t, void*, uint32_t, void*, uint32_t, uint32_t)
D/        (  756): rsp_len = 1008 rcvd_data_len = 1040, self_calculate_len=1040
D/        (  756): TIMA: QCOM_send_command result--0
D/        (  756): TIMA_PKM_measure_kernel returns with resp..ret=512!
D/        (  756): TAL: TIMA_PKM_measure_kernel--int8_t TIMA_PKM_measure_kernel(TIMA_handle_t, void*, uint32_t, void*, uint32_t, uint32_t)
D/        (  756): TIMA: QCOM_send_command--int8_t QCOM_send_command(TIMA_handle_t, void*, uint32_t, void*, uint32_t, uint32_t)
D/        (  756): rsp_len = 1008 rcvd_data_len = 1040, self_calculate_len=1040
D/        (  756): TIMA: QCOM_send_command result--0
D/        (  756): TIMA_PKM_measure_kernel returns with resp..ret=512!
D/        (  756): TAL: TIMA_PKM_measure_kernel--int8_t TIMA_PKM_measure_kernel(TIMA_handle_t, void*, uint32_t, void*, uint32_t, uint32_t)
D/        (  756): TIMA: QCOM_send_command--int8_t QCOM_send_command(TIMA_handle_t, void*, uint32_t, void*, uint32_t, uint32_t)
D/        (  756): rsp_len = 1008 rcvd_data_len = 1040, self_calculate_len=1040
D/        (  756): TIMA: QCOM_send_command result--0
D/        (  756): TIMA_PKM_measure_kernel returns with resp..ret=512!
D/        (  756): TAL: TIMA_PKM_measure_kernel--int8_t TIMA_PKM_measure_kernel(TIMA_handle_t, void*, uint32_t, void*, uint32_t, uint32_t)
D/        (  756): TIMA: QCOM_send_command--int8_t QCOM_send_command(TIMA_handle_t, void*, uint32_t, void*, uint32_t, uint32_t)
D/        (  756): rsp_len = 1008 rcvd_data_len = 1040, self_calculate_len=1040
D/        (  756): TIMA: QCOM_send_command result--0
D/        (  756): TIMA_PKM_measure_kernel returns with resp..ret=512!
D/        (  756): TAL: TIMA_PKM_measure_kernel--int8_t TIMA_PKM_measure_kernel(TIMA_handle_t, void*, uint32_t, void*, uint32_t, uint32_t)
D/        (  756): TIMA: QCOM_send_command--int8_t QCOM_send_command(TIMA_handle_t, void*, uint32_t, void*, uint32_t, uint32_t)
D/        (  756): rsp_len = 1008 rcvd_data_len = 1040, self_calculate_len=1040
D/        (  756): TIMA: QCOM_send_command result--0
D/        (  756): TIMA_PKM_measure_kernel returns with resp..ret=512!
D/        (  756): TAL: TIMA_PKM_measure_kernel--int8_t TIMA_PKM_measure_kernel(TIMA_handle_t, void*, uint32_t, void*, uint32_t, uint32_t)
D/        (  756): TIMA: QCOM_send_command--int8_t QCOM_send_command(TIMA_handle_t, void*, uint32_t, void*, uint32_t, uint32_t)
D/        (  756): rsp_len = 1008 rcvd_data_len = 1040, self_calculate_len=1040
D/        (  756): TIMA: QCOM_send_command result--0
D/        (  756): TIMA_PKM_measure_kernel returns with resp..ret=512!
D/        (  756): TAL: TIMA_PKM_measure_kernel--int8_t TIMA_PKM_measure_kernel(TIMA_handle_t, void*, uint32_t, void*, uint32_t, uint32_t)
D/        (  756): TIMA: QCOM_send_command--int8_t QCOM_send_command(TIMA_handle_t, void*, uint32_t, void*, uint32_t, uint32_t)
D/        (  756): rsp_len = 1008 rcvd_data_len = 1040, self_calculate_len=1040
D/        (  756): TIMA: QCOM_send_command result--0
D/        (  756): TIMA_PKM_measure_kernel returns with resp..ret=512!
D/        (  756): TAL: TIMA_PKM_measure_kernel--int8_t TIMA_PKM_measure_kernel(TIMA_handle_t, void*, uint32_t, void*, uint32_t, uint32_t)
D/        (  756): TIMA: QCOM_send_command--int8_t QCOM_send_command(TIMA_handle_t, void*, uint32_t, void*, uint32_t, uint32_t)
D/        (  756): rsp_len = 1008 rcvd_data_len = 1040, self_calculate_len=1040
D/        (  756): TIMA: QCOM_send_command result--0
D/        (  756): TIMA_PKM_measure_kernel returns with resp..ret=512!
D/        (  756): TAL: TIMA_PKM_measure_kernel--int8_t TIMA_PKM_measure_kernel(TIMA_handle_t, void*, uint32_t, void*, uint32_t, uint32_t)
D/        (  756): TIMA: QCOM_send_command--int8_t QCOM_send_command(TIMA_handle_t, void*, uint32_t, void*, uint32_t, uint32_t)
D/        (  756): rsp_len = 1008 rcvd_data_len = 1040, self_calculate_len=1040
D/        (  756): TIMA: QCOM_send_command result--0
D/        (  756): TIMA_PKM_measure_kernel returns with resp..ret=512!
D/        (  756): TAL: TIMA_PKM_measure_kernel--int8_t TIMA_PKM_measure_kernel(TIMA_handle_t, void*, uint32_t, void*, uint32_t, uint32_t)
D/        (  756): TIMA: QCOM_send_command--int8_t QCOM_send_command(TIMA_handle_t, void*, uint32_t, void*, uint32_t, uint32_t)
D/        (  756): rsp_len = 1008 rcvd_data_len = 1040, self_calculate_len=1040
D/        (  756): TIMA: QCOM_send_command result--0
D/        (  756): TIMA_PKM_measure_kernel returns with resp..ret=512!
D/        (  756): TAL: TIMA_PKM_measure_kernel--int8_t TIMA_PKM_measure_kernel(TIMA_handle_t, void*, uint32_t, void*, uint32_t, uint32_t)
D/        (  756): TIMA: QCOM_send_command--int8_t QCOM_send_command(TIMA_handle_t, void*, uint32_t, void*, uint32_t, uint32_t)
D/        (  756): rsp_len = 1008 rcvd_data_len = 1040, self_calculate_len=1040
D/        (  756): TIMA: QCOM_send_command result--0
D/        (  756): TIMA_PKM_measure_kernel returns with resp..ret=512!
D/        (  756): TAL: TIMA_PKM_measure_kernel--int8_t TIMA_PKM_measure_kernel(TIMA_handle_t, void*, uint32_t, void*, uint32_t, uint32_t)
D/        (  756): TIMA: QCOM_send_command--int8_t QCOM_send_command(TIMA_handle_t, void*, uint32_t, void*, uint32_t, uint32_t)
D/        (  756): rsp_len = 1008 rcvd_data_len = 1040, self_calculate_len=1040
D/        (  756): TIMA: QCOM_send_command result--0
D/        (  756): TIMA_PKM_measure_kernel returns with resp..ret=512!
D/        (  756): TAL: TIMA_PKM_measure_kernel--int8_t TIMA_PKM_measure_kernel(TIMA_handle_t, void*, uint32_t, void*, uint32_t, uint32_t)
D/        (  756): TIMA: QCOM_send_command--int8_t QCOM_send_command(TIMA_handle_t, void*, uint32_t, void*, uint32_t, uint32_t)
D/        (  756): rsp_len = 1008 rcvd_data_len = 1040, self_calculate_len=1040
D/        (  756): TIMA: QCOM_send_command result--0
D/        (  756): TIMA_PKM_measure_kernel returns with resp..ret=512!
D/        (  756): TAL: TIMA_PKM_measure_kernel--int8_t TIMA_PKM_measure_kernel(TIMA_handle_t, void*, uint32_t, void*, uint32_t, uint32_t)
D/        (  756): TIMA: QCOM_send_command--int8_t QCOM_send_command(TIMA_handle_t, void*, uint32_t, void*, uint32_t, uint32_t)
D/        (  756): rsp_len = 1008 rcvd_data_len = 1040, self_calculate_len=1040
D/        (  756): TIMA: QCOM_send_command result--0
D/        (  756): TIMA_PKM_measure_kernel returns with resp..ret=512!
D/        (  756): TAL: TIMA_PKM_measure_kernel--int8_t TIMA_PKM_measure_kernel(TIMA_handle_t, void*, uint32_t, void*, uint32_t, uint32_t)
D/        (  756): TIMA: QCOM_send_command--int8_t QCOM_send_command(TIMA_handle_t, void*, uint32_t, void*, uint32_t, uint32_t)
D/        (  756): rsp_len = 1008 rcvd_data_len = 1040, self_calculate_len=1040
D/        (  756): TIMA: QCOM_send_command result--0
D/        (  756): TIMA_PKM_measure_kernel returns with resp..ret=512!
D/        (  756): TAL: TIMA_PKM_measure_kernel--int8_t TIMA_PKM_measure_kernel(TIMA_handle_t, void*, uint32_t, void*, uint32_t, uint32_t)
D/        (  756): TIMA: QCOM_send_command--int8_t QCOM_send_command(TIMA_handle_t, void*, uint32_t, void*, uint32_t, uint32_t)
D/        (  756): rsp_len = 1008 rcvd_data_len = 1040, self_calculate_len=1040
D/        (  756): TIMA: QCOM_send_command result--0
D/        (  756): TIMA_PKM_measure_kernel returns with resp..ret=512!
D/        (  756): TAL: TIMA_PKM_measure_kernel--int8_t TIMA_PKM_measure_kernel(TIMA_handle_t, void*, uint32_t, void*, uint32_t, uint32_t)
D/        (  756): TIMA: QCOM_send_command--int8_t QCOM_send_command(TIMA_handle_t, void*, uint32_t, void*, uint32_t, uint32_t)
D/        (  756): rsp_len = 1008 rcvd_data_len = 1040, self_calculate_len=1040
D/        (  756): TIMA: QCOM_send_command result--0
D/        (  756): TIMA_PKM_measure_kernel returns with resp..ret=512!
D/        (  756): TAL: TIMA_PKM_measure_kernel--int8_t TIMA_PKM_measure_kernel(TIMA_handle_t, void*, uint32_t, void*, uint32_t, uint32_t)
D/        (  756): TIMA: QCOM_send_command--int8_t QCOM_send_command(TIMA_handle_t, void*, uint32_t, void*, uint32_t, uint32_t)
D/        (  756): rsp_len = 1008 rcvd_data_len = 1040, self_calculate_len=1040
D/        (  756): TIMA: QCOM_send_command result--0
D/        (  756): TIMA_PKM_measure_kernel returns with resp..ret=512!
D/        (  756): TAL: TIMA_PKM_measure_kernel--int8_t TIMA_PKM_measure_kernel(TIMA_handle_t, void*, uint32_t, void*, uint32_t, uint32_t)
D/        (  756): TIMA: QCOM_send_command--int8_t QCOM_send_command(TIMA_handle_t, void*, uint32_t, void*, uint32_t, uint32_t)
D/        (  756): rsp_len = 1008 rcvd_data_len = 1040, self_calculate_len=1040
D/        (  756): TIMA: QCOM_send_command result--0
D/        (  756): TIMA_PKM_measure_kernel returns with resp..ret=0!
D/        (  756): TIMA: final string =TIMA_STATUS=0;MSG=Kernel Verification Success;!
D/TimaService(  756): TIMA MEASUREMENT Result: TIMA_STATUS=0;MSG=Kernel Verification Success;
D/TimaService(  756): TIMA MEASUREMENT success status: TIMA_STATUS=0;MSG=Kernel Verification Success;
D/BatteryService(  756): !@BatteryListener : batteryPropertiesChanged!
D/SSRMv2  (  756): SIOP:: AP = 300 (0), Delta = 0
V/AlarmManager(  756): waitForAlarm result :8
V/AlarmManager(  756): ClockReceiver onReceive() ACTION_TIME_TICK
D/KeyguardUpdateMonitor(  932): received broadcast android.intent.action.TIME_TICK
D/KeyguardUpdateMonitor(  932): handleTimeUpdate
D/STATUSBAR-IconMerger(  932): checkOverflow(560), More:false, Req:false Child:5
D/SecKeyguardClock(  932): updateClock()
D/KeyguardProperties(  932): isIgnoreNationalRoaming() = false
D/SecKeyguardClock(  932): isShowClock = true, isDualClock = true, isNetworkRoaming = false, !isEasyUxOn = true, isHometimeExist = false, isEmergencyOn = false, isShowInformation = true
D/KeyguardProperties(  932): regionalDateFormat = 22/11/3333 isRTLlanguage = false returnDateFormat = E, d MMMM
D/KeyguardProperties(  932): regionalDateFormat = 22/11/3333 isRTLlanguage = false returnDateFormat = E, d MMMM
D/SecKeyguardClock(  932): updateSingleClock(): 17:20
D/SecKeyguardClock(  932): HomeTimezone(): 0
D/SecKeyguardClock(  932): size=1 fontSize=115 lp.leftMargin=-7
D/SecKeyguardClock(  932): refreshAlarm(): 
D/SecMyProfile(  932): pkg=com.monotype.android.font.samsungsansfile=fonts/Samsungsans.ttf
D/KeyguardProperties(  932): regionalDateFormat = 22/11/3333 isRTLlanguage = false returnDateFormat = E, d MMMM
D/SecMyProfile(  932): refreshAlarm(): 
D/BatteryService(  756): !@BatteryListener : batteryPropertiesChanged!
D/BatteryService(  756): level:90, scale:100, status:3, health:2, present:true, voltage: 4345, temperature: 263, technology: Li-ion, AC powered:false, USB powered:true, Wireless powered:false, icon:17303663, invalid charger:0, online:4, current avg:376, charge type:2, power sharing:false, high voltage charger:false, capacity:280000, current_now:376
D/BatteryService(  756): Sending ACTION_BATTERY_CHANGED.
D/KeyguardUpdateMonitor(  932): received broadcast android.intent.action.BATTERY_CHANGED
D/KeyguardUpdateMonitor(  932): handleBatteryUpdate
V/HeadsetService( 1741): HeadsetService - Received Intent.ACTION_BATTERY_CHANGED
D/HeadsetStateMachine( 1741): Disconnected process message: 10
D/STATUSBAR-PhoneStatusBar(  932):  mBrightnessEnablebySettings = true mBrightnessEnablebyBattery = true mBrightnessEnablebyDisableFlag = true mPmsBrightnessEnablebySettings = true
D/BatteryMeterView(  932): ACTION_BATTERY_CHANGED : level:90 status:3 health:2isPlug: true
D/STATUSBAR-IconMerger(  932): checkOverflow(560), More:false, Req:false Child:5
D/SSRMv2  (  756): SIOP:: AP = 300 (0), Delta = 0
E/Watchdog(  756): !@Sync 4455
D/BatteryService(  756): !@BatteryListener : batteryPropertiesChanged!
D/BatteryService(  756): level:90, scale:100, status:3, health:2, present:true, voltage: 4345, temperature: 262, technology: Li-ion, AC powered:false, USB powered:true, Wireless powered:false, icon:17303663, invalid charger:0, online:4, current avg:375, charge type:2, power sharing:false, high voltage charger:false, capacity:280000, current_now:375
D/BatteryService(  756): Sending ACTION_BATTERY_CHANGED.
D/KeyguardUpdateMonitor(  932): received broadcast android.intent.action.BATTERY_CHANGED
D/KeyguardUpdateMonitor(  932): handleBatteryUpdate
V/HeadsetService( 1741): HeadsetService - Received Intent.ACTION_BATTERY_CHANGED
D/HeadsetStateMachine( 1741): Disconnected process message: 10
D/STATUSBAR-PhoneStatusBar(  932):  mBrightnessEnablebySettings = true mBrightnessEnablebyBattery = true mBrightnessEnablebyDisableFlag = true mPmsBrightnessEnablebySettings = true
D/BatteryMeterView(  932): ACTION_BATTERY_CHANGED : level:90 status:3 health:2isPlug: true
D/STATUSBAR-IconMerger(  932): checkOverflow(560), More:false, Req:false Child:5
D/SSRMv2  (  756): SIOP:: AP = 300 (0), Delta = 0
D/BatteryService(  756): !@BatteryListener : batteryPropertiesChanged!
D/SSRMv2  (  756): SIOP:: AP = 300 (0), Delta = 0
D/BatteryService(  756): !@BatteryListener : batteryPropertiesChanged!
D/SSRMv2  (  756): SIOP:: AP = 300 (0), Delta = 0
I/PowerManagerService(  756): [PWL] Off : 856s ago
E/Watchdog(  756): !@Sync 4456
D/BatteryService(  756): !@BatteryListener : batteryPropertiesChanged!
D/BatteryService(  756): level:90, scale:100, status:3, health:2, present:true, voltage: 4345, temperature: 262, technology: Li-ion, AC powered:false, USB powered:true, Wireless powered:false, icon:17303663, invalid charger:0, online:4, current avg:374, charge type:2, power sharing:false, high voltage charger:false, capacity:280000, current_now:374
D/BatteryService(  756): Sending ACTION_BATTERY_CHANGED.
D/KeyguardUpdateMonitor(  932): received broadcast android.intent.action.BATTERY_CHANGED
D/KeyguardUpdateMonitor(  932): handleBatteryUpdate
V/HeadsetService( 1741): HeadsetService - Received Intent.ACTION_BATTERY_CHANGED
D/HeadsetStateMachine( 1741): Disconnected process message: 10
D/STATUSBAR-PhoneStatusBar(  932):  mBrightnessEnablebySettings = true mBrightnessEnablebyBattery = true mBrightnessEnablebyDisableFlag = true mPmsBrightnessEnablebySettings = true
D/BatteryMeterView(  932): ACTION_BATTERY_CHANGED : level:90 status:3 health:2isPlug: true
D/STATUSBAR-IconMerger(  932): checkOverflow(560), More:false, Req:false Child:5
D/SSRMv2  (  756): SIOP:: AP = 300 (0), Delta = 0
D/BatteryService(  756): !@BatteryListener : batteryPropertiesChanged!
D/BatteryService(  756): level:90, scale:100, status:3, health:2, present:true, voltage: 4345, temperature: 262, technology: Li-ion, AC powered:false, USB powered:true, Wireless powered:false, icon:17303663, invalid charger:0, online:4, current avg:375, charge type:2, power sharing:false, high voltage charger:false, capacity:280000, current_now:375
D/BatteryService(  756): Sending ACTION_BATTERY_CHANGED.
D/KeyguardUpdateMonitor(  932): received broadcast android.intent.action.BATTERY_CHANGED
V/HeadsetService( 1741): HeadsetService - Received Intent.ACTION_BATTERY_CHANGED
D/HeadsetStateMachine( 1741): Disconnected process message: 10
D/KeyguardUpdateMonitor(  932): handleBatteryUpdate
D/STATUSBAR-PhoneStatusBar(  932):  mBrightnessEnablebySettings = true mBrightnessEnablebyBattery = true mBrightnessEnablebyDisableFlag = true mPmsBrightnessEnablebySettings = true
D/BatteryMeterView(  932): ACTION_BATTERY_CHANGED : level:90 status:3 health:2isPlug: true
D/STATUSBAR-IconMerger(  932): checkOverflow(560), More:false, Req:false Child:5
D/SSRMv2  (  756): SIOP:: AP = 300 (0), Delta = 0
V/AlarmManager(  756): waitForAlarm result :8
V/AlarmManager(  756): ClockReceiver onReceive() ACTION_TIME_TICK
D/KeyguardUpdateMonitor(  932): received broadcast android.intent.action.TIME_TICK
D/KeyguardUpdateMonitor(  932): handleTimeUpdate
V/AlarmManager(  756): ___SyncScheduler (v3) ACTIVATED___
V/AlarmManager(  756): <AppSync3 Whitelist>
V/AlarmManager(  756): (AppSync) com.google.android.gms : 900(900)
V/AlarmManager(  756): (AppSync) com.google.android.gms : 1800(1800)
V/AlarmManager(  756): (AppSync) com.rhmsoft.fm : 21600(21780)
V/AlarmManager(  756): (AppSync) ### 3 added ###
D/STATUSBAR-IconMerger(  932): checkOverflow(560), More:false, Req:false Child:5
D/SecKeyguardClock(  932): updateClock()
D/KeyguardProperties(  932): isIgnoreNationalRoaming() = false
D/SecKeyguardClock(  932): isShowClock = true, isDualClock = true, isNetworkRoaming = false, !isEasyUxOn = true, isHometimeExist = false, isEmergencyOn = false, isShowInformation = true
D/KeyguardProperties(  932): regionalDateFormat = 22/11/3333 isRTLlanguage = false returnDateFormat = E, d MMMM
D/KeyguardProperties(  932): regionalDateFormat = 22/11/3333 isRTLlanguage = false returnDateFormat = E, d MMMM
D/SecKeyguardClock(  932): updateSingleClock(): 17:21
D/SecKeyguardClock(  932): HomeTimezone(): 0
D/SecKeyguardClock(  932): size=1 fontSize=115 lp.leftMargin=-7
D/SecKeyguardClock(  932): refreshAlarm(): 
D/dalvikvm(  932): GC_CONCURRENT freed 2802K, 39% free 11597K/18788K, paused 30ms+34ms, total 468ms
D/SecMyProfile(  932): pkg=com.monotype.android.font.samsungsansfile=fonts/Samsungsans.ttf
D/KeyguardProperties(  932): regionalDateFormat = 22/11/3333 isRTLlanguage = false returnDateFormat = E, d MMMM
D/SecMyProfile(  932): refreshAlarm(): 
D/BatteryService(  756): !@BatteryListener : batteryPropertiesChanged!
D/BatteryService(  756): level:90, scale:100, status:3, health:2, present:true, voltage: 4345, temperature: 262, technology: Li-ion, AC powered:false, USB powered:true, Wireless powered:false, icon:17303663, invalid charger:0, online:4, current avg:374, charge type:2, power sharing:false, high voltage charger:false, capacity:280000, current_now:374
D/BatteryService(  756): Sending ACTION_BATTERY_CHANGED.
D/KeyguardUpdateMonitor(  932): received broadcast android.intent.action.BATTERY_CHANGED
V/HeadsetService( 1741): HeadsetService - Received Intent.ACTION_BATTERY_CHANGED
D/HeadsetStateMachine( 1741): Disconnected process message: 10
D/KeyguardUpdateMonitor(  932): handleBatteryUpdate
D/STATUSBAR-PhoneStatusBar(  932):  mBrightnessEnablebySettings = true mBrightnessEnablebyBattery = true mBrightnessEnablebyDisableFlag = true mPmsBrightnessEnablebySettings = true
D/BatteryMeterView(  932): ACTION_BATTERY_CHANGED : level:90 status:3 health:2isPlug: true
D/STATUSBAR-IconMerger(  932): checkOverflow(560), More:false, Req:false Child:5
D/SSRMv2  (  756): SIOP:: AP = 300 (0), Delta = 0
E/Watchdog(  756): !@Sync 4457
D/BatteryService(  756): !@BatteryListener : batteryPropertiesChanged!
D/KeyguardUpdateMonitor(  932): received broadcast android.intent.action.BATTERY_CHANGED
D/KeyguardUpdateMonitor(  932): handleBatteryUpdate
D/BatteryService(  756): level:90, scale:100, status:3, health:2, present:true, voltage: 4345, temperature: 262, technology: Li-ion, AC powered:false, USB powered:true, Wireless powered:false, icon:17303663, invalid charger:0, online:4, current avg:373, charge type:2, power sharing:false, high voltage charger:false, capacity:280000, current_now:373
D/BatteryService(  756): Sending ACTION_BATTERY_CHANGED.
V/HeadsetService( 1741): HeadsetService - Received Intent.ACTION_BATTERY_CHANGED
D/HeadsetStateMachine( 1741): Disconnected process message: 10
D/STATUSBAR-PhoneStatusBar(  932):  mBrightnessEnablebySettings = true mBrightnessEnablebyBattery = true mBrightnessEnablebyDisableFlag = true mPmsBrightnessEnablebySettings = true
D/BatteryMeterView(  932): ACTION_BATTERY_CHANGED : level:90 status:3 health:2isPlug: true
D/STATUSBAR-IconMerger(  932): checkOverflow(560), More:false, Req:false Child:5
D/SSRMv2  (  756): SIOP:: AP = 300 (0), Delta = 0
D/BatteryService(  756): !@BatteryListener : batteryPropertiesChanged!
D/KeyguardUpdateMonitor(  932): received broadcast android.intent.action.BATTERY_CHANGED
D/KeyguardUpdateMonitor(  932): handleBatteryUpdate
D/BatteryService(  756): level:90, scale:100, status:3, health:2, present:true, voltage: 4345, temperature: 261, technology: Li-ion, AC powered:false, USB powered:true, Wireless powered:false, icon:17303663, invalid charger:0, online:4, current avg:373, charge type:2, power sharing:false, high voltage charger:false, capacity:280000, current_now:373
D/BatteryService(  756): Sending ACTION_BATTERY_CHANGED.
V/HeadsetService( 1741): HeadsetService - Received Intent.ACTION_BATTERY_CHANGED
D/HeadsetStateMachine( 1741): Disconnected process message: 10
D/STATUSBAR-PhoneStatusBar(  932):  mBrightnessEnablebySettings = true mBrightnessEnablebyBattery = true mBrightnessEnablebyDisableFlag = true mPmsBrightnessEnablebySettings = true
D/BatteryMeterView(  932): ACTION_BATTERY_CHANGED : level:90 status:3 health:2isPlug: true
D/STATUSBAR-IconMerger(  932): checkOverflow(560), More:false, Req:false Child:5
D/SSRMv2  (  756): SIOP:: AP = 300 (0), Delta = 0
D/BatteryService(  756): !@BatteryListener : batteryPropertiesChanged!
D/BatteryService(  756): level:90, scale:100, status:3, health:2, present:true, voltage: 4345, temperature: 261, technology: Li-ion, AC powered:false, USB powered:true, Wireless powered:false, icon:17303663, invalid charger:0, online:4, current avg:372, charge type:2, power sharing:false, high voltage charger:false, capacity:280000, current_now:372
D/BatteryService(  756): Sending ACTION_BATTERY_CHANGED.
D/KeyguardUpdateMonitor(  932): received broadcast android.intent.action.BATTERY_CHANGED
D/KeyguardUpdateMonitor(  932): handleBatteryUpdate
V/HeadsetService( 1741): HeadsetService - Received Intent.ACTION_BATTERY_CHANGED
D/HeadsetStateMachine( 1741): Disconnected process message: 10
D/STATUSBAR-PhoneStatusBar(  932):  mBrightnessEnablebySettings = true mBrightnessEnablebyBattery = true mBrightnessEnablebyDisableFlag = true mPmsBrightnessEnablebySettings = true
D/BatteryMeterView(  932): ACTION_BATTERY_CHANGED : level:90 status:3 health:2isPlug: true
D/STATUSBAR-IconMerger(  932): checkOverflow(560), More:false, Req:false Child:5
D/SSRMv2  (  756): SIOP:: AP = 300 (0), Delta = 0
E/Watchdog(  756): !@Sync 4458
D/BatteryService(  756): !@BatteryListener : batteryPropertiesChanged!
D/BatteryService(  756): level:90, scale:100, status:3, health:2, present:true, voltage: 4345, temperature: 261, technology: Li-ion, AC powered:false, USB powered:true, Wireless powered:false, icon:17303663, invalid charger:0, online:4, current avg:370, charge type:2, power sharing:false, high voltage charger:false, capacity:280000, current_now:370
D/KeyguardUpdateMonitor(  932): received broadcast android.intent.action.BATTERY_CHANGED
D/KeyguardUpdateMonitor(  932): handleBatteryUpdate
D/BatteryService(  756): Sending ACTION_BATTERY_CHANGED.
V/HeadsetService( 1741): HeadsetService - Received Intent.ACTION_BATTERY_CHANGED
D/HeadsetStateMachine( 1741): Disconnected process message: 10
D/STATUSBAR-PhoneStatusBar(  932):  mBrightnessEnablebySettings = true mBrightnessEnablebyBattery = true mBrightnessEnablebyDisableFlag = true mPmsBrightnessEnablebySettings = true
D/BatteryMeterView(  932): ACTION_BATTERY_CHANGED : level:90 status:3 health:2isPlug: true
D/STATUSBAR-IconMerger(  932): checkOverflow(560), More:false, Req:false Child:5
D/SSRMv2  (  756): SIOP:: AP = 300 (0), Delta = 0
D/BatteryService(  756): !@BatteryListener : batteryPropertiesChanged!
D/SSRMv2  (  756): SIOP:: AP = 300 (0), Delta = 0
V/AlarmManager(  756): waitForAlarm result :8
V/AlarmManager(  756): ClockReceiver onReceive() ACTION_TIME_TICK
D/KeyguardUpdateMonitor(  932): received broadcast android.intent.action.TIME_TICK
D/KeyguardUpdateMonitor(  932): handleTimeUpdate
D/STATUSBAR-IconMerger(  932): checkOverflow(560), More:false, Req:false Child:5
D/SecKeyguardClock(  932): updateClock()
D/KeyguardProperties(  932): isIgnoreNationalRoaming() = false
D/SecKeyguardClock(  932): isShowClock = true, isDualClock = true, isNetworkRoaming = false, !isEasyUxOn = true, isHometimeExist = false, isEmergencyOn = false, isShowInformation = true
D/KeyguardProperties(  932): regionalDateFormat = 22/11/3333 isRTLlanguage = false returnDateFormat = E, d MMMM
D/KeyguardProperties(  932): regionalDateFormat = 22/11/3333 isRTLlanguage = false returnDateFormat = E, d MMMM
D/SecKeyguardClock(  932): updateSingleClock(): 17:22
D/SecKeyguardClock(  932): HomeTimezone(): 0
D/SecKeyguardClock(  932): size=1 fontSize=115 lp.leftMargin=-7
D/SecKeyguardClock(  932): refreshAlarm(): 
D/SecMyProfile(  932): pkg=com.monotype.android.font.samsungsansfile=fonts/Samsungsans.ttf
D/KeyguardProperties(  932): regionalDateFormat = 22/11/3333 isRTLlanguage = false returnDateFormat = E, d MMMM
D/SecMyProfile(  932): refreshAlarm(): 
W/ProcessCpuTracker(  756): Skipping unknown process pid 17313
D/BatteryService(  756): !@BatteryListener : batteryPropertiesChanged!
D/SSRMv2  (  756): SIOP:: AP = 300 (0), Delta = 0
E/Watchdog(  756): !@Sync 4459
I/PowerManagerService(  756): [PWL] Off : 951s ago
D/KeyguardUpdateMonitor(  932): received broadcast android.intent.action.BATTERY_CHANGED
D/KeyguardUpdateMonitor(  932): handleBatteryUpdate
D/BatteryService(  756): !@BatteryListener : batteryPropertiesChanged!
D/BatteryService(  756): level:90, scale:100, status:3, health:2, present:true, voltage: 4344, temperature: 261, technology: Li-ion, AC powered:false, USB powered:true, Wireless powered:false, icon:17303663, invalid charger:0, online:4, current avg:369, charge type:2, power sharing:false, high voltage charger:false, capacity:280000, current_now:369
D/BatteryService(  756): Sending ACTION_BATTERY_CHANGED.
V/HeadsetService( 1741): HeadsetService - Received Intent.ACTION_BATTERY_CHANGED
D/HeadsetStateMachine( 1741): Disconnected process message: 10
D/STATUSBAR-PhoneStatusBar(  932):  mBrightnessEnablebySettings = true mBrightnessEnablebyBattery = true mBrightnessEnablebyDisableFlag = true mPmsBrightnessEnablebySettings = true
D/BatteryMeterView(  932): ACTION_BATTERY_CHANGED : level:90 status:3 health:2isPlug: true
D/STATUSBAR-IconMerger(  932): checkOverflow(560), More:false, Req:false Child:5
D/SSRMv2  (  756): SIOP:: AP = 300 (0), Delta = 0
D/BatteryService(  756): !@BatteryListener : batteryPropertiesChanged!
D/SSRMv2  (  756): SIOP:: AP = 300 (0), Delta = 0
D/BatteryService(  756): !@BatteryListener : batteryPropertiesChanged!
D/SSRMv2  (  756): SIOP:: AP = 300 (0), Delta = 0
E/Watchdog(  756): !@Sync 4460
D/BatteryService(  756): !@BatteryListener : batteryPropertiesChanged!
D/BatteryService(  756): level:90, scale:100, status:3, health:2, present:true, voltage: 4345, temperature: 260, technology: Li-ion, AC powered:false, USB powered:true, Wireless powered:false, icon:17303663, invalid charger:0, online:4, current avg:369, charge type:2, power sharing:false, high voltage charger:false, capacity:280000, current_now:369
D/BatteryService(  756): Sending ACTION_BATTERY_CHANGED.
D/KeyguardUpdateMonitor(  932): received broadcast android.intent.action.BATTERY_CHANGED
D/KeyguardUpdateMonitor(  932): handleBatteryUpdate
V/HeadsetService( 1741): HeadsetService - Received Intent.ACTION_BATTERY_CHANGED
D/HeadsetStateMachine( 1741): Disconnected process message: 10
D/STATUSBAR-PhoneStatusBar(  932):  mBrightnessEnablebySettings = true mBrightnessEnablebyBattery = true mBrightnessEnablebyDisableFlag = true mPmsBrightnessEnablebySettings = true
D/BatteryMeterView(  932): ACTION_BATTERY_CHANGED : level:90 status:3 health:2isPlug: true
D/STATUSBAR-IconMerger(  932): checkOverflow(560), More:false, Req:false Child:5
D/SSRMv2  (  756): SIOP:: AP = 300 (0), Delta = 0
D/BatteryService(  756): !@BatteryListener : batteryPropertiesChanged!
D/BatteryService(  756): level:90, scale:100, status:3, health:2, present:true, voltage: 4344, temperature: 260, technology: Li-ion, AC powered:false, USB powered:true, Wireless powered:false, icon:17303663, invalid charger:0, online:4, current avg:368, charge type:2, power sharing:false, high voltage charger:false, capacity:280000, current_now:368
D/BatteryService(  756): Sending ACTION_BATTERY_CHANGED.
D/KeyguardUpdateMonitor(  932): received broadcast android.intent.action.BATTERY_CHANGED
D/KeyguardUpdateMonitor(  932): handleBatteryUpdate
V/HeadsetService( 1741): HeadsetService - Received Intent.ACTION_BATTERY_CHANGED
D/HeadsetStateMachine( 1741): Disconnected process message: 10
D/STATUSBAR-PhoneStatusBar(  932):  mBrightnessEnablebySettings = true mBrightnessEnablebyBattery = true mBrightnessEnablebyDisableFlag = true mPmsBrightnessEnablebySettings = true
D/BatteryMeterView(  932): ACTION_BATTERY_CHANGED : level:90 status:3 health:2isPlug: true
D/STATUSBAR-IconMerger(  932): checkOverflow(560), More:false, Req:false Child:5
D/SSRMv2  (  756): SIOP:: AP = 300 (0), Delta = 0
V/AlarmManager(  756): waitForAlarm result :8
V/AlarmManager(  756): ClockReceiver onReceive() ACTION_TIME_TICK
D/KeyguardUpdateMonitor(  932): received broadcast android.intent.action.TIME_TICK
D/KeyguardUpdateMonitor(  932): handleTimeUpdate
D/STATUSBAR-IconMerger(  932): checkOverflow(560), More:false, Req:false Child:5
D/SecKeyguardClock(  932): updateClock()
D/KeyguardProperties(  932): isIgnoreNationalRoaming() = false
D/SecKeyguardClock(  932): isShowClock = true, isDualClock = true, isNetworkRoaming = false, !isEasyUxOn = true, isHometimeExist = false, isEmergencyOn = false, isShowInformation = true
D/KeyguardProperties(  932): regionalDateFormat = 22/11/3333 isRTLlanguage = false returnDateFormat = E, d MMMM
D/KeyguardProperties(  932): regionalDateFormat = 22/11/3333 isRTLlanguage = false returnDateFormat = E, d MMMM
D/SecKeyguardClock(  932): updateSingleClock(): 17:23
D/SecKeyguardClock(  932): HomeTimezone(): 0
D/SecKeyguardClock(  932): size=1 fontSize=115 lp.leftMargin=-7
D/SecKeyguardClock(  932): refreshAlarm(): 
D/SecMyProfile(  932): pkg=com.monotype.android.font.samsungsansfile=fonts/Samsungsans.ttf
D/KeyguardProperties(  932): regionalDateFormat = 22/11/3333 isRTLlanguage = false returnDateFormat = E, d MMMM
D/SecMyProfile(  932): refreshAlarm(): 
D/BatteryService(  756): !@BatteryListener : batteryPropertiesChanged!
D/BatteryService(  756): level:90, scale:100, status:3, health:2, present:true, voltage: 4345, temperature: 260, technology: Li-ion, AC powered:false, USB powered:true, Wireless powered:false, icon:17303663, invalid charger:0, online:4, current avg:367, charge type:2, power sharing:false, high voltage charger:false, capacity:280000, current_now:367
D/BatteryService(  756): Sending ACTION_BATTERY_CHANGED.
D/KeyguardUpdateMonitor(  932): received broadcast android.intent.action.BATTERY_CHANGED
D/KeyguardUpdateMonitor(  932): handleBatteryUpdate
D/STATUSBAR-PhoneStatusBar(  932):  mBrightnessEnablebySettings = true mBrightnessEnablebyBattery = true mBrightnessEnablebyDisableFlag = true mPmsBrightnessEnablebySettings = true
D/BatteryMeterView(  932): ACTION_BATTERY_CHANGED : level:90 status:3 health:2isPlug: true
V/HeadsetService( 1741): HeadsetService - Received Intent.ACTION_BATTERY_CHANGED
D/HeadsetStateMachine( 1741): Disconnected process message: 10
D/STATUSBAR-IconMerger(  932): checkOverflow(560), More:false, Req:false Child:5
D/SSRMv2  (  756): SIOP:: AP = 300 (0), Delta = 0
E/Watchdog(  756): !@Sync 4461
D/BatteryService(  756): !@BatteryListener : batteryPropertiesChanged!
D/BatteryService(  756): level:90, scale:100, status:3, health:2, present:true, voltage: 4344, temperature: 260, technology: Li-ion, AC powered:false, USB powered:true, Wireless powered:false, icon:17303663, invalid charger:0, online:4, current avg:366, charge type:2, power sharing:false, high voltage charger:false, capacity:280000, current_now:366
D/BatteryService(  756): Sending ACTION_BATTERY_CHANGED.
D/KeyguardUpdateMonitor(  932): received broadcast android.intent.action.BATTERY_CHANGED
D/KeyguardUpdateMonitor(  932): handleBatteryUpdate
V/HeadsetService( 1741): HeadsetService - Received Intent.ACTION_BATTERY_CHANGED
D/HeadsetStateMachine( 1741): Disconnected process message: 10
D/STATUSBAR-PhoneStatusBar(  932):  mBrightnessEnablebySettings = true mBrightnessEnablebyBattery = true mBrightnessEnablebyDisableFlag = true mPmsBrightnessEnablebySettings = true
D/BatteryMeterView(  932): ACTION_BATTERY_CHANGED : level:90 status:3 health:2isPlug: true
D/STATUSBAR-IconMerger(  932): checkOverflow(560), More:false, Req:false Child:5
D/SSRMv2  (  756): SIOP:: AP = 300 (0), Delta = 0
D/BatteryService(  756): !@BatteryListener : batteryPropertiesChanged!
D/BatteryService(  756): level:90, scale:100, status:3, health:2, present:true, voltage: 4345, temperature: 260, technology: Li-ion, AC powered:false, USB powered:true, Wireless powered:false, icon:17303663, invalid charger:0, online:4, current avg:366, charge type:2, power sharing:false, high voltage charger:false, capacity:280000, current_now:366
D/BatteryService(  756): Sending ACTION_BATTERY_CHANGED.
D/KeyguardUpdateMonitor(  932): received broadcast android.intent.action.BATTERY_CHANGED
D/KeyguardUpdateMonitor(  932): handleBatteryUpdate
V/HeadsetService( 1741): HeadsetService - Received Intent.ACTION_BATTERY_CHANGED
D/HeadsetStateMachine( 1741): Disconnected process message: 10
D/STATUSBAR-PhoneStatusBar(  932):  mBrightnessEnablebySettings = true mBrightnessEnablebyBattery = true mBrightnessEnablebyDisableFlag = true mPmsBrightnessEnablebySettings = true
D/BatteryMeterView(  932): ACTION_BATTERY_CHANGED : level:90 status:3 health:2isPlug: true
D/STATUSBAR-IconMerger(  932): checkOverflow(560), More:false, Req:false Child:5
D/SSRMv2  (  756): SIOP:: AP = 300 (0), Delta = 0
D/BatteryService(  756): !@BatteryListener : batteryPropertiesChanged!
D/SSRMv2  (  756): SIOP:: AP = 300 (0), Delta = 0
E/Watchdog(  756): !@Sync 4462
D/BatteryService(  756): !@BatteryListener : batteryPropertiesChanged!
D/BatteryService(  756): level:90, scale:100, status:3, health:2, present:true, voltage: 4344, temperature: 260, technology: Li-ion, AC powered:false, USB powered:true, Wireless powered:false, icon:17303663, invalid charger:0, online:4, current avg:365, charge type:2, power sharing:false, high voltage charger:false, capacity:280000, current_now:365
D/BatteryService(  756): Sending ACTION_BATTERY_CHANGED.
D/KeyguardUpdateMonitor(  932): received broadcast android.intent.action.BATTERY_CHANGED
D/KeyguardUpdateMonitor(  932): handleBatteryUpdate
V/HeadsetService( 1741): HeadsetService - Received Intent.ACTION_BATTERY_CHANGED
D/HeadsetStateMachine( 1741): Disconnected process message: 10
D/STATUSBAR-PhoneStatusBar(  932):  mBrightnessEnablebySettings = true mBrightnessEnablebyBattery = true mBrightnessEnablebyDisableFlag = true mPmsBrightnessEnablebySettings = true
D/BatteryMeterView(  932): ACTION_BATTERY_CHANGED : level:90 status:3 health:2isPlug: true
D/STATUSBAR-IconMerger(  932): checkOverflow(560), More:false, Req:false Child:5
D/SSRMv2  (  756): SIOP:: AP = 300 (0), Delta = 0
I/PowerManagerService(  756): [PWL] Off : 1051s ago
D/BatteryService(  756): !@BatteryListener : batteryPropertiesChanged!
D/SSRMv2  (  756): SIOP:: AP = 300 (0), Delta = 0
V/AlarmManager(  756): waitForAlarm result :8
V/AlarmManager(  756): ClockReceiver onReceive() ACTION_TIME_TICK
D/KeyguardUpdateMonitor(  932): received broadcast android.intent.action.TIME_TICK
D/KeyguardUpdateMonitor(  932): handleTimeUpdate
D/STATUSBAR-IconMerger(  932): checkOverflow(560), More:false, Req:false Child:5
D/SecKeyguardClock(  932): updateClock()
D/KeyguardProperties(  932): isIgnoreNationalRoaming() = false
D/SecKeyguardClock(  932): isShowClock = true, isDualClock = true, isNetworkRoaming = false, !isEasyUxOn = true, isHometimeExist = false, isEmergencyOn = false, isShowInformation = true
D/KeyguardProperties(  932): regionalDateFormat = 22/11/3333 isRTLlanguage = false returnDateFormat = E, d MMMM
D/KeyguardProperties(  932): regionalDateFormat = 22/11/3333 isRTLlanguage = false returnDateFormat = E, d MMMM
D/SecKeyguardClock(  932): updateSingleClock(): 17:24
D/SecKeyguardClock(  932): HomeTimezone(): 0
D/SecKeyguardClock(  932): size=1 fontSize=115 lp.leftMargin=-7
D/SecKeyguardClock(  932): refreshAlarm(): 
D/SecMyProfile(  932): pkg=com.monotype.android.font.samsungsansfile=fonts/Samsungsans.ttf
D/KeyguardProperties(  932): regionalDateFormat = 22/11/3333 isRTLlanguage = false returnDateFormat = E, d MMMM
D/SecMyProfile(  932): refreshAlarm(): 
W/ProcessCpuTracker(  756): Skipping unknown process pid 18114
D/SSRMv2  (  756): SIOP:: AP = 300 (0), Delta = 0
D/NtpTrustedTime(  756): currentTimeMillis() cache hit
V/AlarmManager(  756): waitForAlarm result :4
V/NetworkStats(  756): performPollLocked(flags=0x3)
V/AlarmManager(  756): trigger ELAPSED_REALTIME_WAKEUP or RTC_WAKEUP
D/BatteryService(  756): !@BatteryListener : batteryPropertiesChanged!
D/BatteryService(  756): level:90, scale:100, status:3, health:2, present:true, voltage: 4344, temperature: 259, technology: Li-ion, AC powered:false, USB powered:true, Wireless powered:false, icon:17303663, invalid charger:0, online:4, current avg:364, charge type:2, power sharing:false, high voltage charger:false, capacity:280000, current_now:364
D/BatteryService(  756): Sending ACTION_BATTERY_CHANGED.
D/KeyguardUpdateMonitor(  932): received broadcast android.intent.action.BATTERY_CHANGED
D/KeyguardUpdateMonitor(  932): handleBatteryUpdate
D/STATUSBAR-PhoneStatusBar(  932):  mBrightnessEnablebySettings = true mBrightnessEnablebyBattery = true mBrightnessEnablebyDisableFlag = true mPmsBrightnessEnablebySettings = true
D/BatteryMeterView(  932): ACTION_BATTERY_CHANGED : level:90 status:3 health:2isPlug: true
V/HeadsetService( 1741): HeadsetService - Received Intent.ACTION_BATTERY_CHANGED
D/HeadsetStateMachine( 1741): Disconnected process message: 10
V/AlarmManager(  756): trigger ELAPSED_REALTIME_WAKEUP or RTC_WAKEUP
V/AlarmManager(  756): trigger ELAPSED_REALTIME_WAKEUP or RTC_WAKEUP
D/STATUSBAR-IconMerger(  932): checkOverflow(560), More:false, Req:false Child:5
V/AlarmManager(  756): trigger ELAPSED_REALTIME_WAKEUP or RTC_WAKEUP
D/NtpTrustedTime(  756): currentTimeMillis() cache hit
V/NetworkStats(  756): performPollLocked() took 313ms
D/EnterpriseDeviceManagerService(  756): Creating context as user 0
D/NtpTrustedTime(  756): currentTimeMillis() cache hit
D/NtpTrustedTime(  756): currentTimeMillis() cache hit
D/GCM     ( 4578): Message class com.google.f.a.a.i
D/ConnectivityManager( 4578): getActiveNetworkInfo : NetworkInfo: type: WIFI[], state: CONNECTED/CONNECTED, reason: (unspecified), roaming: false, failover: false, isAvailable: true, isConnectedToProvisioningNetwork: false
V/BackupManagerService(  756): Running a backup pass
V/BackupManagerService(  756): clearing pending backups
D/ConnectivityManager( 4578): getActiveNetworkInfo : NetworkInfo: type: WIFI[], state: CONNECTED/CONNECTED, reason: (unspecified), roaming: false, failover: false, isAvailable: true, isConnectedToProvisioningNetwork: false
